#
# There is insufficient memory for the Java Runtime Environment to continue.
# Native memory allocation (malloc) failed to allocate 1048576 bytes. Error detail: AllocateHeap
# Possible reasons:
#   The system is out of physical RAM or swap space
#   This process is running with CompressedOops enabled, and the Java Heap may be blocking the growth of the native heap
# Possible solutions:
#   Reduce memory load on the system
#   Increase physical memory or swap space
#   Check if swap backing store is full
#   Decrease Java heap size (-Xmx/-Xms)
#   Decrease number of Java threads
#   Decrease Java thread stack sizes (-Xss)
#   Set larger code cache with -XX:ReservedCodeCacheSize=
#   JVM is running with Unscaled Compressed Oops mode in which the Java heap is
#     placed in the first 4GB address space. The Java Heap base address is the
#     maximum limit for the native heap growth. Please use -XX:HeapBaseMinAddress
#     to set the Java Heap base and to place the Java Heap above 4GB virtual address.
# This output file may be truncated or incomplete.
#
#  Out of Memory Error (allocation.cpp:44), pid=14944, tid=16380
#
# JRE version: OpenJDK Runtime Environment Temurin-21.0.10+7 (21.0.10+7) (build 21.0.10+7-LTS)
# Java VM: OpenJDK 64-Bit Server VM Temurin-21.0.10+7 (21.0.10+7-LTS, mixed mode, sharing, tiered, compressed oops, compressed class ptrs, parallel gc, windows-amd64)
# No core dump will be written. Minidumps are not enabled by default on client versions of Windows
#

---------------  S U M M A R Y ------------

Command Line: --add-modules=ALL-SYSTEM --add-opens=java.base/java.util=ALL-UNNAMED --add-opens=java.base/java.lang=ALL-UNNAMED --add-opens=java.base/sun.nio.fs=ALL-UNNAMED -Declipse.application=org.eclipse.jdt.ls.core.id1 -Dosgi.bundles.defaultStartLevel=4 -Declipse.product=org.eclipse.jdt.ls.core.product -Djava.import.generatesMetadataFilesAtProjectRoot=false -DDetectVMInstallationsJob.disabled=true -Dfile.encoding=utf8 -XX:+UseParallelGC -XX:GCTimeRatio=4 -XX:AdaptiveSizePolicyWeight=90 -Dsun.zip.disableMemoryMapping=true -Xmx2G -Xms100m -Xlog:disable -javaagent:c:\Users\ajani\.vscode\extensions\redhat.java-1.54.0-win32-x64\lombok\lombok-1.18.39-4050.jar -XX:+HeapDumpOnOutOfMemoryError -XX:HeapDumpPath=c:\Users\ajani\AppData\Roaming\Code\User\workspaceStorage\a114b080c051d0f1d1a0b43b3d7ccec4\redhat.java -Daether.dependencyCollector.impl=bf c:\Users\ajani\.vscode\extensions\redhat.java-1.54.0-win32-x64\server\plugins\org.eclipse.equinox.launcher_1.7.100.v20251111-0406.jar -configuration c:\Users\ajani\AppData\Roaming\Code\User\globalStorage\redhat.java\1.54.0\config_win -data c:\Users\ajani\AppData\Roaming\Code\User\workspaceStorage\a114b080c051d0f1d1a0b43b3d7ccec4\redhat.java\jdt_ws --pipe=\\.\pipe\lsp-da982c90aa96beac9004162e61ce238a-sock

Host: Intel(R) Celeron(R) N4000 CPU @ 1.10GHz, 2 cores, 3G,  Windows 11 , 64 bit Build 26100 (10.0.26100.7623)
Time: Mon Jun  8 08:38:01 2026 W. Central Africa Standard Time elapsed time: 1322.410862 seconds (0d 0h 22m 2s)

---------------  T H R E A D  ---------------

Current thread (0x0000012bfa54e1e0):  JavaThread "Attach Listener" daemon [_thread_in_vm, id=16380, stack(0x0000001fa4400000,0x0000001fa4500000) (1024K)]

Stack: [0x0000001fa4400000,0x0000001fa4500000]
Native frames: (J=compiled Java code, j=interpreted, Vv=VM code, C=native code)
V  [jvm.dll+0x6d7a39]
V  [jvm.dll+0x8b4b26]
V  [jvm.dll+0x8b70de]
V  [jvm.dll+0x8b77c3]
V  [jvm.dll+0x284346]
V  [jvm.dll+0xc1277]
V  [jvm.dll+0x6d82e9]
V  [jvm.dll+0x1334a6]
V  [jvm.dll+0x3f857e]
V  [jvm.dll+0x85f59d]
V  [jvm.dll+0x6d626d]
C  [ucrtbase.dll+0x37b0]
C  [KERNEL32.DLL+0x2e8d7]
C  [ntdll.dll+0x8c53c]


---------------  P R O C E S S  ---------------

Threads class SMR info:
_java_thread_list=0x0000012bdc42e540, length=38, elements={
0x0000012bf0ead590, 0x0000012bfa546550, 0x0000012bfa548aa0, 0x0000012bfa54b270,
0x0000012bfa54e1e0, 0x0000012bfa5591f0, 0x0000012bfa55d150, 0x0000012bfa55fbb0,
0x0000012bfa5cc740, 0x0000012bff0d7170, 0x0000012bff233950, 0x0000012bff527640,
0x0000012bff92e7d0, 0x0000012bffb1ac20, 0x0000012bfa60be00, 0x0000012bffbf0980,
0x0000012bd0815670, 0x0000012bff160580, 0x0000012bd03675e0, 0x0000012bd0368990,
0x0000012bd0366f50, 0x0000012bd08c2ed0, 0x0000012bd08c1490, 0x0000012bd08c3560,
0x0000012bd08c0770, 0x0000012bd08c4280, 0x0000012bd08c21b0, 0x0000012bd08c6350,
0x0000012bdc39b540, 0x0000012bdc39c260, 0x0000012bd1eb8ad0, 0x0000012bd1eb6370,
0x0000012bd1ebaba0, 0x0000012bd1eb7db0, 0x0000012bd1eb97f0, 0x0000012bdc39d610,
0x0000012bdc39f050, 0x0000012bdc39e330
}

Java Threads: ( => current thread )
  0x0000012bf0ead590 JavaThread "main"                              [_thread_blocked, id=16588, stack(0x0000001fa3d00000,0x0000001fa3e00000) (1024K)]
  0x0000012bfa546550 JavaThread "Reference Handler"          daemon [_thread_blocked, id=16964, stack(0x0000001fa4100000,0x0000001fa4200000) (1024K)]
  0x0000012bfa548aa0 JavaThread "Finalizer"                  daemon [_thread_blocked, id=14152, stack(0x0000001fa4200000,0x0000001fa4300000) (1024K)]
  0x0000012bfa54b270 JavaThread "Signal Dispatcher"          daemon [_thread_blocked, id=2336, stack(0x0000001fa4300000,0x0000001fa4400000) (1024K)]
=>0x0000012bfa54e1e0 JavaThread "Attach Listener"            daemon [_thread_in_vm, id=16380, stack(0x0000001fa4400000,0x0000001fa4500000) (1024K)]
  0x0000012bfa5591f0 JavaThread "Service Thread"             daemon [_thread_blocked, id=17604, stack(0x0000001fa4500000,0x0000001fa4600000) (1024K)]
  0x0000012bfa55d150 JavaThread "Monitor Deflation Thread"   daemon [_thread_blocked, id=10368, stack(0x0000001fa4600000,0x0000001fa4700000) (1024K)]
  0x0000012bfa55fbb0 JavaThread "C2 CompilerThread0"         daemon [_thread_blocked, id=11680, stack(0x0000001fa4700000,0x0000001fa4800000) (1024K)]
  0x0000012bfa5cc740 JavaThread "C1 CompilerThread0"         daemon [_thread_blocked, id=14812, stack(0x0000001fa4800000,0x0000001fa4900000) (1024K)]
  0x0000012bff0d7170 JavaThread "Common-Cleaner"             daemon [_thread_blocked, id=1248, stack(0x0000001fa4900000,0x0000001fa4a00000) (1024K)]
  0x0000012bff233950 JavaThread "Notification Thread"        daemon [_thread_blocked, id=18568, stack(0x0000001fa4a00000,0x0000001fa4b00000) (1024K)]
  0x0000012bff527640 JavaThread "Active Thread: Equinox Container: 9f39f0c3-029d-4477-83b5-10d9a6e7cb6f"        [_thread_blocked, id=6620, stack(0x0000001fa4c00000,0x0000001fa4d00000) (1024K)]
  0x0000012bff92e7d0 JavaThread "Refresh Thread: Equinox Container: 9f39f0c3-029d-4477-83b5-10d9a6e7cb6f" daemon [_thread_blocked, id=12448, stack(0x0000001fa4d00000,0x0000001fa4e00000) (1024K)]
  0x0000012bffb1ac20 JavaThread "Framework Event Dispatcher: Equinox Container: 9f39f0c3-029d-4477-83b5-10d9a6e7cb6f" daemon [_thread_blocked, id=10796, stack(0x0000001fa4e00000,0x0000001fa4f00000) (1024K)]
  0x0000012bfa60be00 JavaThread "Start Level: Equinox Container: 9f39f0c3-029d-4477-83b5-10d9a6e7cb6f" daemon [_thread_blocked, id=16624, stack(0x0000001fa4f00000,0x0000001fa5000000) (1024K)]
  0x0000012bffbf0980 JavaThread "Bundle File Closer"         daemon [_thread_blocked, id=8124, stack(0x0000001fa5000000,0x0000001fa5100000) (1024K)]
  0x0000012bd0815670 JavaThread "SCR Component Actor"        daemon [_thread_blocked, id=10300, stack(0x0000001fa5100000,0x0000001fa5200000) (1024K)]
  0x0000012bff160580 JavaThread "Worker-JM"                         [_thread_blocked, id=17020, stack(0x0000001fa5200000,0x0000001fa5300000) (1024K)]
  0x0000012bd03675e0 JavaThread "JNA Cleaner"                daemon [_thread_blocked, id=7788, stack(0x0000001fa5300000,0x0000001fa5400000) (1024K)]
  0x0000012bd0368990 JavaThread "Java indexing"              daemon [_thread_blocked, id=11812, stack(0x0000001fa5700000,0x0000001fa5800000) (1024K)]
  0x0000012bd0366f50 JavaThread "Thread-1"                   daemon [_thread_in_native, id=1600, stack(0x0000001fa5c00000,0x0000001fa5d00000) (1024K)]
  0x0000012bd08c2ed0 JavaThread "Thread-2"                   daemon [_thread_blocked, id=5028, stack(0x0000001fa5d00000,0x0000001fa5e00000) (1024K)]
  0x0000012bd08c1490 JavaThread "Thread-3"                   daemon [_thread_in_native, id=17904, stack(0x0000001fa5e00000,0x0000001fa5f00000) (1024K)]
  0x0000012bd08c3560 JavaThread "pool-2-thread-1"                   [_thread_blocked, id=12568, stack(0x0000001fa5f00000,0x0000001fa6000000) (1024K)]
  0x0000012bd08c0770 JavaThread "WorkspaceEventsHandler"            [_thread_blocked, id=13320, stack(0x0000001fa6000000,0x0000001fa6100000) (1024K)]
  0x0000012bd08c4280 JavaThread "pool-1-thread-1"                   [_thread_blocked, id=12552, stack(0x0000001fa6100000,0x0000001fa6200000) (1024K)]
  0x0000012bd08c21b0 JavaThread "Worker-5"                          [_thread_blocked, id=11552, stack(0x0000001fa6300000,0x0000001fa6400000) (1024K)]
  0x0000012bd08c6350 JavaThread "Worker-8"                          [_thread_blocked, id=13860, stack(0x0000001fa5600000,0x0000001fa5700000) (1024K)]
  0x0000012bdc39b540 JavaThread "Cleaner-0"                  daemon [_thread_blocked, id=15808, stack(0x0000001fa3b00000,0x0000001fa3c00000) (1024K)]
  0x0000012bdc39c260 JavaThread "ForkJoinPool.commonPool-worker-7" daemon [_thread_blocked, id=14884, stack(0x0000001fa5500000,0x0000001fa5600000) (1024K)]
  0x0000012bd1eb8ad0 JavaThread "Worker-13"                         [_thread_blocked, id=2372, stack(0x0000001fa5400000,0x0000001fa5500000) (1024K)]
  0x0000012bd1eb6370 JavaThread "HttpClient-1-SelectorManager" daemon [_thread_in_native, id=6644, stack(0x0000001fa5800000,0x0000001fa5900000) (1024K)]
  0x0000012bd1ebaba0 JavaThread "HttpClient-1-Worker-0"      daemon [_thread_blocked, id=10872, stack(0x0000001fa5a00000,0x0000001fa5b00000) (1024K)]
  0x0000012bd1eb7db0 JavaThread "HttpClient-1-Worker-1"      daemon [_thread_blocked, id=17404, stack(0x0000001fa6200000,0x0000001fa6300000) (1024K)]
  0x0000012bd1eb97f0 JavaThread "Worker-14"                         [_thread_blocked, id=16056, stack(0x0000001fa3c00000,0x0000001fa3d00000) (1024K)]
  0x0000012bdc39d610 JavaThread "Compiler Processing Task"   daemon [_thread_blocked, id=16404, stack(0x0000001fa6400000,0x0000001fa6500000) (1024K)]
  0x0000012bdc39f050 JavaThread "Worker-15"                         [_thread_blocked, id=7760, stack(0x0000001fa6500000,0x0000001fa6600000) (1024K)]
  0x0000012bdc39e330 JavaThread "Worker-16"                         [_thread_blocked, id=3136, stack(0x0000001fa5b00000,0x0000001fa5c00000) (1024K)]
Total: 38

Other Threads:
  0x0000012bf0f6b840 VMThread "VM Thread"                           [id=10772, stack(0x0000001fa4000000,0x0000001fa4100000) (1024K)] _threads_hazard_ptr=0x0000012bdc42e540
  0x0000012bfa52cb00 WatcherThread "VM Periodic Task Thread"        [id=9348, stack(0x0000001fa3f00000,0x0000001fa4000000) (1024K)]
  0x0000012bf0ecab90 WorkerThread "GC Thread#0"                     [id=16800, stack(0x0000001fa3e00000,0x0000001fa3f00000) (1024K)]
  0x0000012bff455fc0 WorkerThread "GC Thread#1"                     [id=16432, stack(0x0000001fa4b00000,0x0000001fa4c00000) (1024K)]
Total: 4

Threads with active compile tasks:
Total: 0

VM state: synchronizing (normal execution)

VM Mutex/Monitor currently owned by a thread:  ([mutex/lock_event])
[0x00007ffacdede560] Threads_lock - owner thread: 0x0000012bf0f6b840

Heap address: 0x0000000080000000, size: 2048 MB, Compressed Oops mode: 32-bit

CDS archive(s) mapped at: [0x0000012b8f000000-0x0000012b8fba0000-0x0000012b8fba0000), size 12189696, SharedBaseAddress: 0x0000012b8f000000, ArchiveRelocationMode: 1.
Compressed class space mapped at: 0x0000012b90000000-0x0000012bd0000000, reserved size: 1073741824
Narrow klass base: 0x0000012b8f000000, Narrow klass shift: 0, Narrow klass range: 0x100000000

GC Precious Log:
 CardTable entry size: 512
 CPUs: 2 total, 2 available
 Memory: 3911M
 Large Page Support: Disabled
 NUMA Support: Disabled
 Compressed Oops: Enabled (32-bit)
 Alignments: Space 512K, Generation 512K, Heap 2M
 Heap Min Capacity: 100M
 Heap Initial Capacity: 100M
 Heap Max Capacity: 2G
 Pre-touch: Disabled
 Parallel Workers: 2

Heap:
 PSYoungGen      total 13312K, used 7582K [0x00000000d5580000, 0x00000000d6380000, 0x0000000100000000)
  eden space 12288K, 58% used [0x00000000d5580000,0x00000000d5c8d6c0,0x00000000d6180000)
  from space 1024K, 35% used [0x00000000d6180000,0x00000000d61da1b0,0x00000000d6280000)
  to   space 512K, 0% used [0x00000000d6300000,0x00000000d6300000,0x00000000d6380000)
 ParOldGen       total 546816K, used 254033K [0x0000000080000000, 0x00000000a1600000, 0x00000000d5580000)
  object space 546816K, 46% used [0x0000000080000000,0x000000008f814460,0x00000000a1600000)
 Metaspace       used 95161K, committed 97088K, reserved 1179648K
  class space    used 9760K, committed 10624K, reserved 1048576K

Card table byte_map: [0x0000012bf5960000,0x0000012bf5d70000] _byte_map_base: 0x0000012bf5560000

Marking Bits: (ParMarkBitMap*) 0x00007ffacdee3450
 Begin Bits: [0x0000012bf6020000, 0x0000012bf8020000)
 End Bits:   [0x0000012bf8020000, 0x0000012bfa020000)

Polling page: 0x0000012bf0b50000

Metaspace:

Usage:
  Non-class:     83.40 MB used.
      Class:      9.53 MB used.
       Both:     92.93 MB used.

Virtual space:
  Non-class space:      128.00 MB reserved,      84.44 MB ( 66%) committed,  2 nodes.
      Class space:        1.00 GB reserved,      10.38 MB (  1%) committed,  1 nodes.
             Both:        1.12 GB reserved,      94.81 MB (  8%) committed. 

Chunk freelists:
   Non-Class:  11.09 MB
       Class:  5.64 MB
        Both:  16.73 MB

MaxMetaspaceSize: unlimited
CompressedClassSpaceSize: 1.00 GB
Initial GC threshold: 21.00 MB
Current GC threshold: 153.12 MB
CDS: on
 - commit_granule_bytes: 65536.
 - commit_granule_words: 8192.
 - virtual_space_node_default_size: 8388608.
 - enlarge_chunks_in_place: 1.
 - use_allocation_guard: 0.


Internal statistics:

num_allocs_failed_limit: 9.
num_arena_births: 1978.
num_arena_deaths: 14.
num_vsnodes_births: 3.
num_vsnodes_deaths: 0.
num_space_committed: 1517.
num_space_uncommitted: 0.
num_chunks_returned_to_freelist: 23.
num_chunks_taken_from_freelist: 6671.
num_chunk_merges: 12.
num_chunk_splits: 4036.
num_chunks_enlarged: 2195.
num_inconsistent_stats: 0.

CodeHeap 'non-profiled nmethods': size=120064Kb used=20014Kb max_used=20654Kb free=100049Kb
 bounds [0x0000012b87ac0000, 0x0000012b88ef0000, 0x0000012b8f000000]
CodeHeap 'profiled nmethods': size=120000Kb used=47682Kb max_used=54141Kb free=72318Kb
 bounds [0x0000012b80000000, 0x0000012b834e0000, 0x0000012b87530000]
CodeHeap 'non-nmethods': size=5696Kb used=1527Kb max_used=1578Kb free=4168Kb
 bounds [0x0000012b87530000, 0x0000012b877a0000, 0x0000012b87ac0000]
CodeCache: size=245760Kb, used=69223Kb, max_used=76373Kb, free=176535Kb
 total_blobs=20222, nmethods=19371, adapters=753, full_count=0
Compilation: enabled, stopped_count=0, restarted_count=0

Compilation events (20 events):
Event: 1321.712 Thread 0x0000012bfa55fbb0 nmethod 23362 0x0000012b87ba5a10 code [0x0000012b87ba5ba0, 0x0000012b87ba5c50]
Event: 1321.713 Thread 0x0000012bfa5cc740 nmethod 23359 0x0000012b80509790 code [0x0000012b80509bc0, 0x0000012b8050c4b0]
Event: 1321.713 Thread 0x0000012bfa5cc740 23360       3       org.eclipse.jdt.internal.compiler.ISourceElementRequestor$TypeInfo::<init> (16 bytes)
Event: 1321.714 Thread 0x0000012bfa5cc740 nmethod 23360 0x0000012b81c0ab10 code [0x0000012b81c0acc0, 0x0000012b81c0afd0]
Event: 1321.714 Thread 0x0000012bfa5cc740 23361       3       org.eclipse.jdt.internal.compiler.SourceElementNotifier::sourceEnd (44 bytes)
Event: 1321.714 Thread 0x0000012bfa55fbb0 23364       4       java.util.HashMap::removeNode (291 bytes)
Event: 1321.714 Thread 0x0000012bfa5cc740 nmethod 23361 0x0000012b8053ff90 code [0x0000012b80540140, 0x0000012b80540330]
Event: 1321.714 Thread 0x0000012bfa5cc740 23363       3       org.eclipse.jdt.internal.corext.dom.LocalVariableIndex::visit (10 bytes)
Event: 1321.715 Thread 0x0000012bfa5cc740 nmethod 23363 0x0000012b804c3010 code [0x0000012b804c3200, 0x0000012b804c36c8]
Event: 1321.715 Thread 0x0000012bfa5cc740 23365       3       org.eclipse.jdt.internal.corext.refactoring.code.ExtractMethodAnalyzer::compressArray (96 bytes)
Event: 1321.716 Thread 0x0000012bfa5cc740 nmethod 23365 0x0000012b8053bc90 code [0x0000012b8053be80, 0x0000012b8053c440]
Event: 1321.725 Thread 0x0000012bfa55fbb0 nmethod 23364 0x0000012b8808c510 code [0x0000012b8808c6e0, 0x0000012b8808cb90]
Event: 1321.725 Thread 0x0000012bfa5cc740 23366       3       java.util.regex.Pattern::split (8 bytes)
Event: 1321.726 Thread 0x0000012bfa5cc740 nmethod 23366 0x0000012b805f1490 code [0x0000012b805f1640, 0x0000012b805f1780]
Event: 1321.732 Thread 0x0000012bfa5cc740 23367   !   3       org.eclipse.jdt.ls.core.internal.text.correction.SourceAssistProcessor::getGenerateConstructorsAction (248 bytes)
Event: 1321.738 Thread 0x0000012bfa5cc740 nmethod 23367 0x0000012b8109ca10 code [0x0000012b8109cf20, 0x0000012b8109f820]
Event: 1321.739 Thread 0x0000012bfa5cc740 23369   !   3       org.eclipse.jdt.ls.core.internal.handlers.GenerateConstructorsHandler::checkConstructorStatus (402 bytes)
Event: 1321.748 Thread 0x0000012bfa5cc740 nmethod 23369 0x0000012b81547510 code [0x0000012b81547c20, 0x0000012b8154c558]
Event: 1321.748 Thread 0x0000012bfa5cc740 23368       3       org.eclipse.jdt.ls.core.internal.preferences.ClientPreferences::isGenerateConstructorsPromptSupported (22 bytes)
Event: 1321.749 Thread 0x0000012bfa5cc740 nmethod 23368 0x0000012b80c12f10 code [0x0000012b80c13100, 0x0000012b80c13458]

GC Heap History (20 events):
Event: 1307.915 GC heap before
{Heap before GC invocations=1257 (full 5):
 PSYoungGen      total 13824K, used 13811K [0x00000000d5580000, 0x00000000d6480000, 0x0000000100000000)
  eden space 13312K, 100% used [0x00000000d5580000,0x00000000d6280000,0x00000000d6280000)
  from space 512K, 97% used [0x00000000d6280000,0x00000000d62fccb0,0x00000000d6300000)
  to   space 1024K, 0% used [0x00000000d6380000,0x00000000d6380000,0x00000000d6480000)
 ParOldGen       total 546816K, used 246761K [0x0000000080000000, 0x00000000a1600000, 0x00000000d5580000)
  object space 546816K, 45% used [0x0000000080000000,0x000000008f0fa640,0x00000000a1600000)
 Metaspace       used 95122K, committed 97024K, reserved 1179648K
  class space    used 9760K, committed 10624K, reserved 1048576K
}
Event: 1307.925 GC heap after
{Heap after GC invocations=1257 (full 5):
 PSYoungGen      total 13824K, used 287K [0x00000000d5580000, 0x00000000d6400000, 0x0000000100000000)
  eden space 13312K, 0% used [0x00000000d5580000,0x00000000d5580000,0x00000000d6280000)
  from space 512K, 56% used [0x00000000d6380000,0x00000000d63c7ff0,0x00000000d6400000)
  to   space 512K, 0% used [0x00000000d6280000,0x00000000d6280000,0x00000000d6300000)
 ParOldGen       total 546816K, used 247171K [0x0000000080000000, 0x00000000a1600000, 0x00000000d5580000)
  object space 546816K, 45% used [0x0000000080000000,0x000000008f160d10,0x00000000a1600000)
 Metaspace       used 95122K, committed 97024K, reserved 1179648K
  class space    used 9760K, committed 10624K, reserved 1048576K
}
Event: 1308.045 GC heap before
{Heap before GC invocations=1258 (full 5):
 PSYoungGen      total 13824K, used 13599K [0x00000000d5580000, 0x00000000d6400000, 0x0000000100000000)
  eden space 13312K, 100% used [0x00000000d5580000,0x00000000d6280000,0x00000000d6280000)
  from space 512K, 56% used [0x00000000d6380000,0x00000000d63c7ff0,0x00000000d6400000)
  to   space 512K, 0% used [0x00000000d6280000,0x00000000d6280000,0x00000000d6300000)
 ParOldGen       total 546816K, used 247171K [0x0000000080000000, 0x00000000a1600000, 0x00000000d5580000)
  object space 546816K, 45% used [0x0000000080000000,0x000000008f160d10,0x00000000a1600000)
 Metaspace       used 95122K, committed 97024K, reserved 1179648K
  class space    used 9760K, committed 10624K, reserved 1048576K
}
Event: 1308.053 GC heap after
{Heap after GC invocations=1258 (full 5):
 PSYoungGen      total 13824K, used 160K [0x00000000d5580000, 0x00000000d6400000, 0x0000000100000000)
  eden space 13312K, 0% used [0x00000000d5580000,0x00000000d5580000,0x00000000d6280000)
  from space 512K, 31% used [0x00000000d6280000,0x00000000d62a8000,0x00000000d6300000)
  to   space 512K, 0% used [0x00000000d6380000,0x00000000d6380000,0x00000000d6400000)
 ParOldGen       total 546816K, used 247409K [0x0000000080000000, 0x00000000a1600000, 0x00000000d5580000)
  object space 546816K, 45% used [0x0000000080000000,0x000000008f19c6b0,0x00000000a1600000)
 Metaspace       used 95122K, committed 97024K, reserved 1179648K
  class space    used 9760K, committed 10624K, reserved 1048576K
}
Event: 1308.684 GC heap before
{Heap before GC invocations=1259 (full 5):
 PSYoungGen      total 13824K, used 13472K [0x00000000d5580000, 0x00000000d6400000, 0x0000000100000000)
  eden space 13312K, 100% used [0x00000000d5580000,0x00000000d6280000,0x00000000d6280000)
  from space 512K, 31% used [0x00000000d6280000,0x00000000d62a8000,0x00000000d6300000)
  to   space 512K, 0% used [0x00000000d6380000,0x00000000d6380000,0x00000000d6400000)
 ParOldGen       total 546816K, used 247409K [0x0000000080000000, 0x00000000a1600000, 0x00000000d5580000)
  object space 546816K, 45% used [0x0000000080000000,0x000000008f19c6b0,0x00000000a1600000)
 Metaspace       used 95123K, committed 97024K, reserved 1179648K
  class space    used 9760K, committed 10624K, reserved 1048576K
}
Event: 1308.696 GC heap after
{Heap after GC invocations=1259 (full 5):
 PSYoungGen      total 13824K, used 288K [0x00000000d5580000, 0x00000000d6400000, 0x0000000100000000)
  eden space 13312K, 0% used [0x00000000d5580000,0x00000000d5580000,0x00000000d6280000)
  from space 512K, 56% used [0x00000000d6380000,0x00000000d63c8240,0x00000000d6400000)
  to   space 512K, 0% used [0x00000000d6280000,0x00000000d6280000,0x00000000d6300000)
 ParOldGen       total 546816K, used 247521K [0x0000000080000000, 0x00000000a1600000, 0x00000000d5580000)
  object space 546816K, 45% used [0x0000000080000000,0x000000008f1b86b0,0x00000000a1600000)
 Metaspace       used 95123K, committed 97024K, reserved 1179648K
  class space    used 9760K, committed 10624K, reserved 1048576K
}
Event: 1310.335 GC heap before
{Heap before GC invocations=1260 (full 5):
 PSYoungGen      total 13824K, used 13600K [0x00000000d5580000, 0x00000000d6400000, 0x0000000100000000)
  eden space 13312K, 99% used [0x00000000d5580000,0x00000000d627ff40,0x00000000d6280000)
  from space 512K, 56% used [0x00000000d6380000,0x00000000d63c8240,0x00000000d6400000)
  to   space 512K, 0% used [0x00000000d6280000,0x00000000d6280000,0x00000000d6300000)
 ParOldGen       total 546816K, used 247521K [0x0000000080000000, 0x00000000a1600000, 0x00000000d5580000)
  object space 546816K, 45% used [0x0000000080000000,0x000000008f1b86b0,0x00000000a1600000)
 Metaspace       used 95123K, committed 97024K, reserved 1179648K
  class space    used 9760K, committed 10624K, reserved 1048576K
}
Event: 1310.351 GC heap after
{Heap after GC invocations=1260 (full 5):
 PSYoungGen      total 13824K, used 512K [0x00000000d5580000, 0x00000000d6580000, 0x0000000100000000)
  eden space 13312K, 0% used [0x00000000d5580000,0x00000000d5580000,0x00000000d6280000)
  from space 512K, 100% used [0x00000000d6280000,0x00000000d6300000,0x00000000d6300000)
  to   space 1536K, 0% used [0x00000000d6400000,0x00000000d6400000,0x00000000d6580000)
 ParOldGen       total 546816K, used 248227K [0x0000000080000000, 0x00000000a1600000, 0x00000000d5580000)
  object space 546816K, 45% used [0x0000000080000000,0x000000008f268e90,0x00000000a1600000)
 Metaspace       used 95123K, committed 97024K, reserved 1179648K
  class space    used 9760K, committed 10624K, reserved 1048576K
}
Event: 1311.592 GC heap before
{Heap before GC invocations=1261 (full 5):
 PSYoungGen      total 13824K, used 13824K [0x00000000d5580000, 0x00000000d6580000, 0x0000000100000000)
  eden space 13312K, 100% used [0x00000000d5580000,0x00000000d6280000,0x00000000d6280000)
  from space 512K, 100% used [0x00000000d6280000,0x00000000d6300000,0x00000000d6300000)
  to   space 1536K, 0% used [0x00000000d6400000,0x00000000d6400000,0x00000000d6580000)
 ParOldGen       total 546816K, used 248227K [0x0000000080000000, 0x00000000a1600000, 0x00000000d5580000)
  object space 546816K, 45% used [0x0000000080000000,0x000000008f268e90,0x00000000a1600000)
 Metaspace       used 95124K, committed 97024K, reserved 1179648K
  class space    used 9760K, committed 10624K, reserved 1048576K
}
Event: 1311.614 GC heap after
{Heap after GC invocations=1261 (full 5):
 PSYoungGen      total 13824K, used 1521K [0x00000000d5580000, 0x00000000d6780000, 0x0000000100000000)
  eden space 12288K, 0% used [0x00000000d5580000,0x00000000d5580000,0x00000000d6180000)
  from space 1536K, 99% used [0x00000000d6400000,0x00000000d657c728,0x00000000d6580000)
  to   space 2560K, 0% used [0x00000000d6180000,0x00000000d6180000,0x00000000d6400000)
 ParOldGen       total 546816K, used 248943K [0x0000000080000000, 0x00000000a1600000, 0x00000000d5580000)
  object space 546816K, 45% used [0x0000000080000000,0x000000008f31bf10,0x00000000a1600000)
 Metaspace       used 95124K, committed 97024K, reserved 1179648K
  class space    used 9760K, committed 10624K, reserved 1048576K
}
Event: 1312.481 GC heap before
{Heap before GC invocations=1262 (full 5):
 PSYoungGen      total 13824K, used 13809K [0x00000000d5580000, 0x00000000d6780000, 0x0000000100000000)
  eden space 12288K, 100% used [0x00000000d5580000,0x00000000d6180000,0x00000000d6180000)
  from space 1536K, 99% used [0x00000000d6400000,0x00000000d657c728,0x00000000d6580000)
  to   space 2560K, 0% used [0x00000000d6180000,0x00000000d6180000,0x00000000d6400000)
 ParOldGen       total 546816K, used 248943K [0x0000000080000000, 0x00000000a1600000, 0x00000000d5580000)
  object space 546816K, 45% used [0x0000000080000000,0x000000008f31bf10,0x00000000a1600000)
 Metaspace       used 95124K, committed 97024K, reserved 1179648K
  class space    used 9760K, committed 10624K, reserved 1048576K
}
Event: 1312.498 GC heap after
{Heap after GC invocations=1262 (full 5):
 PSYoungGen      total 12800K, used 512K [0x00000000d5580000, 0x00000000d6480000, 0x0000000100000000)
  eden space 12288K, 0% used [0x00000000d5580000,0x00000000d5580000,0x00000000d6180000)
  from space 512K, 100% used [0x00000000d6180000,0x00000000d6200000,0x00000000d6200000)
  to   space 1536K, 0% used [0x00000000d6300000,0x00000000d6300000,0x00000000d6480000)
 ParOldGen       total 546816K, used 249640K [0x0000000080000000, 0x00000000a1600000, 0x00000000d5580000)
  object space 546816K, 45% used [0x0000000080000000,0x000000008f3ca308,0x00000000a1600000)
 Metaspace       used 95124K, committed 97024K, reserved 1179648K
  class space    used 9760K, committed 10624K, reserved 1048576K
}
Event: 1315.410 GC heap before
{Heap before GC invocations=1263 (full 5):
 PSYoungGen      total 12800K, used 12800K [0x00000000d5580000, 0x00000000d6480000, 0x0000000100000000)
  eden space 12288K, 100% used [0x00000000d5580000,0x00000000d6180000,0x00000000d6180000)
  from space 512K, 100% used [0x00000000d6180000,0x00000000d6200000,0x00000000d6200000)
  to   space 1536K, 0% used [0x00000000d6300000,0x00000000d6300000,0x00000000d6480000)
 ParOldGen       total 546816K, used 249640K [0x0000000080000000, 0x00000000a1600000, 0x00000000d5580000)
  object space 546816K, 45% used [0x0000000080000000,0x000000008f3ca308,0x00000000a1600000)
 Metaspace       used 95131K, committed 97024K, reserved 1179648K
  class space    used 9760K, committed 10624K, reserved 1048576K
}
Event: 1315.450 GC heap after
{Heap after GC invocations=1263 (full 5):
 PSYoungGen      total 13824K, used 1225K [0x00000000d5580000, 0x00000000d6480000, 0x0000000100000000)
  eden space 12288K, 0% used [0x00000000d5580000,0x00000000d5580000,0x00000000d6180000)
  from space 1536K, 79% used [0x00000000d6300000,0x00000000d64326f8,0x00000000d6480000)
  to   space 1536K, 0% used [0x00000000d6180000,0x00000000d6180000,0x00000000d6300000)
 ParOldGen       total 546816K, used 251417K [0x0000000080000000, 0x00000000a1600000, 0x00000000d5580000)
  object space 546816K, 45% used [0x0000000080000000,0x000000008f586568,0x00000000a1600000)
 Metaspace       used 95131K, committed 97024K, reserved 1179648K
  class space    used 9760K, committed 10624K, reserved 1048576K
}
Event: 1316.344 GC heap before
{Heap before GC invocations=1264 (full 5):
 PSYoungGen      total 13824K, used 13513K [0x00000000d5580000, 0x00000000d6480000, 0x0000000100000000)
  eden space 12288K, 100% used [0x00000000d5580000,0x00000000d6180000,0x00000000d6180000)
  from space 1536K, 79% used [0x00000000d6300000,0x00000000d64326f8,0x00000000d6480000)
  to   space 1536K, 0% used [0x00000000d6180000,0x00000000d6180000,0x00000000d6300000)
 ParOldGen       total 546816K, used 251417K [0x0000000080000000, 0x00000000a1600000, 0x00000000d5580000)
  object space 546816K, 45% used [0x0000000080000000,0x000000008f586568,0x00000000a1600000)
 Metaspace       used 95131K, committed 97024K, reserved 1179648K
  class space    used 9760K, committed 10624K, reserved 1048576K
}
Event: 1316.357 GC heap after
{Heap after GC invocations=1264 (full 5):
 PSYoungGen      total 13824K, used 1328K [0x00000000d5580000, 0x00000000d6480000, 0x0000000100000000)
  eden space 12288K, 0% used [0x00000000d5580000,0x00000000d5580000,0x00000000d6180000)
  from space 1536K, 86% used [0x00000000d6180000,0x00000000d62cc2d8,0x00000000d6300000)
  to   space 1536K, 0% used [0x00000000d6300000,0x00000000d6300000,0x00000000d6480000)
 ParOldGen       total 546816K, used 252420K [0x0000000080000000, 0x00000000a1600000, 0x00000000d5580000)
  object space 546816K, 46% used [0x0000000080000000,0x000000008f681018,0x00000000a1600000)
 Metaspace       used 95131K, committed 97024K, reserved 1179648K
  class space    used 9760K, committed 10624K, reserved 1048576K
}
Event: 1317.315 GC heap before
{Heap before GC invocations=1265 (full 5):
 PSYoungGen      total 13824K, used 12095K [0x00000000d5580000, 0x00000000d6480000, 0x0000000100000000)
  eden space 12288K, 87% used [0x00000000d5580000,0x00000000d6003b28,0x00000000d6180000)
  from space 1536K, 86% used [0x00000000d6180000,0x00000000d62cc2d8,0x00000000d6300000)
  to   space 1536K, 0% used [0x00000000d6300000,0x00000000d6300000,0x00000000d6480000)
 ParOldGen       total 546816K, used 252420K [0x0000000080000000, 0x00000000a1600000, 0x00000000d5580000)
  object space 546816K, 46% used [0x0000000080000000,0x000000008f681018,0x00000000a1600000)
 Metaspace       used 95136K, committed 97024K, reserved 1179648K
  class space    used 9760K, committed 10624K, reserved 1048576K
}
Event: 1317.333 GC heap after
{Heap after GC invocations=1265 (full 5):
 PSYoungGen      total 12800K, used 435K [0x00000000d5580000, 0x00000000d6380000, 0x0000000100000000)
  eden space 12288K, 0% used [0x00000000d5580000,0x00000000d5580000,0x00000000d6180000)
  from space 512K, 84% used [0x00000000d6300000,0x00000000d636cc30,0x00000000d6380000)
  to   space 1024K, 0% used [0x00000000d6180000,0x00000000d6180000,0x00000000d6280000)
 ParOldGen       total 546816K, used 253641K [0x0000000080000000, 0x00000000a1600000, 0x00000000d5580000)
  object space 546816K, 46% used [0x0000000080000000,0x000000008f7b25a0,0x00000000a1600000)
 Metaspace       used 95136K, committed 97024K, reserved 1179648K
  class space    used 9760K, committed 10624K, reserved 1048576K
}
Event: 1319.427 GC heap before
{Heap before GC invocations=1266 (full 5):
 PSYoungGen      total 12800K, used 12723K [0x00000000d5580000, 0x00000000d6380000, 0x0000000100000000)
  eden space 12288K, 100% used [0x00000000d5580000,0x00000000d6180000,0x00000000d6180000)
  from space 512K, 84% used [0x00000000d6300000,0x00000000d636cc30,0x00000000d6380000)
  to   space 1024K, 0% used [0x00000000d6180000,0x00000000d6180000,0x00000000d6280000)
 ParOldGen       total 546816K, used 253641K [0x0000000080000000, 0x00000000a1600000, 0x00000000d5580000)
  object space 546816K, 46% used [0x0000000080000000,0x000000008f7b25a0,0x00000000a1600000)
 Metaspace       used 95136K, committed 97024K, reserved 1179648K
  class space    used 9760K, committed 10624K, reserved 1048576K
}
Event: 1319.434 GC heap after
{Heap after GC invocations=1266 (full 5):
 PSYoungGen      total 13312K, used 360K [0x00000000d5580000, 0x00000000d6380000, 0x0000000100000000)
  eden space 12288K, 0% used [0x00000000d5580000,0x00000000d5580000,0x00000000d6180000)
  from space 1024K, 35% used [0x00000000d6180000,0x00000000d61da1b0,0x00000000d6280000)
  to   space 512K, 0% used [0x00000000d6300000,0x00000000d6300000,0x00000000d6380000)
 ParOldGen       total 546816K, used 254033K [0x0000000080000000, 0x00000000a1600000, 0x00000000d5580000)
  object space 546816K, 46% used [0x0000000080000000,0x000000008f814460,0x00000000a1600000)
 Metaspace       used 95136K, committed 97024K, reserved 1179648K
  class space    used 9760K, committed 10624K, reserved 1048576K
}

Dll operation events (12 events):
Event: 0.117 Loaded shared library c:\Users\ajani\.vscode\extensions\redhat.java-1.54.0-win32-x64\jre\21.0.10-win32-x86_64\bin\java.dll
Event: 2.343 Loaded shared library c:\Users\ajani\.vscode\extensions\redhat.java-1.54.0-win32-x64\jre\21.0.10-win32-x86_64\bin\zip.dll
Event: 2.442 Loaded shared library C:\Users\ajani\.vscode\extensions\redhat.java-1.54.0-win32-x64\jre\21.0.10-win32-x86_64\bin\instrument.dll
Event: 2.534 Loaded shared library C:\Users\ajani\.vscode\extensions\redhat.java-1.54.0-win32-x64\jre\21.0.10-win32-x86_64\bin\net.dll
Event: 2.638 Loaded shared library C:\Users\ajani\.vscode\extensions\redhat.java-1.54.0-win32-x64\jre\21.0.10-win32-x86_64\bin\nio.dll
Event: 2.668 Loaded shared library C:\Users\ajani\.vscode\extensions\redhat.java-1.54.0-win32-x64\jre\21.0.10-win32-x86_64\bin\zip.dll
Event: 3.428 Loaded shared library C:\Users\ajani\.vscode\extensions\redhat.java-1.54.0-win32-x64\jre\21.0.10-win32-x86_64\bin\jimage.dll
Event: 6.041 Loaded shared library c:\Users\ajani\.vscode\extensions\redhat.java-1.54.0-win32-x64\jre\21.0.10-win32-x86_64\bin\verify.dll
Event: 16.999 Loaded shared library C:\Users\ajani\AppData\Roaming\Code\User\globalStorage\redhat.java\1.54.0\config_win\org.eclipse.equinox.launcher\org.eclipse.equinox.launcher.win32.win32.x86_64_1.3.0.v20260203-2149\eclipse_11919.dll
Event: 30.463 Loaded shared library C:\Users\ajani\AppData\Local\Temp\jna-92836115\jna7332885230115211692.dll
Event: 95.722 Loaded shared library C:\Users\ajani\.vscode\extensions\redhat.java-1.54.0-win32-x64\jre\21.0.10-win32-x86_64\bin\sunmscapi.dll
Event: 102.853 Loaded shared library C:\Users\ajani\.vscode\extensions\redhat.java-1.54.0-win32-x64\jre\21.0.10-win32-x86_64\bin\extnet.dll

Deoptimization events (20 events):
Event: 1316.817 Thread 0x0000012bd08c7d90 Uncommon trap: trap_request=0xffffff45 fr.pc=0x0000012b88d8b290 relative=0x0000000000000570
Event: 1316.817 Thread 0x0000012bd08c7d90 Uncommon trap: reason=unstable_if action=reinterpret pc=0x0000012b88d8b290 method=org.eclipse.jdt.internal.compiler.parser.JavadocParser.checkDeprecation(I)Z @ 478 c2
Event: 1316.817 Thread 0x0000012bd08c7d90 DEOPT PACKING pc=0x0000012b88d8b290 sp=0x0000001fa80fdc60
Event: 1316.817 Thread 0x0000012bd08c7d90 DEOPT UNPACKING pc=0x0000012b87583a9c sp=0x0000001fa80fdbf0 mode 2
Event: 1316.821 Thread 0x0000012bd08c7d90 Uncommon trap: trap_request=0xffffff45 fr.pc=0x0000012b883e48bc relative=0x000000000000585c
Event: 1316.849 Thread 0x0000012bd08c7d90 Uncommon trap: reason=unstable_if action=reinterpret pc=0x0000012b883e48bc method=org.eclipse.jdt.ls.core.internal.handlers.InlayHintVisitor.resolveParameterInlayHints(Lorg/eclipse/jdt/core/dom/IMethodBinding;Ljava/util/List;)V @ 157 c2
Event: 1316.850 Thread 0x0000012bd08c7d90 DEOPT PACKING pc=0x0000012b883e48bc sp=0x0000001fa80fe3c0
Event: 1316.850 Thread 0x0000012bd08c7d90 DEOPT UNPACKING pc=0x0000012b87583a9c sp=0x0000001fa80fe3d8 mode 2
Event: 1316.860 Thread 0x0000012bd08c7d90 Uncommon trap: trap_request=0xffffffde fr.pc=0x0000012b886673b8 relative=0x0000000000001578
Event: 1316.860 Thread 0x0000012bd08c7d90 Uncommon trap: reason=class_check action=maybe_recompile pc=0x0000012b886673b8 method=org.eclipse.jdt.internal.compiler.parser.Parser.consumeRule(I)V @ 4207 c2
Event: 1316.860 Thread 0x0000012bd08c7d90 DEOPT PACKING pc=0x0000012b886673b8 sp=0x0000001fa80fdb10
Event: 1316.860 Thread 0x0000012bd08c7d90 DEOPT UNPACKING pc=0x0000012b87583a9c sp=0x0000001fa80fda90 mode 2
Event: 1317.376 Thread 0x0000012bd08c7d90 Uncommon trap: trap_request=0xffffffde fr.pc=0x0000012b88667068 relative=0x0000000000001228
Event: 1317.376 Thread 0x0000012bd08c7d90 Uncommon trap: reason=class_check action=maybe_recompile pc=0x0000012b88667068 method=org.eclipse.jdt.internal.compiler.parser.Parser.consumeRule(I)V @ 4736 c2
Event: 1317.376 Thread 0x0000012bd08c7d90 DEOPT PACKING pc=0x0000012b88667068 sp=0x0000001fa80fd950
Event: 1317.376 Thread 0x0000012bd08c7d90 DEOPT UNPACKING pc=0x0000012b87583a9c sp=0x0000001fa80fd8d0 mode 2
Event: 1317.559 Thread 0x0000012bd08c7d90 Uncommon trap: trap_request=0xffffffde fr.pc=0x0000012b886673b8 relative=0x0000000000001578
Event: 1317.559 Thread 0x0000012bd08c7d90 Uncommon trap: reason=class_check action=maybe_recompile pc=0x0000012b886673b8 method=org.eclipse.jdt.internal.compiler.parser.Parser.consumeRule(I)V @ 4207 c2
Event: 1317.559 Thread 0x0000012bd08c7d90 DEOPT PACKING pc=0x0000012b886673b8 sp=0x0000001fa80fdd70
Event: 1317.559 Thread 0x0000012bd08c7d90 DEOPT UNPACKING pc=0x0000012b87583a9c sp=0x0000001fa80fdcf0 mode 2

Classes loaded (20 events):
Event: 1276.602 Loading class java/util/stream/ReduceOps$6
Event: 1276.608 Loading class java/util/stream/ReduceOps$6 done
Event: 1276.609 Loading class java/util/stream/ReduceOps$5ReducingSink
Event: 1276.610 Loading class java/util/stream/ReduceOps$5ReducingSink done
Event: 1277.006 Loading class java/util/stream/FindOps$FindSink$OfLong
Event: 1277.009 Loading class java/util/stream/FindOps$FindSink$OfLong done
Event: 1277.010 Loading class java/util/OptionalLong
Event: 1277.010 Loading class java/util/OptionalLong done
Event: 1277.015 Loading class sun/net/www/HeaderParser
Event: 1277.017 Loading class sun/net/www/HeaderParser done
Event: 1286.117 Loading class java/util/stream/ReduceOps$5
Event: 1286.117 Loading class java/util/stream/ReduceOps$5 done
Event: 1286.117 Loading class java/util/stream/ReduceOps$CountingSink$OfRef
Event: 1286.119 Loading class java/util/stream/ReduceOps$CountingSink
Event: 1286.120 Loading class java/util/stream/ReduceOps$CountingSink done
Event: 1286.120 Loading class java/util/stream/ReduceOps$CountingSink$OfRef done
Event: 1286.803 Loading class jdk/internal/module/IllegalAccessLogger
Event: 1286.803 Loading class jdk/internal/module/IllegalAccessLogger done
Event: 1307.549 Loading class java/util/concurrent/LinkedBlockingQueue$Itr
Event: 1307.582 Loading class java/util/concurrent/LinkedBlockingQueue$Itr done

Classes unloaded (7 events):
Event: 34.754 Thread 0x0000012bf0f6b840 Unloading class 0x0000012b901a9400 'java/lang/invoke/LambdaForm$MH+0x0000012b901a9400'
Event: 34.754 Thread 0x0000012bf0f6b840 Unloading class 0x0000012b901a9000 'java/lang/invoke/LambdaForm$MH+0x0000012b901a9000'
Event: 34.754 Thread 0x0000012bf0f6b840 Unloading class 0x0000012b901a8c00 'java/lang/invoke/LambdaForm$MH+0x0000012b901a8c00'
Event: 34.754 Thread 0x0000012bf0f6b840 Unloading class 0x0000012b901a8800 'java/lang/invoke/LambdaForm$MH+0x0000012b901a8800'
Event: 34.754 Thread 0x0000012bf0f6b840 Unloading class 0x0000012b901a8400 'java/lang/invoke/LambdaForm$BMH+0x0000012b901a8400'
Event: 34.754 Thread 0x0000012bf0f6b840 Unloading class 0x0000012b901a8000 'java/lang/invoke/LambdaForm$DMH+0x0000012b901a8000'
Event: 34.754 Thread 0x0000012bf0f6b840 Unloading class 0x0000012b901a6c00 'java/lang/invoke/LambdaForm$DMH+0x0000012b901a6c00'

Classes redefined (0 events):
No events

Internal exceptions (20 events):
Event: 1299.614 Thread 0x0000012bd1eb8ad0 Exception <a 'sun/nio/fs/WindowsException'{0x00000000d575a118}> (0x00000000d575a118) 
thrown [s\src\hotspot\share\prims\jni.cpp, line 520]
Event: 1299.617 Thread 0x0000012bd1eb8ad0 Implicit null exception at 0x0000012b8879fa5a to 0x0000012b887a01e4
Event: 1299.638 Thread 0x0000012bd1eb8ad0 Implicit null exception at 0x0000012b88ab9da8 to 0x0000012b88aba1d0
Event: 1300.298 Thread 0x0000012bdc39f050 Implicit null exception at 0x0000012b88b1b78d to 0x0000012b88b1b9a4
Event: 1306.648 Thread 0x0000012bd08c6350 Exception <a 'sun/nio/fs/WindowsException'{0x00000000d5754d40}> (0x00000000d5754d40) 
thrown [s\src\hotspot\share\prims\jni.cpp, line 520]
Event: 1306.648 Thread 0x0000012bd08c6350 Exception <a 'sun/nio/fs/WindowsException'{0x00000000d5755358}> (0x00000000d5755358) 
thrown [s\src\hotspot\share\prims\jni.cpp, line 520]
Event: 1306.652 Thread 0x0000012bd08c6350 Exception <a 'sun/nio/fs/WindowsException'{0x00000000d57719c0}> (0x00000000d57719c0) 
thrown [s\src\hotspot\share\prims\jni.cpp, line 520]
Event: 1306.652 Thread 0x0000012bd08c6350 Exception <a 'sun/nio/fs/WindowsException'{0x00000000d5771fd8}> (0x00000000d5771fd8) 
thrown [s\src\hotspot\share\prims\jni.cpp, line 520]
Event: 1307.950 Thread 0x0000012bdc39e330 Exception <a 'sun/nio/fs/WindowsException'{0x00000000d56f4620}> (0x00000000d56f4620) 
thrown [s\src\hotspot\share\prims\jni.cpp, line 520]
Event: 1307.950 Thread 0x0000012bdc39e330 Exception <a 'sun/nio/fs/WindowsException'{0x00000000d56f4c58}> (0x00000000d56f4c58) 
thrown [s\src\hotspot\share\prims\jni.cpp, line 520]
Event: 1308.015 Thread 0x0000012bdc39e330 Exception <a 'sun/nio/fs/WindowsException'{0x00000000d5fb1ca0}> (0x00000000d5fb1ca0) 
thrown [s\src\hotspot\share\prims\jni.cpp, line 520]
Event: 1308.015 Thread 0x0000012bdc39e330 Exception <a 'sun/nio/fs/WindowsException'{0x00000000d5fb2568}> (0x00000000d5fb2568) 
thrown [s\src\hotspot\share\prims\jni.cpp, line 520]
Event: 1315.573 Thread 0x0000012bd1ebb8c0 Exception <a 'sun/nio/fs/WindowsException'{0x00000000d5f67728}> (0x00000000d5f67728) 
thrown [s\src\hotspot\share\prims\jni.cpp, line 520]
Event: 1315.573 Thread 0x0000012bd1ebb8c0 Exception <a 'sun/nio/fs/WindowsException'{0x00000000d5f67d60}> (0x00000000d5f67d60) 
thrown [s\src\hotspot\share\prims\jni.cpp, line 520]
Event: 1315.574 Thread 0x0000012bd1ebb8c0 Exception <a 'sun/nio/fs/WindowsException'{0x00000000d5f687d0}> (0x00000000d5f687d0) 
thrown [s\src\hotspot\share\prims\jni.cpp, line 520]
Event: 1315.574 Thread 0x0000012bd1ebb8c0 Exception <a 'sun/nio/fs/WindowsException'{0x00000000d5f69098}> (0x00000000d5f69098) 
thrown [s\src\hotspot\share\prims\jni.cpp, line 520]
Event: 1315.588 Thread 0x0000012bd1ebb8c0 Exception <a 'sun/nio/fs/WindowsException'{0x00000000d5f6aa38}> (0x00000000d5f6aa38) 
thrown [s\src\hotspot\share\prims\jni.cpp, line 520]
Event: 1315.588 Thread 0x0000012bd1ebb8c0 Exception <a 'sun/nio/fs/WindowsException'{0x00000000d5f6b050}> (0x00000000d5f6b050) 
thrown [s\src\hotspot\share\prims\jni.cpp, line 520]
Event: 1315.605 Thread 0x0000012bd1ebb8c0 Exception <a 'sun/nio/fs/WindowsException'{0x00000000d5f89138}> (0x00000000d5f89138) 
thrown [s\src\hotspot\share\prims\jni.cpp, line 520]
Event: 1315.605 Thread 0x0000012bd1ebb8c0 Exception <a 'sun/nio/fs/WindowsException'{0x00000000d5f89c50}> (0x00000000d5f89c50) 
thrown [s\src\hotspot\share\prims\jni.cpp, line 520]

ZGC Phase Switch (0 events):
No events

VM Operations (20 events):
Event: 1312.311 Executing safepoint VM operation: ParallelGCFailedAllocation (Allocation Failure)
Event: 1312.499 Executing safepoint VM operation: ParallelGCFailedAllocation (Allocation Failure) done
Event: 1313.508 Executing safepoint VM operation: Cleanup
Event: 1314.033 Executing safepoint VM operation: Cleanup done
Event: 1315.055 Executing safepoint VM operation: Cleanup
Event: 1315.334 Executing safepoint VM operation: Cleanup done
Event: 1315.334 Executing safepoint VM operation: ParallelGCFailedAllocation (Allocation Failure)
Event: 1315.451 Executing safepoint VM operation: ParallelGCFailedAllocation (Allocation Failure) done
Event: 1316.344 Executing safepoint VM operation: ParallelGCFailedAllocation (Allocation Failure)
Event: 1316.357 Executing safepoint VM operation: ParallelGCFailedAllocation (Allocation Failure) done
Event: 1317.315 Executing safepoint VM operation: ParallelGCFailedAllocation (Allocation Failure)
Event: 1317.333 Executing safepoint VM operation: ParallelGCFailedAllocation (Allocation Failure) done
Event: 1318.345 Executing safepoint VM operation: Cleanup
Event: 1318.345 Executing safepoint VM operation: Cleanup done
Event: 1319.353 Executing safepoint VM operation: Cleanup
Event: 1319.353 Executing safepoint VM operation: Cleanup done
Event: 1319.427 Executing safepoint VM operation: ParallelGCFailedAllocation (Allocation Failure)
Event: 1319.434 Executing safepoint VM operation: ParallelGCFailedAllocation (Allocation Failure) done
Event: 1320.434 Executing safepoint VM operation: Cleanup
Event: 1320.480 Executing safepoint VM operation: Cleanup done

Memory protections (0 events):
No events

Nmethod flushes (20 events):
Event: 1198.676 Thread 0x0000012bf0f6b840 flushing  nmethod 0x0000012b825c7910
Event: 1198.676 Thread 0x0000012bf0f6b840 flushing  nmethod 0x0000012b825c7d90
Event: 1198.676 Thread 0x0000012bf0f6b840 flushing  nmethod 0x0000012b825c8f10
Event: 1198.676 Thread 0x0000012bf0f6b840 flushing  nmethod 0x0000012b825c9d90
Event: 1198.676 Thread 0x0000012bf0f6b840 flushing  nmethod 0x0000012b825ca690
Event: 1198.676 Thread 0x0000012bf0f6b840 flushing  nmethod 0x0000012b825caa90
Event: 1198.676 Thread 0x0000012bf0f6b840 flushing  nmethod 0x0000012b825cde10
Event: 1198.676 Thread 0x0000012bf0f6b840 flushing  nmethod 0x0000012b825dee10
Event: 1198.676 Thread 0x0000012bf0f6b840 flushing  nmethod 0x0000012b825fe210
Event: 1198.676 Thread 0x0000012bf0f6b840 flushing osr nmethod 0x0000012b8261f810
Event: 1198.676 Thread 0x0000012bf0f6b840 flushing  nmethod 0x0000012b82629610
Event: 1198.676 Thread 0x0000012bf0f6b840 flushing  nmethod 0x0000012b82629b90
Event: 1198.676 Thread 0x0000012bf0f6b840 flushing  nmethod 0x0000012b8262ae10
Event: 1198.676 Thread 0x0000012bf0f6b840 flushing  nmethod 0x0000012b8265dd90
Event: 1198.676 Thread 0x0000012bf0f6b840 flushing  nmethod 0x0000012b82666290
Event: 1198.676 Thread 0x0000012bf0f6b840 flushing  nmethod 0x0000012b8266d290
Event: 1198.676 Thread 0x0000012bf0f6b840 flushing  nmethod 0x0000012b8266fc90
Event: 1198.676 Thread 0x0000012bf0f6b840 flushing  nmethod 0x0000012b82699610
Event: 1198.676 Thread 0x0000012bf0f6b840 flushing  nmethod 0x0000012b826c8a90
Event: 1198.676 Thread 0x0000012bf0f6b840 flushing  nmethod 0x0000012b826d7490

Events (20 events):
Event: 1314.718 Thread 0x0000012bd08c5cc0 Thread exited: 0x0000012bd08c5cc0
Event: 1314.812 Thread 0x0000012bd1ebcc70 Thread exited: 0x0000012bd1ebcc70
Event: 1314.812 Thread 0x0000012bd1ebbf50 Thread exited: 0x0000012bd1ebbf50
Event: 1314.865 Thread 0x0000012bd1ebd990 Thread exited: 0x0000012bd1ebd990
Event: 1314.925 Thread 0x0000012bdc3a17b0 Thread exited: 0x0000012bdc3a17b0
Event: 1317.103 Thread 0x0000012bd08c4280 Thread added: 0x0000012bd08c0e00
Event: 1317.569 Thread 0x0000012bd08c7d90 Thread exited: 0x0000012bd08c7d90
Event: 1317.733 Thread 0x0000012bd08c0e00 Thread exited: 0x0000012bd08c0e00
Event: 1318.937 Thread 0x0000012bd08c4280 Thread added: 0x0000012bd08c2840
Event: 1319.308 Thread 0x0000012bd08c4280 Thread added: 0x0000012bd08c0e00
Event: 1319.436 Thread 0x0000012bd08c0e00 Thread exited: 0x0000012bd08c0e00
Event: 1319.815 Thread 0x0000012bdc39fd70 Thread exited: 0x0000012bdc39fd70
Event: 1319.937 Thread 0x0000012bd08c4280 Thread added: 0x0000012bd08c3bf0
Event: 1320.015 Thread 0x0000012bd08c2840 Thread exited: 0x0000012bd08c2840
Event: 1320.492 Thread 0x0000012bd08c3bf0 Thread exited: 0x0000012bd08c3bf0
Event: 1321.289 Thread 0x0000012bd08c4280 Thread added: 0x0000012bd08c3bf0
Event: 1321.296 Thread 0x0000012bd08c4280 Thread added: 0x0000012bd08c0e00
Event: 1321.417 Thread 0x0000012bd08c0e00 Thread exited: 0x0000012bd08c0e00
Event: 1321.693 Thread 0x0000012bd1ebb8c0 Thread exited: 0x0000012bd1ebb8c0
Event: 1321.735 Thread 0x0000012bd08c3bf0 Thread exited: 0x0000012bd08c3bf0


Dynamic libraries:
0x00007ff7ace70000 - 0x00007ff7ace7e000 	c:\Users\ajani\.vscode\extensions\redhat.java-1.54.0-win32-x64\jre\21.0.10-win32-x86_64\bin\java.exe
0x00007ffb3f020000 - 0x00007ffb3f287000 	C:\WINDOWS\SYSTEM32\ntdll.dll
0x00007ffb3d7c0000 - 0x00007ffb3d889000 	C:\WINDOWS\System32\KERNEL32.DLL
0x00007ffb3c370000 - 0x00007ffb3c75f000 	C:\WINDOWS\System32\KERNELBASE.dll
0x00007ffb3c220000 - 0x00007ffb3c36b000 	C:\WINDOWS\System32\ucrtbase.dll
0x00007ffb1ea20000 - 0x00007ffb1ea38000 	c:\Users\ajani\.vscode\extensions\redhat.java-1.54.0-win32-x64\jre\21.0.10-win32-x86_64\bin\jli.dll
0x00007ffb3e9e0000 - 0x00007ffb3eba5000 	C:\WINDOWS\System32\USER32.dll
0x00007ffb3c770000 - 0x00007ffb3c797000 	C:\WINDOWS\System32\win32u.dll
0x00007ffb3d750000 - 0x00007ffb3d77b000 	C:\WINDOWS\System32\GDI32.dll
0x00007ffb3c9d0000 - 0x00007ffb3cafc000 	C:\WINDOWS\System32\gdi32full.dll
0x00007ffb3cb90000 - 0x00007ffb3cc33000 	C:\WINDOWS\System32\msvcp_win.dll
0x00007ffb1ac70000 - 0x00007ffb1ac8e000 	c:\Users\ajani\.vscode\extensions\redhat.java-1.54.0-win32-x64\jre\21.0.10-win32-x86_64\bin\VCRUNTIME140.dll
0x00007ffb21fd0000 - 0x00007ffb22263000 	C:\WINDOWS\WinSxS\amd64_microsoft.windows.common-controls_6595b64144ccf1df_6.0.26100.7309_none_3e05feeae336a044\COMCTL32.dll
0x00007ffb3e060000 - 0x00007ffb3e109000 	C:\WINDOWS\System32\msvcrt.dll
0x00007ffb3d780000 - 0x00007ffb3d7b1000 	C:\WINDOWS\System32\IMM32.DLL
0x00007ffb361d0000 - 0x00007ffb361dc000 	c:\Users\ajani\.vscode\extensions\redhat.java-1.54.0-win32-x64\jre\21.0.10-win32-x86_64\bin\vcruntime140_1.dll
0x00007ffb087b0000 - 0x00007ffb0883d000 	c:\Users\ajani\.vscode\extensions\redhat.java-1.54.0-win32-x64\jre\21.0.10-win32-x86_64\bin\msvcp140.dll
0x00007ffacd220000 - 0x00007ffacdfc1000 	c:\Users\ajani\.vscode\extensions\redhat.java-1.54.0-win32-x64\jre\21.0.10-win32-x86_64\bin\server\jvm.dll
0x00007ffb3db10000 - 0x00007ffb3dbc4000 	C:\WINDOWS\System32\ADVAPI32.dll
0x00007ffb3ef30000 - 0x00007ffb3efd6000 	C:\WINDOWS\System32\sechost.dll
0x00007ffb3e8c0000 - 0x00007ffb3e9d8000 	C:\WINDOWS\System32\RPCRT4.dll
0x00007ffb3ec50000 - 0x00007ffb3ecc4000 	C:\WINDOWS\System32\WS2_32.dll
0x00007ffb3bfd0000 - 0x00007ffb3c02e000 	C:\WINDOWS\SYSTEM32\POWRPROF.dll
0x00007ffb0daf0000 - 0x00007ffb0db25000 	C:\WINDOWS\SYSTEM32\WINMM.dll
0x00007ffb2e8e0000 - 0x00007ffb2e8eb000 	C:\WINDOWS\SYSTEM32\VERSION.dll
0x00007ffb3bfb0000 - 0x00007ffb3bfc4000 	C:\WINDOWS\SYSTEM32\UMPDC.dll
0x00007ffb3af20000 - 0x00007ffb3af3b000 	C:\WINDOWS\SYSTEM32\kernel.appcore.dll
0x00007ffb26d40000 - 0x00007ffb26d4a000 	c:\Users\ajani\.vscode\extensions\redhat.java-1.54.0-win32-x64\jre\21.0.10-win32-x86_64\bin\jimage.dll
0x00007ffb39a70000 - 0x00007ffb39cb2000 	C:\WINDOWS\SYSTEM32\DBGHELP.DLL
0x00007ffb3cf10000 - 0x00007ffb3d296000 	C:\WINDOWS\System32\combase.dll
0x00007ffb3ee50000 - 0x00007ffb3ef26000 	C:\WINDOWS\System32\OLEAUT32.dll
0x00007ffb26d50000 - 0x00007ffb26d8c000 	C:\WINDOWS\SYSTEM32\dbgcore.DLL
0x00007ffb3c170000 - 0x00007ffb3c215000 	C:\WINDOWS\System32\bcryptPrimitives.dll
0x00007ffb24a00000 - 0x00007ffb24a0f000 	c:\Users\ajani\.vscode\extensions\redhat.java-1.54.0-win32-x64\jre\21.0.10-win32-x86_64\bin\instrument.dll
0x00007ffb19a40000 - 0x00007ffb19a60000 	c:\Users\ajani\.vscode\extensions\redhat.java-1.54.0-win32-x64\jre\21.0.10-win32-x86_64\bin\java.dll
0x00007ffb3e110000 - 0x00007ffb3e863000 	C:\WINDOWS\System32\SHELL32.dll
0x00007ffb3c860000 - 0x00007ffb3c9ca000 	C:\WINDOWS\System32\wintypes.dll
0x00007ffb39db0000 - 0x00007ffb3a60e000 	C:\WINDOWS\SYSTEM32\windows.storage.dll
0x00007ffb3ecf0000 - 0x00007ffb3ede5000 	C:\WINDOWS\System32\SHCORE.dll
0x00007ffb3d6e0000 - 0x00007ffb3d746000 	C:\WINDOWS\System32\shlwapi.dll
0x00007ffb3c060000 - 0x00007ffb3c089000 	C:\WINDOWS\SYSTEM32\profapi.dll
0x00007ffb17e40000 - 0x00007ffb17e58000 	c:\Users\ajani\.vscode\extensions\redhat.java-1.54.0-win32-x64\jre\21.0.10-win32-x86_64\bin\zip.dll
0x00007ffb243d0000 - 0x00007ffb243e0000 	C:\Users\ajani\.vscode\extensions\redhat.java-1.54.0-win32-x64\jre\21.0.10-win32-x86_64\bin\net.dll
0x00007ffb2d410000 - 0x00007ffb2d538000 	C:\WINDOWS\SYSTEM32\WINHTTP.dll
0x00007ffb3b490000 - 0x00007ffb3b4fb000 	C:\WINDOWS\system32\mswsock.dll
0x00007ffb17e20000 - 0x00007ffb17e36000 	C:\Users\ajani\.vscode\extensions\redhat.java-1.54.0-win32-x64\jre\21.0.10-win32-x86_64\bin\nio.dll
0x00007ffb23db0000 - 0x00007ffb23dc0000 	c:\Users\ajani\.vscode\extensions\redhat.java-1.54.0-win32-x64\jre\21.0.10-win32-x86_64\bin\verify.dll
0x00007ffb0e470000 - 0x00007ffb0e4b5000 	C:\Users\ajani\AppData\Roaming\Code\User\globalStorage\redhat.java\1.54.0\config_win\org.eclipse.equinox.launcher\org.eclipse.equinox.launcher.win32.win32.x86_64_1.3.0.v20260203-2149\eclipse_11919.dll
0x00007ffb3d350000 - 0x00007ffb3d4e7000 	C:\WINDOWS\System32\ole32.dll
0x00007ffb3b750000 - 0x00007ffb3b76b000 	C:\WINDOWS\SYSTEM32\CRYPTSP.dll
0x00007ffb3ae80000 - 0x00007ffb3aeba000 	C:\WINDOWS\system32\rsaenh.dll
0x00007ffb3b540000 - 0x00007ffb3b56b000 	C:\WINDOWS\SYSTEM32\USERENV.dll
0x00007ffb3c090000 - 0x00007ffb3c0ba000 	C:\WINDOWS\SYSTEM32\bcrypt.dll
0x00007ffb3b770000 - 0x00007ffb3b77c000 	C:\WINDOWS\SYSTEM32\CRYPTBASE.dll
0x00007ffb3a9e0000 - 0x00007ffb3aa14000 	C:\WINDOWS\SYSTEM32\IPHLPAPI.DLL
0x00007ffb3db00000 - 0x00007ffb3db0a000 	C:\WINDOWS\System32\NSI.dll
0x00007ffb0d480000 - 0x00007ffb0d4c9000 	C:\Users\ajani\AppData\Local\Temp\jna-92836115\jna7332885230115211692.dll
0x00007ffb3d6d0000 - 0x00007ffb3d6d8000 	C:\WINDOWS\System32\PSAPI.DLL
0x00007ffb2d3e0000 - 0x00007ffb2d3fe000 	C:\WINDOWS\SYSTEM32\dhcpcsvc6.DLL
0x00007ffb2d3b0000 - 0x00007ffb2d3d3000 	C:\WINDOWS\SYSTEM32\dhcpcsvc.DLL
0x00007ffb214f0000 - 0x00007ffb214fe000 	C:\Users\ajani\.vscode\extensions\redhat.java-1.54.0-win32-x64\jre\21.0.10-win32-x86_64\bin\sunmscapi.dll
0x00007ffb3cc40000 - 0x00007ffb3cdb7000 	C:\WINDOWS\System32\CRYPT32.dll
0x00007ffb3b970000 - 0x00007ffb3b9a0000 	C:\WINDOWS\SYSTEM32\ncrypt.dll
0x00007ffb3b920000 - 0x00007ffb3b95f000 	C:\WINDOWS\SYSTEM32\NTASN1.dll
0x00007ffb3aa20000 - 0x00007ffb3ab4c000 	C:\WINDOWS\SYSTEM32\DNSAPI.dll
0x00007ffb23570000 - 0x00007ffb2357b000 	C:\Windows\System32\rasadhlp.dll
0x00007ffb2c740000 - 0x00007ffb2c7c6000 	C:\WINDOWS\System32\fwpuclnt.dll
0x00007ffb21890000 - 0x00007ffb21899000 	C:\Users\ajani\.vscode\extensions\redhat.java-1.54.0-win32-x64\jre\21.0.10-win32-x86_64\bin\extnet.dll
0x00007ffb3b040000 - 0x00007ffb3b076000 	C:\WINDOWS\SYSTEM32\ntmarta.dll
0x00007ffb2f830000 - 0x00007ffb2f838000 	C:\WINDOWS\system32\wshunix.dll

JVMTI agents:
c:\Users\ajani\.vscode\extensions\redhat.java-1.54.0-win32-x64\lombok\lombok-1.18.39-4050.jar path:c:\Users\ajani\.vscode\extensions\redhat.java-1.54.0-win32-x64\jre\21.0.10-win32-x86_64\bin\instrument.dll, loaded, initialized, instrumentlib options:none

dbghelp: loaded successfully - version: 4.0.5 - missing functions: none
symbol engine: initialized successfully - sym options: 0x614 - pdb path: .;c:\Users\ajani\.vscode\extensions\redhat.java-1.54.0-win32-x64\jre\21.0.10-win32-x86_64\bin;C:\WINDOWS\SYSTEM32;C:\WINDOWS\WinSxS\amd64_microsoft.windows.common-controls_6595b64144ccf1df_6.0.26100.7309_none_3e05feeae336a044;c:\Users\ajani\.vscode\extensions\redhat.java-1.54.0-win32-x64\jre\21.0.10-win32-x86_64\bin\server;C:\Users\ajani\AppData\Roaming\Code\User\globalStorage\redhat.java\1.54.0\config_win\org.eclipse.equinox.launcher\org.eclipse.equinox.launcher.win32.win32.x86_64_1.3.0.v20260203-2149;C:\Users\ajani\AppData\Local\Temp\jna-92836115

VM Arguments:
jvm_args: --add-modules=ALL-SYSTEM --add-opens=java.base/java.util=ALL-UNNAMED --add-opens=java.base/java.lang=ALL-UNNAMED --add-opens=java.base/sun.nio.fs=ALL-UNNAMED -Declipse.application=org.eclipse.jdt.ls.core.id1 -Dosgi.bundles.defaultStartLevel=4 -Declipse.product=org.eclipse.jdt.ls.core.product -Djava.import.generatesMetadataFilesAtProjectRoot=false -DDetectVMInstallationsJob.disabled=true -Dfile.encoding=utf8 -XX:+UseParallelGC -XX:GCTimeRatio=4 -XX:AdaptiveSizePolicyWeight=90 -Dsun.zip.disableMemoryMapping=true -Xmx2G -Xms100m -Xlog:disable -javaagent:c:\Users\ajani\.vscode\extensions\redhat.java-1.54.0-win32-x64\lombok\lombok-1.18.39-4050.jar -XX:+HeapDumpOnOutOfMemoryError -XX:HeapDumpPath=c:\Users\ajani\AppData\Roaming\Code\User\workspaceStorage\a114b080c051d0f1d1a0b43b3d7ccec4\redhat.java -Daether.dependencyCollector.impl=bf 
java_command: c:\Users\ajani\.vscode\extensions\redhat.java-1.54.0-win32-x64\server\plugins\org.eclipse.equinox.launcher_1.7.100.v20251111-0406.jar -configuration c:\Users\ajani\AppData\Roaming\Code\User\globalStorage\redhat.java\1.54.0\config_win -data c:\Users\ajani\AppData\Roaming\Code\User\workspaceStorage\a114b080c051d0f1d1a0b43b3d7ccec4\redhat.java\jdt_ws --pipe=\\.\pipe\lsp-da982c90aa96beac9004162e61ce238a-sock
java_class_path (initial): c:\Users\ajani\.vscode\extensions\redhat.java-1.54.0-win32-x64\server\plugins\org.eclipse.equinox.launcher_1.7.100.v20251111-0406.jar
Launcher Type: SUN_STANDARD

[Global flags]
    uintx AdaptiveSizePolicyWeight                 = 90                                        {product} {command line}
     intx CICompilerCount                          = 2                                         {product} {ergonomic}
    uintx GCTimeRatio                              = 4                                         {product} {command line}
     bool HeapDumpOnOutOfMemoryError               = true                                   {manageable} {command line}
    ccstr HeapDumpPath                             = c:\Users\ajani\AppData\Roaming\Code\User\workspaceStorage\a114b080c051d0f1d1a0b43b3d7ccec4\redhat.java         {manageable} {command line}
   size_t InitialHeapSize                          = 104857600                                 {product} {command line}
   size_t MaxHeapSize                              = 2147483648                                {product} {command line}
   size_t MaxNewSize                               = 715653120                                 {product} {ergonomic}
   size_t MinHeapDeltaBytes                        = 524288                                    {product} {ergonomic}
   size_t MinHeapSize                              = 104857600                                 {product} {command line}
   size_t NewSize                                  = 34603008                                  {product} {ergonomic}
    uintx NonNMethodCodeHeapSize                   = 5826188                                {pd product} {ergonomic}
    uintx NonProfiledCodeHeapSize                  = 122916026                              {pd product} {ergonomic}
   size_t OldSize                                  = 70254592                                  {product} {ergonomic}
    uintx ProfiledCodeHeapSize                     = 122916026                              {pd product} {ergonomic}
    uintx ReservedCodeCacheSize                    = 251658240                              {pd product} {ergonomic}
     bool SegmentedCodeCache                       = true                                      {product} {ergonomic}
   size_t SoftMaxHeapSize                          = 2147483648                             {manageable} {ergonomic}
     bool UseCompressedOops                        = true                           {product lp64_product} {ergonomic}
     bool UseLargePagesIndividualAllocation        = false                                  {pd product} {ergonomic}
     bool UseParallelGC                            = true                                      {product} {command line}

Logging:
Log output configuration:
 #0: stdout all=off uptime,level,tags foldmultilines=false
 #1: stderr all=off uptime,level,tags foldmultilines=false

Release file:
JAVA_VERSION="21.0.10" 
MODULES="java.base java.compiler java.datatransfer java.xml java.prefs java.desktop java.instrument java.logging java.management java.security.sasl java.naming java.rmi java.management.rmi java.net.http java.scripting java.security.jgss java.transaction.xa java.sql java.sql.rowset java.xml.crypto java.se java.smartcardio jdk.accessibility jdk.internal.jvmstat jdk.attach jdk.charsets jdk.internal.opt jdk.zipfs jdk.compiler jdk.crypto.ec jdk.crypto.cryptoki jdk.crypto.mscapi jdk.dynalink jdk.internal.ed jdk.editpad jdk.hotspot.agent jdk.httpserver jdk.internal.le jdk.internal.vm.ci jdk.internal.vm.compiler jdk.internal.vm.compiler.management jdk.jartool jdk.javadoc jdk.jcmd jdk.management jdk.management.agent jdk.jconsole jdk.jdeps jdk.jdwp.agent jdk.jdi jdk.jfr jdk.jshell jdk.jsobject jdk.jstatd jdk.localedata jdk.management.jfr jdk.naming.dns jdk.naming.rmi jdk.net jdk.nio.mapmode jdk.random jdk.sctp jdk.security.auth jdk.security.jgss jdk.unsupported jdk.unsupported.desktop jdk.xml.dom" 

Environment Variables:
JAVA_HOME=C:\Program Files\jdk-21.0.11
PATH=C:\WINDOWS\system32;C:\WINDOWS;C:\WINDOWS\System32\Wbem;C:\WINDOWS\System32\WindowsPowerShell\v1.0\;C:\WINDOWS\System32\OpenSSH\;C:\Program Files\nodejs\;C:\Program Files\Git\cmd;C:\Program Files\apache-maven-3.9.16-bin\apache-maven-3.9.16\bin;C:\Program Files\jdk-21.0.11\bin;C:\Program Files\PostgreSQL\18\bin;C:\Users\ajani\AppData\Local\Microsoft\WindowsApps;C:\Users\ajani\AppData\Local\Programs\Microsoft VS Code\bin;C:\Users\ajani\AppData\Roaming\npm
USERNAME=ajani
OS=Windows_NT
PROCESSOR_IDENTIFIER=Intel64 Family 6 Model 122 Stepping 1, GenuineIntel
TMP=C:\Users\ajani\AppData\Local\Temp
TEMP=C:\Users\ajani\AppData\Local\Temp




Periodic native trim disabled

---------------  S Y S T E M  ---------------

OS:
 Windows 11 , 64 bit Build 26100 (10.0.26100.7623)
OS uptime: 3 days 7:47 hours

CPU: total 2 (initial active 2) (2 cores per cpu, 1 threads per core) family 6 model 122 stepping 1 microcode 0x34, cx8, cmov, fxsr, mmx, 3dnowpref, sse, sse2, sse3, ssse3, sse4.1, sse4.2, popcnt, tsc, tscinvbit, aes, erms, clmul, sha, clflush, clflushopt, rdtscp, rdpid
Processor Information for the first 2 processors :
  Max Mhz: 1101, Current Mhz: 1101, Mhz Limit: 1101

Memory: 4k page, system-wide physical 3911M (487M free)
TotalPageFile size 11255M (AvailPageFile size 3M)
current process WorkingSet (physical memory assigned to process): 493M, peak: 519M
current process commit charge ("private bytes"): 902M, peak: 905M

vm_info: OpenJDK 64-Bit Server VM (21.0.10+7-LTS) for windows-amd64 JRE (21.0.10+7-LTS), built on 2026-01-20T00:00:00Z by "admin" with MS VC++ 17.12 (VS2022)

END.
