#
# There is insufficient memory for the Java Runtime Environment to continue.
# Native memory allocation (malloc) failed to allocate 1108016 bytes. Error detail: Chunk::new
# Possible reasons:
#   The system is out of physical RAM or swap space
#   This process is running with CompressedOops enabled, and the Java Heap may be blocking the growth of the native heap
# Possible solutions:
#   Reduce memory load on the system
#   Increase physical memory or swap space
#   Check if swap backing store is full
#   Decrease Java heap size (-Xmx/-Xms)
#   Decrease number of Java threads
#   Decrease Java thread stack sizes (-Xss)
#   Set larger code cache with -XX:ReservedCodeCacheSize=
#   JVM is running with Unscaled Compressed Oops mode in which the Java heap is
#     placed in the first 4GB address space. The Java Heap base address is the
#     maximum limit for the native heap growth. Please use -XX:HeapBaseMinAddress
#     to set the Java Heap base and to place the Java Heap above 4GB virtual address.
# This output file may be truncated or incomplete.
#
#  Out of Memory Error (arena.cpp:168), pid=31120, tid=31172
#
# JRE version: OpenJDK Runtime Environment Temurin-21.0.10+7 (21.0.10+7) (build 21.0.10+7-LTS)
# Java VM: OpenJDK 64-Bit Server VM Temurin-21.0.10+7 (21.0.10+7-LTS, mixed mode, sharing, tiered, compressed oops, compressed class ptrs, parallel gc, windows-amd64)
# No core dump will be written. Minidumps are not enabled by default on client versions of Windows
#

---------------  S U M M A R Y ------------

Command Line: --add-modules=ALL-SYSTEM --add-opens=java.base/java.util=ALL-UNNAMED --add-opens=java.base/java.lang=ALL-UNNAMED --add-opens=java.base/sun.nio.fs=ALL-UNNAMED -Declipse.application=org.eclipse.jdt.ls.core.id1 -Dosgi.bundles.defaultStartLevel=4 -Declipse.product=org.eclipse.jdt.ls.core.product -Djava.import.generatesMetadataFilesAtProjectRoot=false -DDetectVMInstallationsJob.disabled=true -Dfile.encoding=utf8 -XX:+UseParallelGC -XX:GCTimeRatio=4 -XX:AdaptiveSizePolicyWeight=90 -Dsun.zip.disableMemoryMapping=true -Xmx2G -Xms100m -Xlog:disable -javaagent:c:\Users\ajani\.vscode\extensions\redhat.java-1.54.0-win32-x64\lombok\lombok-1.18.39-4050.jar -XX:+HeapDumpOnOutOfMemoryError -XX:HeapDumpPath=c:\Users\ajani\AppData\Roaming\Code\User\workspaceStorage\a114b080c051d0f1d1a0b43b3d7ccec4\redhat.java -Daether.dependencyCollector.impl=bf c:\Users\ajani\.vscode\extensions\redhat.java-1.54.0-win32-x64\server\plugins\org.eclipse.equinox.launcher_1.7.100.v20251111-0406.jar -configuration c:\Users\ajani\AppData\Roaming\Code\User\globalStorage\redhat.java\1.54.0\config_win -data c:\Users\ajani\AppData\Roaming\Code\User\workspaceStorage\a114b080c051d0f1d1a0b43b3d7ccec4\redhat.java\jdt_ws --pipe=\\.\pipe\lsp-c956d2a3fe6548c1ca133273859e766e-sock

Host: Intel(R) Celeron(R) N4000 CPU @ 1.10GHz, 2 cores, 3G,  Windows 11 , 64 bit Build 26100 (10.0.26100.7623)
Time: Thu Jun  4 23:21:23 2026 W. Central Africa Standard Time elapsed time: 6756.690140 seconds (0d 1h 52m 36s)

---------------  T H R E A D  ---------------

Current thread (0x000002b67fa52fd0):  JavaThread "C2 CompilerThread0" daemon [_thread_in_native, id=31172, stack(0x000000bc79e00000,0x000000bc79f00000) (1024K)]


Current CompileTask:
C2:6756690 25822       4       org.eclipse.jdt.internal.compiler.parser.Scanner::internalScanIdentifierOrKeyword (5041 bytes)

Stack: [0x000000bc79e00000,0x000000bc79f00000]
Native frames: (J=compiled Java code, j=interpreted, Vv=VM code, C=native code)
V  [jvm.dll+0x6d7a39]
V  [jvm.dll+0x8b4b26]
V  [jvm.dll+0x8b70de]
V  [jvm.dll+0x8b77c3]
V  [jvm.dll+0x284346]
V  [jvm.dll+0xc66ed]
V  [jvm.dll+0xc6c31]
V  [jvm.dll+0x3bec01]
V  [jvm.dll+0x38b162]
V  [jvm.dll+0x38a5aa]
V  [jvm.dll+0x24c560]
V  [jvm.dll+0x24bb40]
V  [jvm.dll+0x1cb34e]
V  [jvm.dll+0x25b85d]
V  [jvm.dll+0x259dea]
V  [jvm.dll+0x3f857e]
V  [jvm.dll+0x85f59d]
V  [jvm.dll+0x6d626d]
C  [ucrtbase.dll+0x37b0]
C  [KERNEL32.DLL+0x2e8d7]
C  [ntdll.dll+0x8c53c]


---------------  P R O C E S S  ---------------

Threads class SMR info:
_java_thread_list=0x000002b64b891a70, length=44, elements={
0x000002b66d09d6a0, 0x000002b67fa47790, 0x000002b67fa497a0, 0x000002b67fa4a790,
0x000002b67fa4e7e0, 0x000002b67fa514b0, 0x000002b67fa52190, 0x000002b67fa52fd0,
0x000002b67fabf880, 0x000002b6451f6a90, 0x000002b645355590, 0x000002b645932330,
0x000002b645748df0, 0x000002b6456ad2e0, 0x000002b645a73870, 0x000002b6457c3be0,
0x000002b64532f1a0, 0x000002b645154df0, 0x000002b645d057c0, 0x000002b645d05e50,
0x000002b645d04410, 0x000002b64c2fcdd0, 0x000002b64c2fe180, 0x000002b64c2fc0b0,
0x000002b64c2fe810, 0x000002b64c2feea0, 0x000002b64bb5c9b0, 0x000002b64bb5d040,
0x000002b64bb604c0, 0x000002b64bb60b50, 0x000002b64bb5d6d0, 0x000002b64bb611e0,
0x000002b64bb5f7a0, 0x000002b64bb5fe30, 0x000002b645d03d80, 0x000002b645d064e0,
0x000002b64bb5af70, 0x000002b64c2ff530, 0x000002b6597e02f0, 0x000002b6597e23c0,
0x000002b6597df5d0, 0x000002b64bb5dd60, 0x000002b64bb5c320, 0x000002b64bb62590
}

Java Threads: ( => current thread )
  0x000002b66d09d6a0 JavaThread "main"                              [_thread_blocked, id=32760, stack(0x000000bc79400000,0x000000bc79500000) (1024K)]
  0x000002b67fa47790 JavaThread "Reference Handler"          daemon [_thread_blocked, id=33636, stack(0x000000bc79800000,0x000000bc79900000) (1024K)]
  0x000002b67fa497a0 JavaThread "Finalizer"                  daemon [_thread_blocked, id=25588, stack(0x000000bc79900000,0x000000bc79a00000) (1024K)]
  0x000002b67fa4a790 JavaThread "Signal Dispatcher"          daemon [_thread_blocked, id=21372, stack(0x000000bc79a00000,0x000000bc79b00000) (1024K)]
  0x000002b67fa4e7e0 JavaThread "Attach Listener"            daemon [_thread_blocked, id=1756, stack(0x000000bc79b00000,0x000000bc79c00000) (1024K)]
  0x000002b67fa514b0 JavaThread "Service Thread"             daemon [_thread_blocked, id=34032, stack(0x000000bc79c00000,0x000000bc79d00000) (1024K)]
  0x000002b67fa52190 JavaThread "Monitor Deflation Thread"   daemon [_thread_blocked, id=32784, stack(0x000000bc79d00000,0x000000bc79e00000) (1024K)]
=>0x000002b67fa52fd0 JavaThread "C2 CompilerThread0"         daemon [_thread_in_native, id=31172, stack(0x000000bc79e00000,0x000000bc79f00000) (1024K)]
  0x000002b67fabf880 JavaThread "C1 CompilerThread0"         daemon [_thread_blocked, id=24772, stack(0x000000bc79f00000,0x000000bc7a000000) (1024K)]
  0x000002b6451f6a90 JavaThread "Common-Cleaner"             daemon [_thread_blocked, id=28372, stack(0x000000bc7a000000,0x000000bc7a100000) (1024K)]
  0x000002b645355590 JavaThread "Notification Thread"        daemon [_thread_blocked, id=33900, stack(0x000000bc7a100000,0x000000bc7a200000) (1024K)]
  0x000002b645932330 JavaThread "Active Thread: Equinox Container: c01649fe-eb1c-4bc6-9a47-212d1f0c4880"        [_thread_blocked, id=34424, stack(0x000000bc7a300000,0x000000bc7a400000) (1024K)]
  0x000002b645748df0 JavaThread "Refresh Thread: Equinox Container: c01649fe-eb1c-4bc6-9a47-212d1f0c4880" daemon [_thread_blocked, id=8804, stack(0x000000bc7a400000,0x000000bc7a500000) (1024K)]
  0x000002b6456ad2e0 JavaThread "Framework Event Dispatcher: Equinox Container: c01649fe-eb1c-4bc6-9a47-212d1f0c4880" daemon [_thread_blocked, id=6504, stack(0x000000bc7a500000,0x000000bc7a600000) (1024K)]
  0x000002b645a73870 JavaThread "Start Level: Equinox Container: c01649fe-eb1c-4bc6-9a47-212d1f0c4880" daemon [_thread_blocked, id=32900, stack(0x000000bc7a600000,0x000000bc7a700000) (1024K)]
  0x000002b6457c3be0 JavaThread "Bundle File Closer"         daemon [_thread_blocked, id=34912, stack(0x000000bc7a700000,0x000000bc7a800000) (1024K)]
  0x000002b64532f1a0 JavaThread "SCR Component Actor"        daemon [_thread_blocked, id=12004, stack(0x000000bc7a800000,0x000000bc7a900000) (1024K)]
  0x000002b645154df0 JavaThread "Worker-JM"                         [_thread_blocked, id=32140, stack(0x000000bc7a900000,0x000000bc7aa00000) (1024K)]
  0x000002b645d057c0 JavaThread "JNA Cleaner"                daemon [_thread_blocked, id=36392, stack(0x000000bc7aa00000,0x000000bc7ab00000) (1024K)]
  0x000002b645d05e50 JavaThread "Java indexing"              daemon [_thread_blocked, id=25152, stack(0x000000bc7ae00000,0x000000bc7af00000) (1024K)]
  0x000002b645d04410 JavaThread "Thread-1"                   daemon [_thread_in_native, id=22584, stack(0x000000bc7b300000,0x000000bc7b400000) (1024K)]
  0x000002b64c2fcdd0 JavaThread "Thread-2"                   daemon [_thread_in_native, id=35188, stack(0x000000bc7b400000,0x000000bc7b500000) (1024K)]
  0x000002b64c2fe180 JavaThread "Thread-3"                   daemon [_thread_in_native, id=31320, stack(0x000000bc7b500000,0x000000bc7b600000) (1024K)]
  0x000002b64c2fc0b0 JavaThread "pool-2-thread-1"                   [_thread_blocked, id=20136, stack(0x000000bc7b600000,0x000000bc7b700000) (1024K)]
  0x000002b64c2fe810 JavaThread "WorkspaceEventsHandler"            [_thread_blocked, id=31920, stack(0x000000bc7b700000,0x000000bc7b800000) (1024K)]
  0x000002b64c2feea0 JavaThread "pool-1-thread-1"                   [_thread_blocked, id=25064, stack(0x000000bc7b800000,0x000000bc7b900000) (1024K)]
  0x000002b64bb5c9b0 JavaThread "Worker-16"                         [_thread_blocked, id=4796, stack(0x000000bc79200000,0x000000bc79300000) (1024K)]
  0x000002b64bb5d040 JavaThread "Worker-18"                         [_thread_blocked, id=880, stack(0x000000bc79300000,0x000000bc79400000) (1024K)]
  0x000002b64bb604c0 JavaThread "Java Debug Server"                 [_thread_in_native, id=8184, stack(0x000000bc7b000000,0x000000bc7b100000) (1024K)]
  0x000002b64bb60b50 JavaThread "pool-12-thread-1"                  [_thread_in_native, id=26976, stack(0x000000bc7ab00000,0x000000bc7ac00000) (1024K)]
  0x000002b64bb5d6d0 JavaThread "RxSchedulerPurge-1"         daemon [_thread_blocked, id=9524, stack(0x000000bc7ac00000,0x000000bc7ad00000) (1024K)]
  0x000002b64bb611e0 JavaThread "RxCachedWorkerPoolEvictor-1" daemon [_thread_blocked, id=1332, stack(0x000000bc7b100000,0x000000bc7b200000) (1024K)]
  0x000002b64bb5f7a0 JavaThread "RxNewThreadScheduler-1"     daemon [_thread_blocked, id=28444, stack(0x000000bc7b200000,0x000000bc7b300000) (1024K)]
  0x000002b64bb5fe30 JavaThread "process reaper (pid 500)"   daemon [_thread_in_native, id=26216, stack(0x000000bc78f60000,0x000000bc78f80000) (128K)]
  0x000002b645d03d80 JavaThread "Cleaner-0"                  daemon [_thread_blocked, id=37720, stack(0x000000bc7af00000,0x000000bc7b000000) (1024K)]
  0x000002b645d064e0 JavaThread "ForkJoinPool.commonPool-worker-3" daemon [_thread_blocked, id=1660, stack(0x000000bc7ba00000,0x000000bc7bb00000) (1024K)]
  0x000002b64bb5af70 JavaThread "pool-1-thread-3"                   [_thread_in_native, id=35008, stack(0x000000bc7bb00000,0x000000bc7bc00000) (1024K)]
  0x000002b64c2ff530 JavaThread "Thread-1069"                       [_thread_in_native, id=28952, stack(0x000000bc7bf00000,0x000000bc7c000000) (1024K)]
  0x000002b6597e02f0 JavaThread "pool-1-thread-4"                   [_thread_blocked, id=19936, stack(0x000000bc7ad00000,0x000000bc7ae00000) (1024K)]
  0x000002b6597e23c0 JavaThread "Thread-1078"                       [_thread_in_native, id=6516, stack(0x000000bc7b900000,0x000000bc7ba00000) (1024K)]
  0x000002b6597df5d0 JavaThread "Worker-20"                         [_thread_blocked, id=30200, stack(0x000000bc7bc00000,0x000000bc7bd00000) (1024K)]
  0x000002b64bb5dd60 JavaThread "Thread-1080"                       [_thread_blocked, id=30872, stack(0x000000bc7be00000,0x000000bc7bf00000) (1024K)]
  0x000002b64bb5c320 JavaThread "Thread-1081"                       [_thread_new, id=4924, stack(0x0000000000000000,0x0000000000000000) (0B)]
  0x000002b64bb62590 JavaThread "Thread-1082"                       [_thread_new, id=27364, stack(0x0000000000000000,0x0000000000000000) (0B)]
Total: 44

Other Threads:
  0x000002b66d15d020 VMThread "VM Thread"                           [id=30264, stack(0x000000bc79700000,0x000000bc79800000) (1024K)]
  0x000002b67fa2cb00 WatcherThread "VM Periodic Task Thread"        [id=33496, stack(0x000000bc79600000,0x000000bc79700000) (1024K)]
  0x000002b66d0baca0 WorkerThread "GC Thread#0"                     [id=21556, stack(0x000000bc79500000,0x000000bc79600000) (1024K)]
  0x000002b645412850 WorkerThread "GC Thread#1"                     [id=19284, stack(0x000000bc7a200000,0x000000bc7a300000) (1024K)]
Total: 4

Threads with active compile tasks:
C2 CompilerThread0  6756839 25822       4       org.eclipse.jdt.internal.compiler.parser.Scanner::internalScanIdentifierOrKeyword (5041 bytes)
Total: 1

VM state: not at safepoint (normal execution)

VM Mutex/Monitor currently owned by a thread: None

Heap address: 0x0000000080000000, size: 2048 MB, Compressed Oops mode: 32-bit

CDS archive(s) mapped at: [0x000002b604000000-0x000002b604ba0000-0x000002b604ba0000), size 12189696, SharedBaseAddress: 0x000002b604000000, ArchiveRelocationMode: 1.
Compressed class space mapped at: 0x000002b605000000-0x000002b645000000, reserved size: 1073741824
Narrow klass base: 0x000002b604000000, Narrow klass shift: 0, Narrow klass range: 0x100000000

GC Precious Log:
 CardTable entry size: 512
 CPUs: 2 total, 2 available
 Memory: 3911M
 Large Page Support: Disabled
 NUMA Support: Disabled
 Compressed Oops: Enabled (32-bit)
 Alignments: Space 512K, Generation 512K, Heap 2M
 Heap Min Capacity: 100M
 Heap Initial Capacity: 100M
 Heap Max Capacity: 2G
 Pre-touch: Disabled
 Parallel Workers: 2

Heap:
 PSYoungGen      total 9216K, used 6113K [0x00000000d5580000, 0x00000000d6280000, 0x0000000100000000)
  eden space 7168K, 57% used [0x00000000d5580000,0x00000000d5989ed8,0x00000000d5c80000)
  from space 2048K, 96% used [0x00000000d5d00000,0x00000000d5eee668,0x00000000d5f00000)
  to   space 3072K, 0% used [0x00000000d5f80000,0x00000000d5f80000,0x00000000d6280000)
 ParOldGen       total 1061888K, used 1061385K [0x0000000080000000, 0x00000000c0d00000, 0x00000000d5580000)
  object space 1061888K, 99% used [0x0000000080000000,0x00000000c0c82790,0x00000000c0d00000)
 Metaspace       used 93619K, committed 95552K, reserved 1179648K
  class space    used 9471K, committed 10368K, reserved 1048576K

Card table byte_map: [0x000002b66ca40000,0x000002b66ce50000] _byte_map_base: 0x000002b66c640000

Marking Bits: (ParMarkBitMap*) 0x00007ffe99593450
 Begin Bits: [0x000002b600000000, 0x000002b602000000)
 End Bits:   [0x000002b602000000, 0x000002b604000000)

Polling page: 0x000002b66b070000

Metaspace:

Usage:
  Non-class:     82.18 MB used.
      Class:      9.25 MB used.
       Both:     91.43 MB used.

Virtual space:
  Non-class space:      128.00 MB reserved,      83.19 MB ( 65%) committed,  2 nodes.
      Class space:        1.00 GB reserved,      10.12 MB ( <1%) committed,  1 nodes.
             Both:        1.12 GB reserved,      93.31 MB (  8%) committed. 

Chunk freelists:
   Non-Class:  12.70 MB
       Class:  5.92 MB
        Both:  18.62 MB

MaxMetaspaceSize: unlimited
CompressedClassSpaceSize: 1.00 GB
Initial GC threshold: 21.00 MB
Current GC threshold: 148.88 MB
CDS: on
 - commit_granule_bytes: 65536.
 - commit_granule_words: 8192.
 - virtual_space_node_default_size: 8388608.
 - enlarge_chunks_in_place: 1.
 - use_allocation_guard: 0.


Internal statistics:

num_allocs_failed_limit: 9.
num_arena_births: 2030.
num_arena_deaths: 336.
num_vsnodes_births: 3.
num_vsnodes_deaths: 0.
num_space_committed: 1497.
num_space_uncommitted: 4.
num_chunks_returned_to_freelist: 444.
num_chunks_taken_from_freelist: 7184.
num_chunk_merges: 112.
num_chunk_splits: 4119.
num_chunks_enlarged: 2159.
num_inconsistent_stats: 0.

CodeHeap 'non-profiled nmethods': size=120064Kb used=24970Kb max_used=24970Kb free=95093Kb
 bounds [0x000002b677d60000, 0x000002b6795d0000, 0x000002b67f2a0000]
CodeHeap 'profiled nmethods': size=120000Kb used=53876Kb max_used=53876Kb free=66124Kb
 bounds [0x000002b6702a0000, 0x000002b673740000, 0x000002b6777d0000]
CodeHeap 'non-nmethods': size=5696Kb used=1513Kb max_used=1578Kb free=4182Kb
 bounds [0x000002b6777d0000, 0x000002b677a40000, 0x000002b677d60000]
CodeCache: size=245760Kb, used=80359Kb, max_used=80424Kb, free=165399Kb
 total_blobs=22004, nmethods=21164, adapters=742, full_count=0
Compilation: enabled, stopped_count=0, restarted_count=0

Compilation events (20 events):
Event: 6756.348 Thread 0x000002b67fabf880 25814       3       com.vladsch.flexmark.util.misc.Pair::<init> (15 bytes)
Event: 6756.349 Thread 0x000002b67fabf880 nmethod 25814 0x000002b673737c90 code [0x000002b673737e40, 0x000002b673737fd8]
Event: 6756.349 Thread 0x000002b67fabf880 25815       3       com.vladsch.flexmark.util.sequence.LineAppendableImpl::getRangePrefixAfterEol (271 bytes)
Event: 6756.351 Thread 0x000002b67fa52fd0 nmethod 25812 0x000002b6795c2510 code [0x000002b6795c26a0, 0x000002b6795c2810]
Event: 6756.353 Thread 0x000002b67fabf880 nmethod 25815 0x000002b673738090 code [0x000002b673738380, 0x000002b673739670]
Event: 6756.353 Thread 0x000002b67fabf880 25816       3       com.vladsch.flexmark.util.sequence.LineAppendableImpl::line (86 bytes)
Event: 6756.354 Thread 0x000002b67fabf880 nmethod 25816 0x000002b673739c10 code [0x000002b673739e20, 0x000002b67373a4f0]
Event: 6756.365 Thread 0x000002b67fabf880 25817       3       org.eclipse.jdt.core.manipulation.internal.javadoc.CoreJavadocAccessImpl::removeDocLineIntros (23 bytes)
Event: 6756.368 Thread 0x000002b67fabf880 nmethod 25817 0x000002b67373a710 code [0x000002b67373ab80, 0x000002b67373cab0]
Event: 6756.395 Thread 0x000002b67fabf880 25818       3       java.io.OutputStreamWriter::close (8 bytes)
Event: 6756.395 Thread 0x000002b67fabf880 nmethod 25818 0x000002b67373d690 code [0x000002b67373d840, 0x000002b67373d980]
Event: 6756.397 Thread 0x000002b67fabf880 25819       3       org.eclipse.jdt.internal.core.JrtPackageFragmentRoot::calculateHashCode (41 bytes)
Event: 6756.398 Thread 0x000002b67fabf880 nmethod 25819 0x000002b67373da90 code [0x000002b67373dc80, 0x000002b67373e020]
Event: 6756.408 Thread 0x000002b67fabf880 25820   !   3       sun.nio.cs.StreamEncoder::lockedClose (29 bytes)
Event: 6756.409 Thread 0x000002b67fabf880 nmethod 25820 0x000002b67373e190 code [0x000002b67373e340, 0x000002b67373e540]
Event: 6756.424 Thread 0x000002b67fabf880 25821       3       org.eclipse.jdt.internal.core.BinaryField::getFlags (15 bytes)
Event: 6756.425 Thread 0x000002b67fabf880 nmethod 25821 0x000002b67373e610 code [0x000002b67373e800, 0x000002b67373ed30]
Event: 6756.512 Thread 0x000002b67fa52fd0 25822       4       org.eclipse.jdt.internal.compiler.parser.Scanner::internalScanIdentifierOrKeyword (5041 bytes)
Event: 6756.587 Thread 0x000002b67fabf880 25823       3       org.eclipse.jdt.internal.core.util.CommentRecorderParser::consumeEnumHeader (17 bytes)
Event: 6756.588 Thread 0x000002b67fabf880 nmethod 25823 0x000002b67373ee90 code [0x000002b67373f040, 0x000002b67373f1f0]

GC Heap History (20 events):
Event: 6755.488 GC heap before
{Heap before GC invocations=2485 (full 5):
 PSYoungGen      total 6144K, used 4880K [0x00000000d5580000, 0x00000000d5d00000, 0x0000000100000000)
  eden space 4608K, 99% used [0x00000000d5580000,0x00000000d59fc098,0x00000000d5a00000)
  from space 1536K, 18% used [0x00000000d5a00000,0x00000000d5a48000,0x00000000d5b80000)
  to   space 1024K, 0% used [0x00000000d5c00000,0x00000000d5c00000,0x00000000d5d00000)
 ParOldGen       total 1054208K, used 1053914K [0x0000000080000000, 0x00000000c0580000, 0x00000000d5580000)
  object space 1054208K, 99% used [0x0000000080000000,0x00000000c0536a60,0x00000000c0580000)
 Metaspace       used 93599K, committed 95552K, reserved 1179648K
  class space    used 9470K, committed 10368K, reserved 1048576K
}
Event: 6755.500 GC heap after
{Heap after GC invocations=2485 (full 5):
 PSYoungGen      total 6656K, used 548K [0x00000000d5580000, 0x00000000d5d00000, 0x0000000100000000)
  eden space 5632K, 0% used [0x00000000d5580000,0x00000000d5580000,0x00000000d5b00000)
  from space 1024K, 53% used [0x00000000d5c00000,0x00000000d5c89218,0x00000000d5d00000)
  to   space 1024K, 0% used [0x00000000d5b00000,0x00000000d5b00000,0x00000000d5c00000)
 ParOldGen       total 1054208K, used 1054178K [0x0000000080000000, 0x00000000c0580000, 0x00000000d5580000)
  object space 1054208K, 99% used [0x0000000080000000,0x00000000c0578a80,0x00000000c0580000)
 Metaspace       used 93599K, committed 95552K, reserved 1179648K
  class space    used 9470K, committed 10368K, reserved 1048576K
}
Event: 6755.589 GC heap before
{Heap before GC invocations=2486 (full 5):
 PSYoungGen      total 6656K, used 4862K [0x00000000d5580000, 0x00000000d5d00000, 0x0000000100000000)
  eden space 5632K, 76% used [0x00000000d5580000,0x00000000d59b69a8,0x00000000d5b00000)
  from space 1024K, 53% used [0x00000000d5c00000,0x00000000d5c89218,0x00000000d5d00000)
  to   space 1024K, 0% used [0x00000000d5b00000,0x00000000d5b00000,0x00000000d5c00000)
 ParOldGen       total 1054208K, used 1054178K [0x0000000080000000, 0x00000000c0580000, 0x00000000d5580000)
  object space 1054208K, 99% used [0x0000000080000000,0x00000000c0578a80,0x00000000c0580000)
 Metaspace       used 93599K, committed 95552K, reserved 1179648K
  class space    used 9470K, committed 10368K, reserved 1048576K
}
Event: 6755.613 GC heap after
{Heap after GC invocations=2486 (full 5):
 PSYoungGen      total 6656K, used 308K [0x00000000d5580000, 0x00000000d5d80000, 0x0000000100000000)
  eden space 5632K, 0% used [0x00000000d5580000,0x00000000d5580000,0x00000000d5b00000)
  from space 1024K, 30% used [0x00000000d5b00000,0x00000000d5b4d200,0x00000000d5c00000)
  to   space 512K, 0% used [0x00000000d5d00000,0x00000000d5d00000,0x00000000d5d80000)
 ParOldGen       total 1054720K, used 1054699K [0x0000000080000000, 0x00000000c0600000, 0x00000000d5580000)
  object space 1054720K, 99% used [0x0000000080000000,0x00000000c05facc8,0x00000000c0600000)
 Metaspace       used 93599K, committed 95552K, reserved 1179648K
  class space    used 9470K, committed 10368K, reserved 1048576K
}
Event: 6755.657 GC heap before
{Heap before GC invocations=2487 (full 5):
 PSYoungGen      total 6656K, used 5940K [0x00000000d5580000, 0x00000000d5d80000, 0x0000000100000000)
  eden space 5632K, 100% used [0x00000000d5580000,0x00000000d5b00000,0x00000000d5b00000)
  from space 1024K, 30% used [0x00000000d5b00000,0x00000000d5b4d200,0x00000000d5c00000)
  to   space 512K, 0% used [0x00000000d5d00000,0x00000000d5d00000,0x00000000d5d80000)
 ParOldGen       total 1054720K, used 1054699K [0x0000000080000000, 0x00000000c0600000, 0x00000000d5580000)
  object space 1054720K, 99% used [0x0000000080000000,0x00000000c05facc8,0x00000000c0600000)
 Metaspace       used 93599K, committed 95552K, reserved 1179648K
  class space    used 9470K, committed 10368K, reserved 1048576K
}
Event: 6755.670 GC heap after
{Heap after GC invocations=2487 (full 5):
 PSYoungGen      total 7680K, used 192K [0x00000000d5580000, 0x00000000d5d80000, 0x0000000100000000)
  eden space 7168K, 0% used [0x00000000d5580000,0x00000000d5580000,0x00000000d5c80000)
  from space 512K, 37% used [0x00000000d5d00000,0x00000000d5d30000,0x00000000d5d80000)
  to   space 512K, 0% used [0x00000000d5c80000,0x00000000d5c80000,0x00000000d5d00000)
 ParOldGen       total 1055232K, used 1054980K [0x0000000080000000, 0x00000000c0680000, 0x00000000d5580000)
  object space 1055232K, 99% used [0x0000000080000000,0x00000000c0641158,0x00000000c0680000)
 Metaspace       used 93599K, committed 95552K, reserved 1179648K
  class space    used 9470K, committed 10368K, reserved 1048576K
}
Event: 6755.825 GC heap before
{Heap before GC invocations=2488 (full 5):
 PSYoungGen      total 7680K, used 5834K [0x00000000d5580000, 0x00000000d5d80000, 0x0000000100000000)
  eden space 7168K, 78% used [0x00000000d5580000,0x00000000d5b02868,0x00000000d5c80000)
  from space 512K, 37% used [0x00000000d5d00000,0x00000000d5d30000,0x00000000d5d80000)
  to   space 512K, 0% used [0x00000000d5c80000,0x00000000d5c80000,0x00000000d5d00000)
 ParOldGen       total 1055232K, used 1054980K [0x0000000080000000, 0x00000000c0680000, 0x00000000d5580000)
  object space 1055232K, 99% used [0x0000000080000000,0x00000000c0641158,0x00000000c0680000)
 Metaspace       used 93610K, committed 95552K, reserved 1179648K
  class space    used 9471K, committed 10368K, reserved 1048576K
}
Event: 6755.835 GC heap after
{Heap after GC invocations=2488 (full 5):
 PSYoungGen      total 7680K, used 490K [0x00000000d5580000, 0x00000000d5e80000, 0x0000000100000000)
  eden space 7168K, 0% used [0x00000000d5580000,0x00000000d5580000,0x00000000d5c80000)
  from space 512K, 95% used [0x00000000d5c80000,0x00000000d5cfab60,0x00000000d5d00000)
  to   space 1024K, 0% used [0x00000000d5d80000,0x00000000d5d80000,0x00000000d5e80000)
 ParOldGen       total 1055232K, used 1055148K [0x0000000080000000, 0x00000000c0680000, 0x00000000d5580000)
  object space 1055232K, 99% used [0x0000000080000000,0x00000000c066b158,0x00000000c0680000)
 Metaspace       used 93610K, committed 95552K, reserved 1179648K
  class space    used 9471K, committed 10368K, reserved 1048576K
}
Event: 6755.866 GC heap before
{Heap before GC invocations=2489 (full 5):
 PSYoungGen      total 7680K, used 7658K [0x00000000d5580000, 0x00000000d5e80000, 0x0000000100000000)
  eden space 7168K, 100% used [0x00000000d5580000,0x00000000d5c80000,0x00000000d5c80000)
  from space 512K, 95% used [0x00000000d5c80000,0x00000000d5cfab60,0x00000000d5d00000)
  to   space 1024K, 0% used [0x00000000d5d80000,0x00000000d5d80000,0x00000000d5e80000)
 ParOldGen       total 1055232K, used 1055148K [0x0000000080000000, 0x00000000c0680000, 0x00000000d5580000)
  object space 1055232K, 99% used [0x0000000080000000,0x00000000c066b158,0x00000000c0680000)
 Metaspace       used 93613K, committed 95552K, reserved 1179648K
  class space    used 9471K, committed 10368K, reserved 1048576K
}
Event: 6755.875 GC heap after
{Heap after GC invocations=2489 (full 5):
 PSYoungGen      total 7680K, used 320K [0x00000000d5580000, 0x00000000d5e00000, 0x0000000100000000)
  eden space 7168K, 0% used [0x00000000d5580000,0x00000000d5580000,0x00000000d5c80000)
  from space 512K, 62% used [0x00000000d5d80000,0x00000000d5dd0000,0x00000000d5e00000)
  to   space 512K, 0% used [0x00000000d5c80000,0x00000000d5c80000,0x00000000d5d00000)
 ParOldGen       total 1055744K, used 1055600K [0x0000000080000000, 0x00000000c0700000, 0x00000000d5580000)
  object space 1055744K, 99% used [0x0000000080000000,0x00000000c06dc388,0x00000000c0700000)
 Metaspace       used 93613K, committed 95552K, reserved 1179648K
  class space    used 9471K, committed 10368K, reserved 1048576K
}
Event: 6755.975 GC heap before
{Heap before GC invocations=2490 (full 5):
 PSYoungGen      total 7680K, used 7488K [0x00000000d5580000, 0x00000000d5e00000, 0x0000000100000000)
  eden space 7168K, 100% used [0x00000000d5580000,0x00000000d5c80000,0x00000000d5c80000)
  from space 512K, 62% used [0x00000000d5d80000,0x00000000d5dd0000,0x00000000d5e00000)
  to   space 512K, 0% used [0x00000000d5c80000,0x00000000d5c80000,0x00000000d5d00000)
 ParOldGen       total 1055744K, used 1055600K [0x0000000080000000, 0x00000000c0700000, 0x00000000d5580000)
  object space 1055744K, 99% used [0x0000000080000000,0x00000000c06dc388,0x00000000c0700000)
 Metaspace       used 93613K, committed 95552K, reserved 1179648K
  class space    used 9471K, committed 10368K, reserved 1048576K
}
Event: 6755.988 GC heap after
{Heap after GC invocations=2490 (full 5):
 PSYoungGen      total 7680K, used 487K [0x00000000d5580000, 0x00000000d6180000, 0x0000000100000000)
  eden space 7168K, 0% used [0x00000000d5580000,0x00000000d5580000,0x00000000d5c80000)
  from space 512K, 95% used [0x00000000d5c80000,0x00000000d5cf9f88,0x00000000d5d00000)
  to   space 2560K, 0% used [0x00000000d5f00000,0x00000000d5f00000,0x00000000d6180000)
 ParOldGen       total 1057280K, used 1056960K [0x0000000080000000, 0x00000000c0880000, 0x00000000d5580000)
  object space 1057280K, 99% used [0x0000000080000000,0x00000000c08302d0,0x00000000c0880000)
 Metaspace       used 93613K, committed 95552K, reserved 1179648K
  class space    used 9471K, committed 10368K, reserved 1048576K
}
Event: 6756.027 GC heap before
{Heap before GC invocations=2491 (full 5):
 PSYoungGen      total 7680K, used 7554K [0x00000000d5580000, 0x00000000d6180000, 0x0000000100000000)
  eden space 7168K, 98% used [0x00000000d5580000,0x00000000d5c66898,0x00000000d5c80000)
  from space 512K, 95% used [0x00000000d5c80000,0x00000000d5cf9f88,0x00000000d5d00000)
  to   space 2560K, 0% used [0x00000000d5f00000,0x00000000d5f00000,0x00000000d6180000)
 ParOldGen       total 1057280K, used 1056960K [0x0000000080000000, 0x00000000c0880000, 0x00000000d5580000)
  object space 1057280K, 99% used [0x0000000080000000,0x00000000c08302d0,0x00000000c0880000)
 Metaspace       used 93613K, committed 95552K, reserved 1179648K
  class space    used 9471K, committed 10368K, reserved 1048576K
}
Event: 6756.038 GC heap after
{Heap after GC invocations=2491 (full 5):
 PSYoungGen      total 9216K, used 1931K [0x00000000d5580000, 0x00000000d6100000, 0x0000000100000000)
  eden space 7168K, 0% used [0x00000000d5580000,0x00000000d5580000,0x00000000d5c80000)
  from space 2048K, 94% used [0x00000000d5f00000,0x00000000d60e2f20,0x00000000d6100000)
  to   space 2048K, 0% used [0x00000000d5d00000,0x00000000d5d00000,0x00000000d5f00000)
 ParOldGen       total 1057792K, used 1057446K [0x0000000080000000, 0x00000000c0900000, 0x00000000d5580000)
  object space 1057792K, 99% used [0x0000000080000000,0x00000000c08a9878,0x00000000c0900000)
 Metaspace       used 93613K, committed 95552K, reserved 1179648K
  class space    used 9471K, committed 10368K, reserved 1048576K
}
Event: 6756.268 GC heap before
{Heap before GC invocations=2492 (full 5):
 PSYoungGen      total 9216K, used 9092K [0x00000000d5580000, 0x00000000d6100000, 0x0000000100000000)
  eden space 7168K, 99% used [0x00000000d5580000,0x00000000d5c7e258,0x00000000d5c80000)
  from space 2048K, 94% used [0x00000000d5f00000,0x00000000d60e2f20,0x00000000d6100000)
  to   space 2048K, 0% used [0x00000000d5d00000,0x00000000d5d00000,0x00000000d5f00000)
 ParOldGen       total 1057792K, used 1057446K [0x0000000080000000, 0x00000000c0900000, 0x00000000d5580000)
  object space 1057792K, 99% used [0x0000000080000000,0x00000000c08a9878,0x00000000c0900000)
 Metaspace       used 93614K, committed 95552K, reserved 1179648K
  class space    used 9471K, committed 10368K, reserved 1048576K
}
Event: 6756.278 GC heap after
{Heap after GC invocations=2492 (full 5):
 PSYoungGen      total 9216K, used 2017K [0x00000000d5580000, 0x00000000d6080000, 0x0000000100000000)
  eden space 7168K, 0% used [0x00000000d5580000,0x00000000d5580000,0x00000000d5c80000)
  from space 2048K, 98% used [0x00000000d5d00000,0x00000000d5ef8480,0x00000000d5f00000)
  to   space 1536K, 0% used [0x00000000d5f00000,0x00000000d5f00000,0x00000000d6080000)
 ParOldGen       total 1057792K, used 1057525K [0x0000000080000000, 0x00000000c0900000, 0x00000000d5580000)
  object space 1057792K, 99% used [0x0000000080000000,0x00000000c08bd438,0x00000000c0900000)
 Metaspace       used 93614K, committed 95552K, reserved 1179648K
  class space    used 9471K, committed 10368K, reserved 1048576K
}
Event: 6756.489 GC heap before
{Heap before GC invocations=2493 (full 5):
 PSYoungGen      total 9216K, used 8940K [0x00000000d5580000, 0x00000000d6080000, 0x0000000100000000)
  eden space 7168K, 96% used [0x00000000d5580000,0x00000000d5c42ed0,0x00000000d5c80000)
  from space 2048K, 98% used [0x00000000d5d00000,0x00000000d5ef8480,0x00000000d5f00000)
  to   space 1536K, 0% used [0x00000000d5f00000,0x00000000d5f00000,0x00000000d6080000)
 ParOldGen       total 1057792K, used 1057525K [0x0000000080000000, 0x00000000c0900000, 0x00000000d5580000)
  object space 1057792K, 99% used [0x0000000080000000,0x00000000c08bd438,0x00000000c0900000)
 Metaspace       used 93619K, committed 95552K, reserved 1179648K
  class space    used 9471K, committed 10368K, reserved 1048576K
}
Event: 6756.506 GC heap after
{Heap after GC invocations=2493 (full 5):
 PSYoungGen      total 8704K, used 1535K [0x00000000d5580000, 0x00000000d6080000, 0x0000000100000000)
  eden space 7168K, 0% used [0x00000000d5580000,0x00000000d5580000,0x00000000d5c80000)
  from space 1536K, 99% used [0x00000000d5f00000,0x00000000d607ffd0,0x00000000d6080000)
  to   space 2048K, 0% used [0x00000000d5d00000,0x00000000d5d00000,0x00000000d5f00000)
 ParOldGen       total 1060352K, used 1059862K [0x0000000080000000, 0x00000000c0b80000, 0x00000000d5580000)
  object space 1060352K, 99% used [0x0000000080000000,0x00000000c0b059a8,0x00000000c0b80000)
 Metaspace       used 93619K, committed 95552K, reserved 1179648K
  class space    used 9471K, committed 10368K, reserved 1048576K
}
Event: 6756.559 GC heap before
{Heap before GC invocations=2494 (full 5):
 PSYoungGen      total 8704K, used 8703K [0x00000000d5580000, 0x00000000d6080000, 0x0000000100000000)
  eden space 7168K, 100% used [0x00000000d5580000,0x00000000d5c80000,0x00000000d5c80000)
  from space 1536K, 99% used [0x00000000d5f00000,0x00000000d607ffd0,0x00000000d6080000)
  to   space 2048K, 0% used [0x00000000d5d00000,0x00000000d5d00000,0x00000000d5f00000)
 ParOldGen       total 1060352K, used 1059862K [0x0000000080000000, 0x00000000c0b80000, 0x00000000d5580000)
  object space 1060352K, 99% used [0x0000000080000000,0x00000000c0b059a8,0x00000000c0b80000)
 Metaspace       used 93619K, committed 95552K, reserved 1179648K
  class space    used 9471K, committed 10368K, reserved 1048576K
}
Event: 6756.571 GC heap after
{Heap after GC invocations=2494 (full 5):
 PSYoungGen      total 9216K, used 1977K [0x00000000d5580000, 0x00000000d6280000, 0x0000000100000000)
  eden space 7168K, 0% used [0x00000000d5580000,0x00000000d5580000,0x00000000d5c80000)
  from space 2048K, 96% used [0x00000000d5d00000,0x00000000d5eee668,0x00000000d5f00000)
  to   space 3072K, 0% used [0x00000000d5f80000,0x00000000d5f80000,0x00000000d6280000)
 ParOldGen       total 1061888K, used 1061385K [0x0000000080000000, 0x00000000c0d00000, 0x00000000d5580000)
  object space 1061888K, 99% used [0x0000000080000000,0x00000000c0c82790,0x00000000c0d00000)
 Metaspace       used 93619K, committed 95552K, reserved 1179648K
  class space    used 9471K, committed 10368K, reserved 1048576K
}

Dll operation events (11 events):
Event: 0.032 Loaded shared library c:\Users\ajani\.vscode\extensions\redhat.java-1.54.0-win32-x64\jre\21.0.10-win32-x86_64\bin\java.dll
Event: 0.443 Loaded shared library c:\Users\ajani\.vscode\extensions\redhat.java-1.54.0-win32-x64\jre\21.0.10-win32-x86_64\bin\zip.dll
Event: 0.572 Loaded shared library C:\Users\ajani\.vscode\extensions\redhat.java-1.54.0-win32-x64\jre\21.0.10-win32-x86_64\bin\instrument.dll
Event: 0.625 Loaded shared library C:\Users\ajani\.vscode\extensions\redhat.java-1.54.0-win32-x64\jre\21.0.10-win32-x86_64\bin\net.dll
Event: 0.639 Loaded shared library C:\Users\ajani\.vscode\extensions\redhat.java-1.54.0-win32-x64\jre\21.0.10-win32-x86_64\bin\nio.dll
Event: 0.650 Loaded shared library C:\Users\ajani\.vscode\extensions\redhat.java-1.54.0-win32-x64\jre\21.0.10-win32-x86_64\bin\zip.dll
Event: 0.886 Loaded shared library C:\Users\ajani\.vscode\extensions\redhat.java-1.54.0-win32-x64\jre\21.0.10-win32-x86_64\bin\jimage.dll
Event: 1.961 Loaded shared library c:\Users\ajani\.vscode\extensions\redhat.java-1.54.0-win32-x64\jre\21.0.10-win32-x86_64\bin\verify.dll
Event: 11.697 Loaded shared library C:\Users\ajani\AppData\Roaming\Code\User\globalStorage\redhat.java\1.54.0\config_win\org.eclipse.equinox.launcher\org.eclipse.equinox.launcher.win32.win32.x86_64_1.3.0.v20260203-2149\eclipse_11919.dll
Event: 29.886 Loaded shared library C:\Users\ajani\AppData\Local\Temp\jna-92836115\jna1250841215531091798.dll
Event: 6011.771 Loaded shared library C:\Users\ajani\.vscode\extensions\redhat.java-1.54.0-win32-x64\jre\21.0.10-win32-x86_64\bin\extnet.dll

Deoptimization events (20 events):
Event: 6754.943 Thread 0x000002b64bb5af70 DEOPT PACKING pc=0x000002b6785a05c8 sp=0x000000bc7bbfd760
Event: 6754.944 Thread 0x000002b64bb5af70 DEOPT UNPACKING pc=0x000002b677823a9c sp=0x000000bc7bbfd738 mode 2
Event: 6755.010 Thread 0x000002b64bb5af70 Uncommon trap: trap_request=0xffffffc6 fr.pc=0x000002b67956ed4c relative=0x0000000000000b8c
Event: 6755.010 Thread 0x000002b64bb5af70 Uncommon trap: reason=bimorphic_or_optimized_type_check action=maybe_recompile pc=0x000002b67956ed4c method=org.eclipse.jdt.internal.core.JavaElement.toStringInfo(ILjava/lang/StringBuilder;Ljava/lang/Object;Z)V @ 12 c2
Event: 6755.010 Thread 0x000002b64bb5af70 DEOPT PACKING pc=0x000002b67956ed4c sp=0x000000bc7bbfe380
Event: 6755.010 Thread 0x000002b64bb5af70 DEOPT UNPACKING pc=0x000002b677823a9c sp=0x000000bc7bbfe350 mode 2
Event: 6755.352 Thread 0x000002b64bb5af70 Uncommon trap: trap_request=0xffffffc6 fr.pc=0x000002b67956ed4c relative=0x0000000000000b8c
Event: 6755.352 Thread 0x000002b64bb5af70 Uncommon trap: reason=bimorphic_or_optimized_type_check action=maybe_recompile pc=0x000002b67956ed4c method=org.eclipse.jdt.internal.core.JavaElement.toStringInfo(ILjava/lang/StringBuilder;Ljava/lang/Object;Z)V @ 12 c2
Event: 6755.352 Thread 0x000002b64bb5af70 DEOPT PACKING pc=0x000002b67956ed4c sp=0x000000bc7bbfe380
Event: 6755.352 Thread 0x000002b64bb5af70 DEOPT UNPACKING pc=0x000002b677823a9c sp=0x000000bc7bbfe350 mode 2
Event: 6755.892 Thread 0x000002b64bb5af70 DEOPT PACKING pc=0x000002b670b9658d sp=0x000000bc7bbfe6e0
Event: 6755.892 Thread 0x000002b64bb5af70 DEOPT UNPACKING pc=0x000002b677824223 sp=0x000000bc7bbfdbb0 mode 0
Event: 6755.997 Thread 0x000002b64c2feea0 Uncommon trap: trap_request=0xffffffbe fr.pc=0x000002b678906564 relative=0x0000000000000624
Event: 6755.997 Thread 0x000002b64c2feea0 Uncommon trap: reason=profile_predicate action=maybe_recompile pc=0x000002b678906564 method=java.util.ArrayList.equalsRange(Ljava/util/List;II)Z @ 31 c2
Event: 6755.997 Thread 0x000002b64c2feea0 DEOPT PACKING pc=0x000002b678906564 sp=0x000000bc7b8fdef0
Event: 6755.997 Thread 0x000002b64c2feea0 DEOPT UNPACKING pc=0x000002b677823a9c sp=0x000000bc7b8fde98 mode 2
Event: 6756.134 Thread 0x000002b6597e02f0 Uncommon trap: trap_request=0xffffffde fr.pc=0x000002b678f75484 relative=0x0000000000001504
Event: 6756.134 Thread 0x000002b6597e02f0 Uncommon trap: reason=class_check action=maybe_recompile pc=0x000002b678f75484 method=org.eclipse.jdt.internal.compiler.parser.Parser.consumeToken(Lorg/eclipse/jdt/internal/compiler/parser/TerminalToken;)V @ 849 c2
Event: 6756.135 Thread 0x000002b6597e02f0 DEOPT PACKING pc=0x000002b678f75484 sp=0x000000bc7adfea30
Event: 6756.135 Thread 0x000002b6597e02f0 DEOPT UNPACKING pc=0x000002b677823a9c sp=0x000000bc7adfe9f0 mode 2

Classes loaded (20 events):
Event: 6366.088 Loading class java/util/function/IntPredicate
Event: 6366.136 Loading class java/util/function/IntPredicate done
Event: 6366.509 Loading class java/util/regex/Pattern$Bound
Event: 6366.510 Loading class java/util/regex/Pattern$Bound done
Event: 6484.603 Loading class java/lang/StringLatin1$CharsSpliterator
Event: 6484.604 Loading class java/lang/StringLatin1$CharsSpliterator done
Event: 6512.254 Loading class java/util/concurrent/ConcurrentHashMap$TreeNode
Event: 6512.265 Loading class java/util/concurrent/ConcurrentHashMap$TreeNode done
Event: 6512.265 Loading class java/util/concurrent/ConcurrentHashMap$TreeBin
Event: 6512.270 Loading class java/util/concurrent/ConcurrentHashMap$TreeBin done
Event: 6516.744 Loading class java/util/regex/Pattern$Behind
Event: 6516.746 Loading class java/util/regex/Pattern$Behind done
Event: 6516.746 Loading class java/util/regex/Pattern$Neg
Event: 6516.746 Loading class java/util/regex/Pattern$Neg done
Event: 6523.583 Loading class jdk/internal/icu/text/NormalizerBase$NFCModeImpl
Event: 6523.613 Loading class jdk/internal/icu/text/NormalizerBase$NFCModeImpl done
Event: 6523.613 Loading class jdk/internal/icu/impl/Norm2AllModes$NFCSingleton
Event: 6523.615 Loading class jdk/internal/icu/impl/Norm2AllModes$NFCSingleton done
Event: 6672.287 Loading class java/nio/channels/CompletionHandler
Event: 6672.306 Loading class java/nio/channels/CompletionHandler done

Classes unloaded (20 events):
Event: 6425.834 Thread 0x000002b66d15d020 Unloading class 0x000002b60508ac00 'java/lang/invoke/LambdaForm$MH+0x000002b60508ac00'
Event: 6425.834 Thread 0x000002b66d15d020 Unloading class 0x000002b60501ec00 'java/lang/invoke/LambdaForm$MH+0x000002b60501ec00'
Event: 6425.834 Thread 0x000002b66d15d020 Unloading class 0x000002b60500d800 'java/lang/invoke/LambdaForm$MH+0x000002b60500d800'
Event: 6425.834 Thread 0x000002b66d15d020 Unloading class 0x000002b60500d400 'java/lang/invoke/LambdaForm$MH+0x000002b60500d400'
Event: 6425.834 Thread 0x000002b66d15d020 Unloading class 0x000002b60500d000 'java/lang/invoke/LambdaForm$MH+0x000002b60500d000'
Event: 6425.834 Thread 0x000002b66d15d020 Unloading class 0x000002b60500cc00 'java/lang/invoke/LambdaForm$MH+0x000002b60500cc00'
Event: 6425.834 Thread 0x000002b66d15d020 Unloading class 0x000002b60500c800 'java/lang/invoke/LambdaForm$BMH+0x000002b60500c800'
Event: 6425.834 Thread 0x000002b66d15d020 Unloading class 0x000002b60500c000 'java/lang/invoke/LambdaForm$DMH+0x000002b60500c000'
Event: 6425.834 Thread 0x000002b66d15d020 Unloading class 0x000002b605008c00 'java/lang/invoke/LambdaForm$MH+0x000002b605008c00'
Event: 6425.834 Thread 0x000002b66d15d020 Unloading class 0x000002b605008800 'java/lang/invoke/LambdaForm$MH+0x000002b605008800'
Event: 6425.834 Thread 0x000002b66d15d020 Unloading class 0x000002b605008400 'java/lang/invoke/LambdaForm$MH+0x000002b605008400'
Event: 6425.834 Thread 0x000002b66d15d020 Unloading class 0x000002b605007000 'java/lang/invoke/LambdaForm$MH+0x000002b605007000'
Event: 6425.834 Thread 0x000002b66d15d020 Unloading class 0x000002b605006800 'java/lang/invoke/LambdaForm$MH+0x000002b605006800'
Event: 6425.834 Thread 0x000002b66d15d020 Unloading class 0x000002b605006400 'java/lang/invoke/LambdaForm$MH+0x000002b605006400'
Event: 6425.834 Thread 0x000002b66d15d020 Unloading class 0x000002b605006000 'java/lang/invoke/LambdaForm$MH+0x000002b605006000'
Event: 6425.834 Thread 0x000002b66d15d020 Unloading class 0x000002b605005c00 'java/lang/invoke/LambdaForm$BMH+0x000002b605005c00'
Event: 6425.834 Thread 0x000002b66d15d020 Unloading class 0x000002b605004800 'java/lang/invoke/LambdaForm$DMH+0x000002b605004800'
Event: 6425.834 Thread 0x000002b66d15d020 Unloading class 0x000002b605002400 'java/lang/invoke/LambdaForm$MH+0x000002b605002400'
Event: 6425.834 Thread 0x000002b66d15d020 Unloading class 0x000002b605002000 'java/lang/invoke/LambdaForm$MH+0x000002b605002000'
Event: 6425.834 Thread 0x000002b66d15d020 Unloading class 0x000002b605001800 'java/lang/invoke/LambdaForm$MH+0x000002b605001800'

Classes redefined (0 events):
No events

Internal exceptions (20 events):
Event: 6521.011 Thread 0x000002b64c2ff530 Exception <a 'java/lang/ArrayIndexOutOfBoundsException'{0x00000000d57a1298}> (0x00000000d57a1298) 
thrown [s\src\hotspot\share\runtime\sharedRuntime.cpp, line 625]
Event: 6521.102 Thread 0x000002b64c2ff530 Exception <a 'java/lang/ArrayIndexOutOfBoundsException'{0x00000000d5888570}> (0x00000000d5888570) 
thrown [s\src\hotspot\share\runtime\sharedRuntime.cpp, line 625]
Event: 6522.276 Thread 0x000002b64c2feea0 Exception <a 'java/lang/ArrayIndexOutOfBoundsException'{0x00000000d5a25378}> (0x00000000d5a25378) 
thrown [s\src\hotspot\share\runtime\sharedRuntime.cpp, line 625]
Event: 6558.993 Thread 0x000002b6597e23c0 Implicit null exception at 0x000002b6781bfea9 to 0x000002b6781c0ee8
Event: 6559.105 Thread 0x000002b6597e23c0 Implicit null exception at 0x000002b679173db3 to 0x000002b679174890
Event: 6575.841 Thread 0x000002b64bb5d040 Exception <a 'sun/nio/fs/WindowsException'{0x00000000d57d6988}> (0x00000000d57d6988) 
thrown [s\src\hotspot\share\prims\jni.cpp, line 520]
Event: 6575.926 Thread 0x000002b64bb5d040 Exception <a 'sun/nio/fs/WindowsException'{0x00000000d57d7250}> (0x00000000d57d7250) 
thrown [s\src\hotspot\share\prims\jni.cpp, line 520]
Event: 6577.065 Thread 0x000002b6597e23c0 Implicit null exception at 0x000002b678e7ca3c to 0x000002b678e7e774
Event: 6577.074 Thread 0x000002b6597e23c0 Implicit null exception at 0x000002b67882f835 to 0x000002b67882fab5
Event: 6577.076 Thread 0x000002b6597e23c0 Implicit null exception at 0x000002b677e6ff0e to 0x000002b677e6ffb5
Event: 6583.199 Thread 0x000002b64c2feea0 Exception <a 'java/lang/IncompatibleClassChangeError'{0x00000000d5b55e58}: Found class java.lang.Object, but interface was expected> (0x00000000d5b55e58) 
thrown [s\src\hotspot\share\interpreter\linkResolver.cpp, line 840]
Event: 6676.283 Thread 0x000002b64c2feea0 Exception <a 'java/lang/ArrayIndexOutOfBoundsException'{0x00000000d5814268}> (0x00000000d5814268) 
thrown [s\src\hotspot\share\runtime\sharedRuntime.cpp, line 625]
Event: 6684.679 Thread 0x000002b64c2feea0 Exception <a 'java/lang/ArrayIndexOutOfBoundsException'{0x00000000d562a550}> (0x00000000d562a550) 
thrown [s\src\hotspot\share\runtime\sharedRuntime.cpp, line 625]
Event: 6684.733 Thread 0x000002b64c2feea0 Exception <a 'java/lang/ArrayIndexOutOfBoundsException'{0x00000000d559b8c8}> (0x00000000d559b8c8) 
thrown [s\src\hotspot\share\runtime\sharedRuntime.cpp, line 625]
Event: 6685.805 Thread 0x000002b64c2feea0 Exception <a 'java/lang/ArrayIndexOutOfBoundsException'{0x00000000d5b9b3c0}> (0x00000000d5b9b3c0) 
thrown [s\src\hotspot\share\runtime\sharedRuntime.cpp, line 625]
Event: 6685.942 Thread 0x000002b64c2feea0 Exception <a 'java/lang/ArrayIndexOutOfBoundsException'{0x00000000d58ed228}> (0x00000000d58ed228) 
thrown [s\src\hotspot\share\runtime\sharedRuntime.cpp, line 625]
Event: 6695.689 Thread 0x000002b64c3036d0 Implicit null exception at 0x000002b678662e11 to 0x000002b678663128
Event: 6703.540 Thread 0x000002b64c2feea0 Exception <a 'java/lang/ArrayIndexOutOfBoundsException'{0x00000000d5640d28}> (0x00000000d5640d28) 
thrown [s\src\hotspot\share\runtime\sharedRuntime.cpp, line 625]
Event: 6706.651 Thread 0x000002b64c2feea0 Exception <a 'java/lang/ArrayIndexOutOfBoundsException'{0x00000000d63062a8}> (0x00000000d63062a8) 
thrown [s\src\hotspot\share\runtime\sharedRuntime.cpp, line 625]
Event: 6746.635 Thread 0x000002b64bb5af70 Implicit null exception at 0x000002b6794aed41 to 0x000002b6794af168

ZGC Phase Switch (0 events):
No events

VM Operations (20 events):
Event: 6755.452 Executing safepoint VM operation: ParallelGCFailedAllocation (Allocation Failure)
Event: 6755.500 Executing safepoint VM operation: ParallelGCFailedAllocation (Allocation Failure) done
Event: 6755.570 Executing safepoint VM operation: ParallelGCFailedAllocation (Allocation Failure)
Event: 6755.614 Executing safepoint VM operation: ParallelGCFailedAllocation (Allocation Failure) done
Event: 6755.657 Executing safepoint VM operation: ParallelGCFailedAllocation (Allocation Failure)
Event: 6755.670 Executing safepoint VM operation: ParallelGCFailedAllocation (Allocation Failure) done
Event: 6755.807 Executing safepoint VM operation: ParallelGCFailedAllocation (Allocation Failure)
Event: 6755.836 Executing safepoint VM operation: ParallelGCFailedAllocation (Allocation Failure) done
Event: 6755.866 Executing safepoint VM operation: ParallelGCFailedAllocation (Allocation Failure)
Event: 6755.875 Executing safepoint VM operation: ParallelGCFailedAllocation (Allocation Failure) done
Event: 6755.974 Executing safepoint VM operation: ParallelGCFailedAllocation (Allocation Failure)
Event: 6755.988 Executing safepoint VM operation: ParallelGCFailedAllocation (Allocation Failure) done
Event: 6756.020 Executing safepoint VM operation: ParallelGCFailedAllocation (Allocation Failure)
Event: 6756.038 Executing safepoint VM operation: ParallelGCFailedAllocation (Allocation Failure) done
Event: 6756.268 Executing safepoint VM operation: ParallelGCFailedAllocation (Allocation Failure)
Event: 6756.278 Executing safepoint VM operation: ParallelGCFailedAllocation (Allocation Failure) done
Event: 6756.486 Executing safepoint VM operation: ParallelGCFailedAllocation (Allocation Failure)
Event: 6756.506 Executing safepoint VM operation: ParallelGCFailedAllocation (Allocation Failure) done
Event: 6756.551 Executing safepoint VM operation: ParallelGCFailedAllocation (Allocation Failure)
Event: 6756.571 Executing safepoint VM operation: ParallelGCFailedAllocation (Allocation Failure) done

Memory protections (0 events):
No events

Nmethod flushes (20 events):
Event: 6426.770 Thread 0x000002b66d15d020 flushing  nmethod 0x000002b6727e8890
Event: 6426.770 Thread 0x000002b66d15d020 flushing  nmethod 0x000002b6727f1c90
Event: 6426.770 Thread 0x000002b66d15d020 flushing  nmethod 0x000002b6727f4210
Event: 6426.770 Thread 0x000002b66d15d020 flushing osr nmethod 0x000002b672833b90
Event: 6426.770 Thread 0x000002b66d15d020 flushing  nmethod 0x000002b67283d090
Event: 6426.770 Thread 0x000002b66d15d020 flushing  nmethod 0x000002b672842b90
Event: 6426.770 Thread 0x000002b66d15d020 flushing  nmethod 0x000002b672843e10
Event: 6426.770 Thread 0x000002b66d15d020 flushing osr nmethod 0x000002b672846d10
Event: 6426.771 Thread 0x000002b66d15d020 flushing  nmethod 0x000002b672853390
Event: 6426.771 Thread 0x000002b66d15d020 flushing  nmethod 0x000002b672861590
Event: 6426.771 Thread 0x000002b66d15d020 flushing  nmethod 0x000002b672881a10
Event: 6426.771 Thread 0x000002b66d15d020 flushing  nmethod 0x000002b672884410
Event: 6426.772 Thread 0x000002b66d15d020 flushing  nmethod 0x000002b672889c10
Event: 6426.772 Thread 0x000002b66d15d020 flushing  nmethod 0x000002b67288e490
Event: 6426.772 Thread 0x000002b66d15d020 flushing  nmethod 0x000002b6728cc010
Event: 6426.772 Thread 0x000002b66d15d020 flushing osr nmethod 0x000002b6728d1110
Event: 6426.772 Thread 0x000002b66d15d020 flushing osr nmethod 0x000002b6728d6f10
Event: 6426.772 Thread 0x000002b66d15d020 flushing  nmethod 0x000002b6728e6d10
Event: 6426.772 Thread 0x000002b66d15d020 flushing  nmethod 0x000002b67290b910
Event: 6426.772 Thread 0x000002b66d15d020 flushing  nmethod 0x000002b67290c410

Events (20 events):
Event: 6755.569 Thread 0x000002b64c2feea0 Thread added: 0x000002b6597e02f0
Event: 6755.617 Thread 0x000002b64c3029b0 Thread exited: 0x000002b64c3029b0
Event: 6755.617 Thread 0x000002b64bb5dd60 Thread exited: 0x000002b64bb5dd60
Event: 6755.732 Thread 0x000002b64bb61870 Thread exited: 0x000002b64bb61870
Event: 6755.881 Thread 0x000002b64c3036d0 Thread exited: 0x000002b64c3036d0
Event: 6755.890 Thread 0x000002b64c2fdaf0 Thread exited: 0x000002b64c2fdaf0
Event: 6755.911 Thread 0x000002b6597e02f0 Thread exited: 0x000002b6597e02f0
Event: 6756.000 Thread 0x000002b64c2feea0 Thread added: 0x000002b6597e02f0
Event: 6756.177 Thread 0x000002b64c2feea0 Thread added: 0x000002b6597df5d0
Event: 6756.178 Thread 0x000002b64c2feea0 Thread added: 0x000002b6597e23c0
Event: 6756.185 Thread 0x000002b64c2feea0 Thread added: 0x000002b6597e0980
Event: 6756.219 Thread 0x000002b6597df5d0 Thread exited: 0x000002b6597df5d0
Event: 6756.223 Thread 0x000002b6597e23c0 Thread exited: 0x000002b6597e23c0
Event: 6756.229 Thread 0x000002b6597e0980 Thread exited: 0x000002b6597e0980
Event: 6756.360 Thread 0x000002b64c2feea0 Thread added: 0x000002b6597e23c0
Event: 6756.384 Thread 0x000002b64bb5c9b0 Thread added: 0x000002b6597df5d0
Event: 6756.461 Thread 0x000002b64c2feea0 Thread added: 0x000002b6597e0980
Event: 6756.508 Thread 0x000002b64c2feea0 Thread added: 0x000002b64bb5dd60
Event: 6756.649 Thread 0x000002b6597e0980 Thread exited: 0x000002b6597e0980
Event: 6756.676 Thread 0x000002b64c2feea0 Thread added: 0x000002b64bb5c320


Dynamic libraries:
0x00007ff6be240000 - 0x00007ff6be24e000 	c:\Users\ajani\.vscode\extensions\redhat.java-1.54.0-win32-x64\jre\21.0.10-win32-x86_64\bin\java.exe
0x00007ffee3920000 - 0x00007ffee3b87000 	C:\WINDOWS\SYSTEM32\ntdll.dll
0x00007ffee2440000 - 0x00007ffee2509000 	C:\WINDOWS\System32\KERNEL32.DLL
0x00007ffee1230000 - 0x00007ffee161f000 	C:\WINDOWS\System32\KERNELBASE.dll
0x00007ffee0fb0000 - 0x00007ffee10fb000 	C:\WINDOWS\System32\ucrtbase.dll
0x00007ffec5060000 - 0x00007ffec5078000 	c:\Users\ajani\.vscode\extensions\redhat.java-1.54.0-win32-x64\jre\21.0.10-win32-x86_64\bin\jli.dll
0x00007ffee2750000 - 0x00007ffee2915000 	C:\WINDOWS\System32\USER32.dll
0x00007ffee0a70000 - 0x00007ffee0a97000 	C:\WINDOWS\System32\win32u.dll
0x00007ffee1d50000 - 0x00007ffee1d7b000 	C:\WINDOWS\System32\GDI32.dll
0x00007ffee1100000 - 0x00007ffee122c000 	C:\WINDOWS\System32\gdi32full.dll
0x00007ffee0aa0000 - 0x00007ffee0b43000 	C:\WINDOWS\System32\msvcp_win.dll
0x00007ffec4f60000 - 0x00007ffec4f7e000 	c:\Users\ajani\.vscode\extensions\redhat.java-1.54.0-win32-x64\jre\21.0.10-win32-x86_64\bin\VCRUNTIME140.dll
0x00007ffed16c0000 - 0x00007ffed1953000 	C:\WINDOWS\WinSxS\amd64_microsoft.windows.common-controls_6595b64144ccf1df_6.0.26100.7309_none_3e05feeae336a044\COMCTL32.dll
0x00007ffee2390000 - 0x00007ffee2439000 	C:\WINDOWS\System32\msvcrt.dll
0x00007ffee31a0000 - 0x00007ffee31d1000 	C:\WINDOWS\System32\IMM32.DLL
0x00007ffed1960000 - 0x00007ffed196c000 	c:\Users\ajani\.vscode\extensions\redhat.java-1.54.0-win32-x64\jre\21.0.10-win32-x86_64\bin\vcruntime140_1.dll
0x00007ffea5ef0000 - 0x00007ffea5f7d000 	c:\Users\ajani\.vscode\extensions\redhat.java-1.54.0-win32-x64\jre\21.0.10-win32-x86_64\bin\msvcp140.dll
0x00007ffe988d0000 - 0x00007ffe99671000 	c:\Users\ajani\.vscode\extensions\redhat.java-1.54.0-win32-x64\jre\21.0.10-win32-x86_64\bin\server\jvm.dll
0x00007ffee31e0000 - 0x00007ffee3294000 	C:\WINDOWS\System32\ADVAPI32.dll
0x00007ffee1ca0000 - 0x00007ffee1d46000 	C:\WINDOWS\System32\sechost.dll
0x00007ffee2200000 - 0x00007ffee2318000 	C:\WINDOWS\System32\RPCRT4.dll
0x00007ffee2920000 - 0x00007ffee2994000 	C:\WINDOWS\System32\WS2_32.dll
0x00007ffee08d0000 - 0x00007ffee092e000 	C:\WINDOWS\SYSTEM32\POWRPROF.dll
0x00007ffeb0eb0000 - 0x00007ffeb0ee5000 	C:\WINDOWS\SYSTEM32\WINMM.dll
0x00007ffecef10000 - 0x00007ffecef1b000 	C:\WINDOWS\SYSTEM32\VERSION.dll
0x00007ffee08b0000 - 0x00007ffee08c4000 	C:\WINDOWS\SYSTEM32\UMPDC.dll
0x00007ffedf820000 - 0x00007ffedf83b000 	C:\WINDOWS\SYSTEM32\kernel.appcore.dll
0x00007ffed0e30000 - 0x00007ffed0e3a000 	c:\Users\ajani\.vscode\extensions\redhat.java-1.54.0-win32-x64\jre\21.0.10-win32-x86_64\bin\jimage.dll
0x00007ffede1f0000 - 0x00007ffede432000 	C:\WINDOWS\SYSTEM32\DBGHELP.DLL
0x00007ffee1890000 - 0x00007ffee1c16000 	C:\WINDOWS\System32\combase.dll
0x00007ffee32a0000 - 0x00007ffee3376000 	C:\WINDOWS\System32\OLEAUT32.dll
0x00007ffeaef60000 - 0x00007ffeaef9c000 	C:\WINDOWS\SYSTEM32\dbgcore.DLL
0x00007ffee0b50000 - 0x00007ffee0bf5000 	C:\WINDOWS\System32\bcryptPrimitives.dll
0x00007ffed0080000 - 0x00007ffed008f000 	c:\Users\ajani\.vscode\extensions\redhat.java-1.54.0-win32-x64\jre\21.0.10-win32-x86_64\bin\instrument.dll
0x00007ffeb0e70000 - 0x00007ffeb0e90000 	c:\Users\ajani\.vscode\extensions\redhat.java-1.54.0-win32-x64\jre\21.0.10-win32-x86_64\bin\java.dll
0x00007ffee2a30000 - 0x00007ffee3183000 	C:\WINDOWS\System32\SHELL32.dll
0x00007ffee0cc0000 - 0x00007ffee0e2a000 	C:\WINDOWS\System32\wintypes.dll
0x00007ffede6b0000 - 0x00007ffedef0e000 	C:\WINDOWS\SYSTEM32\windows.storage.dll
0x00007ffee16c0000 - 0x00007ffee17b5000 	C:\WINDOWS\System32\SHCORE.dll
0x00007ffee2320000 - 0x00007ffee2386000 	C:\WINDOWS\System32\shlwapi.dll
0x00007ffee0960000 - 0x00007ffee0989000 	C:\WINDOWS\SYSTEM32\profapi.dll
0x00007ffeb4740000 - 0x00007ffeb4758000 	c:\Users\ajani\.vscode\extensions\redhat.java-1.54.0-win32-x64\jre\21.0.10-win32-x86_64\bin\zip.dll
0x00007ffecf870000 - 0x00007ffecf880000 	C:\Users\ajani\.vscode\extensions\redhat.java-1.54.0-win32-x64\jre\21.0.10-win32-x86_64\bin\net.dll
0x00007ffed0430000 - 0x00007ffed0558000 	C:\WINDOWS\SYSTEM32\WINHTTP.dll
0x00007ffedfd90000 - 0x00007ffedfdfb000 	C:\WINDOWS\system32\mswsock.dll
0x00007ffeb3d40000 - 0x00007ffeb3d56000 	C:\Users\ajani\.vscode\extensions\redhat.java-1.54.0-win32-x64\jre\21.0.10-win32-x86_64\bin\nio.dll
0x00007ffecef20000 - 0x00007ffecef30000 	c:\Users\ajani\.vscode\extensions\redhat.java-1.54.0-win32-x64\jre\21.0.10-win32-x86_64\bin\verify.dll
0x00007ffea5990000 - 0x00007ffea59d5000 	C:\Users\ajani\AppData\Roaming\Code\User\globalStorage\redhat.java\1.54.0\config_win\org.eclipse.equinox.launcher\org.eclipse.equinox.launcher.win32.win32.x86_64_1.3.0.v20260203-2149\eclipse_11919.dll
0x00007ffee1f60000 - 0x00007ffee20f7000 	C:\WINDOWS\System32\ole32.dll
0x00007ffee0050000 - 0x00007ffee006b000 	C:\WINDOWS\SYSTEM32\CRYPTSP.dll
0x00007ffedf780000 - 0x00007ffedf7ba000 	C:\WINDOWS\system32\rsaenh.dll
0x00007ffedfe40000 - 0x00007ffedfe6b000 	C:\WINDOWS\SYSTEM32\USERENV.dll
0x00007ffee0990000 - 0x00007ffee09ba000 	C:\WINDOWS\SYSTEM32\bcrypt.dll
0x00007ffee0070000 - 0x00007ffee007c000 	C:\WINDOWS\SYSTEM32\CRYPTBASE.dll
0x00007ffedf2e0000 - 0x00007ffedf314000 	C:\WINDOWS\SYSTEM32\IPHLPAPI.DLL
0x00007ffee3190000 - 0x00007ffee319a000 	C:\WINDOWS\System32\NSI.dll
0x00007ffea5740000 - 0x00007ffea5789000 	C:\Users\ajani\AppData\Local\Temp\jna-92836115\jna1250841215531091798.dll
0x00007ffee1870000 - 0x00007ffee1878000 	C:\WINDOWS\System32\PSAPI.DLL
0x00007ffed0a30000 - 0x00007ffed0a4e000 	C:\WINDOWS\SYSTEM32\dhcpcsvc6.DLL
0x00007ffed0400000 - 0x00007ffed0423000 	C:\WINDOWS\SYSTEM32\dhcpcsvc.DLL
0x00007ffedf940000 - 0x00007ffedf976000 	C:\WINDOWS\SYSTEM32\ntmarta.dll
0x00007ffedac10000 - 0x00007ffedac19000 	C:\Users\ajani\.vscode\extensions\redhat.java-1.54.0-win32-x64\jre\21.0.10-win32-x86_64\bin\extnet.dll

JVMTI agents:
c:\Users\ajani\.vscode\extensions\redhat.java-1.54.0-win32-x64\lombok\lombok-1.18.39-4050.jar path:c:\Users\ajani\.vscode\extensions\redhat.java-1.54.0-win32-x64\jre\21.0.10-win32-x86_64\bin\instrument.dll, loaded, initialized, instrumentlib options:none

dbghelp: loaded successfully - version: 4.0.5 - missing functions: none
symbol engine: initialized successfully - sym options: 0x614 - pdb path: .;c:\Users\ajani\.vscode\extensions\redhat.java-1.54.0-win32-x64\jre\21.0.10-win32-x86_64\bin;C:\WINDOWS\SYSTEM32;C:\WINDOWS\WinSxS\amd64_microsoft.windows.common-controls_6595b64144ccf1df_6.0.26100.7309_none_3e05feeae336a044;c:\Users\ajani\.vscode\extensions\redhat.java-1.54.0-win32-x64\jre\21.0.10-win32-x86_64\bin\server;C:\Users\ajani\AppData\Roaming\Code\User\globalStorage\redhat.java\1.54.0\config_win\org.eclipse.equinox.launcher\org.eclipse.equinox.launcher.win32.win32.x86_64_1.3.0.v20260203-2149;C:\Users\ajani\AppData\Local\Temp\jna-92836115

VM Arguments:
jvm_args: --add-modules=ALL-SYSTEM --add-opens=java.base/java.util=ALL-UNNAMED --add-opens=java.base/java.lang=ALL-UNNAMED --add-opens=java.base/sun.nio.fs=ALL-UNNAMED -Declipse.application=org.eclipse.jdt.ls.core.id1 -Dosgi.bundles.defaultStartLevel=4 -Declipse.product=org.eclipse.jdt.ls.core.product -Djava.import.generatesMetadataFilesAtProjectRoot=false -DDetectVMInstallationsJob.disabled=true -Dfile.encoding=utf8 -XX:+UseParallelGC -XX:GCTimeRatio=4 -XX:AdaptiveSizePolicyWeight=90 -Dsun.zip.disableMemoryMapping=true -Xmx2G -Xms100m -Xlog:disable -javaagent:c:\Users\ajani\.vscode\extensions\redhat.java-1.54.0-win32-x64\lombok\lombok-1.18.39-4050.jar -XX:+HeapDumpOnOutOfMemoryError -XX:HeapDumpPath=c:\Users\ajani\AppData\Roaming\Code\User\workspaceStorage\a114b080c051d0f1d1a0b43b3d7ccec4\redhat.java -Daether.dependencyCollector.impl=bf 
java_command: c:\Users\ajani\.vscode\extensions\redhat.java-1.54.0-win32-x64\server\plugins\org.eclipse.equinox.launcher_1.7.100.v20251111-0406.jar -configuration c:\Users\ajani\AppData\Roaming\Code\User\globalStorage\redhat.java\1.54.0\config_win -data c:\Users\ajani\AppData\Roaming\Code\User\workspaceStorage\a114b080c051d0f1d1a0b43b3d7ccec4\redhat.java\jdt_ws --pipe=\\.\pipe\lsp-c956d2a3fe6548c1ca133273859e766e-sock
java_class_path (initial): c:\Users\ajani\.vscode\extensions\redhat.java-1.54.0-win32-x64\server\plugins\org.eclipse.equinox.launcher_1.7.100.v20251111-0406.jar
Launcher Type: SUN_STANDARD

[Global flags]
    uintx AdaptiveSizePolicyWeight                 = 90                                        {product} {command line}
     intx CICompilerCount                          = 2                                         {product} {ergonomic}
    uintx GCTimeRatio                              = 4                                         {product} {command line}
     bool HeapDumpOnOutOfMemoryError               = true                                   {manageable} {command line}
    ccstr HeapDumpPath                             = c:\Users\ajani\AppData\Roaming\Code\User\workspaceStorage\a114b080c051d0f1d1a0b43b3d7ccec4\redhat.java         {manageable} {command line}
   size_t InitialHeapSize                          = 104857600                                 {product} {command line}
   size_t MaxHeapSize                              = 2147483648                                {product} {command line}
   size_t MaxNewSize                               = 715653120                                 {product} {ergonomic}
   size_t MinHeapDeltaBytes                        = 524288                                    {product} {ergonomic}
   size_t MinHeapSize                              = 104857600                                 {product} {command line}
   size_t NewSize                                  = 34603008                                  {product} {ergonomic}
    uintx NonNMethodCodeHeapSize                   = 5826188                                {pd product} {ergonomic}
    uintx NonProfiledCodeHeapSize                  = 122916026                              {pd product} {ergonomic}
   size_t OldSize                                  = 70254592                                  {product} {ergonomic}
    uintx ProfiledCodeHeapSize                     = 122916026                              {pd product} {ergonomic}
    uintx ReservedCodeCacheSize                    = 251658240                              {pd product} {ergonomic}
     bool SegmentedCodeCache                       = true                                      {product} {ergonomic}
   size_t SoftMaxHeapSize                          = 2147483648                             {manageable} {ergonomic}
     bool UseCompressedOops                        = true                           {product lp64_product} {ergonomic}
     bool UseLargePagesIndividualAllocation        = false                                  {pd product} {ergonomic}
     bool UseParallelGC                            = true                                      {product} {command line}

Logging:
Log output configuration:
 #0: stdout all=off uptime,level,tags foldmultilines=false
 #1: stderr all=off uptime,level,tags foldmultilines=false

Release file:
JAVA_VERSION="21.0.10" 
MODULES="java.base java.compiler java.datatransfer java.xml java.prefs java.desktop java.instrument java.logging java.management java.security.sasl java.naming java.rmi java.management.rmi java.net.http java.scripting java.security.jgss java.transaction.xa java.sql java.sql.rowset java.xml.crypto java.se java.smartcardio jdk.accessibility jdk.internal.jvmstat jdk.attach jdk.charsets jdk.internal.opt jdk.zipfs jdk.compiler jdk.crypto.ec jdk.crypto.cryptoki jdk.crypto.mscapi jdk.dynalink jdk.internal.ed jdk.editpad jdk.hotspot.agent jdk.httpserver jdk.internal.le jdk.internal.vm.ci jdk.internal.vm.compiler jdk.internal.vm.compiler.management jdk.jartool jdk.javadoc jdk.jcmd jdk.management jdk.management.agent jdk.jconsole jdk.jdeps jdk.jdwp.agent jdk.jdi jdk.jfr jdk.jshell jdk.jsobject jdk.jstatd jdk.localedata jdk.management.jfr jdk.naming.dns jdk.naming.rmi jdk.net jdk.nio.mapmode jdk.random jdk.sctp jdk.security.auth jdk.security.jgss jdk.unsupported jdk.unsupported.desktop jdk.xml.dom" 

Environment Variables:
JAVA_HOME=C:\Program Files\jdk-21.0.11
PATH=C:\WINDOWS\system32;C:\WINDOWS;C:\WINDOWS\System32\Wbem;C:\WINDOWS\System32\WindowsPowerShell\v1.0\;C:\WINDOWS\System32\OpenSSH\;C:\Program Files\nodejs\;C:\Program Files\Git\cmd;C:\Program Files\apache-maven-3.9.16-bin\apache-maven-3.9.16\bin;C:\Program Files\jdk-21.0.11\bin;C:\Program Files\PostgreSQL\18\bin;C:\Users\ajani\AppData\Local\Microsoft\WindowsApps;C:\Users\ajani\AppData\Local\Programs\Microsoft VS Code\bin;C:\Users\ajani\AppData\Roaming\npm
USERNAME=ajani
OS=Windows_NT
PROCESSOR_IDENTIFIER=Intel64 Family 6 Model 122 Stepping 1, GenuineIntel
TMP=C:\Users\ajani\AppData\Local\Temp
TEMP=C:\Users\ajani\AppData\Local\Temp




Periodic native trim disabled

---------------  S Y S T E M  ---------------

OS:
 Windows 11 , 64 bit Build 26100 (10.0.26100.7623)
OS uptime: 1 days 22:15 hours

CPU: total 2 (initial active 2) (2 cores per cpu, 1 threads per core) family 6 model 122 stepping 1 microcode 0x34, cx8, cmov, fxsr, mmx, 3dnowpref, sse, sse2, sse3, ssse3, sse4.1, sse4.2, popcnt, tsc, tscinvbit, aes, erms, clmul, sha, clflush, clflushopt, rdtscp, rdpid
Processor Information for the first 2 processors :
  Max Mhz: 1101, Current Mhz: 1101, Mhz Limit: 1101

Memory: 4k page, system-wide physical 3911M (544M free)
TotalPageFile size 11255M (AvailPageFile size 2M)
current process WorkingSet (physical memory assigned to process): 792M, peak: 942M
current process commit charge ("private bytes"): 1418M, peak: 1420M

vm_info: OpenJDK 64-Bit Server VM (21.0.10+7-LTS) for windows-amd64 JRE (21.0.10+7-LTS), built on 2026-01-20T00:00:00Z by "admin" with MS VC++ 17.12 (VS2022)

END.
