#
# There is insufficient memory for the Java Runtime Environment to continue.
# Native memory allocation (malloc) failed to allocate 1048576 bytes. Error detail: AllocateHeap
# Possible reasons:
#   The system is out of physical RAM or swap space
#   This process is running with CompressedOops enabled, and the Java Heap may be blocking the growth of the native heap
# Possible solutions:
#   Reduce memory load on the system
#   Increase physical memory or swap space
#   Check if swap backing store is full
#   Decrease Java heap size (-Xmx/-Xms)
#   Decrease number of Java threads
#   Decrease Java thread stack sizes (-Xss)
#   Set larger code cache with -XX:ReservedCodeCacheSize=
#   JVM is running with Unscaled Compressed Oops mode in which the Java heap is
#     placed in the first 4GB address space. The Java Heap base address is the
#     maximum limit for the native heap growth. Please use -XX:HeapBaseMinAddress
#     to set the Java Heap base and to place the Java Heap above 4GB virtual address.
# This output file may be truncated or incomplete.
#
#  Out of Memory Error (allocation.cpp:44), pid=8484, tid=7124
#
# JRE version: OpenJDK Runtime Environment Temurin-21.0.10+7 (21.0.10+7) (build 21.0.10+7-LTS)
# Java VM: OpenJDK 64-Bit Server VM Temurin-21.0.10+7 (21.0.10+7-LTS, mixed mode, sharing, tiered, compressed oops, compressed class ptrs, parallel gc, windows-amd64)
# No core dump will be written. Minidumps are not enabled by default on client versions of Windows
#

---------------  S U M M A R Y ------------

Command Line: --add-modules=ALL-SYSTEM --add-opens=java.base/java.util=ALL-UNNAMED --add-opens=java.base/java.lang=ALL-UNNAMED --add-opens=java.base/sun.nio.fs=ALL-UNNAMED -Declipse.application=org.eclipse.jdt.ls.core.id1 -Dosgi.bundles.defaultStartLevel=4 -Declipse.product=org.eclipse.jdt.ls.core.product -Djava.import.generatesMetadataFilesAtProjectRoot=false -DDetectVMInstallationsJob.disabled=true -Dfile.encoding=utf8 -XX:+UseParallelGC -XX:GCTimeRatio=4 -XX:AdaptiveSizePolicyWeight=90 -Dsun.zip.disableMemoryMapping=true -Xmx2G -Xms100m -Xlog:disable -javaagent:c:\Users\ajani\.vscode\extensions\redhat.java-1.54.0-win32-x64\lombok\lombok-1.18.39-4050.jar -XX:+HeapDumpOnOutOfMemoryError -XX:HeapDumpPath=c:\Users\ajani\AppData\Roaming\Code\User\workspaceStorage\a114b080c051d0f1d1a0b43b3d7ccec4\redhat.java -Daether.dependencyCollector.impl=bf c:\Users\ajani\.vscode\extensions\redhat.java-1.54.0-win32-x64\server\plugins\org.eclipse.equinox.launcher_1.7.100.v20251111-0406.jar -configuration c:\Users\ajani\AppData\Roaming\Code\User\globalStorage\redhat.java\1.54.0\config_win -data c:\Users\ajani\AppData\Roaming\Code\User\workspaceStorage\a114b080c051d0f1d1a0b43b3d7ccec4\redhat.java\jdt_ws --pipe=\\.\pipe\lsp-497890a0ab0fcdfae24bed6668243ff2-sock

Host: Intel(R) Celeron(R) N4000 CPU @ 1.10GHz, 2 cores, 3G,  Windows 11 , 64 bit Build 26100 (10.0.26100.7623)
Time: Fri Jun  5 13:58:12 2026 W. Central Africa Standard Time elapsed time: 2861.510196 seconds (0d 0h 47m 41s)

---------------  T H R E A D  ---------------

Current thread (0x000001a821d0ddb0):  JavaThread "Attach Listener" daemon [_thread_in_vm, id=7124, stack(0x0000009ab7400000,0x0000009ab7500000) (1024K)]

Stack: [0x0000009ab7400000,0x0000009ab7500000]
Native frames: (J=compiled Java code, j=interpreted, Vv=VM code, C=native code)
V  [jvm.dll+0x6d7a39]
V  [jvm.dll+0x8b4b26]
V  [jvm.dll+0x8b70de]
V  [jvm.dll+0x8b77c3]
V  [jvm.dll+0x284346]
V  [jvm.dll+0xc1277]
V  [jvm.dll+0x6d82e9]
V  [jvm.dll+0x1334a6]
V  [jvm.dll+0x3f857e]
V  [jvm.dll+0x85f59d]
V  [jvm.dll+0x6d626d]
C  [ucrtbase.dll+0x37b0]
C  [KERNEL32.DLL+0x2e8d7]
C  [ntdll.dll+0x8c53c]


---------------  P R O C E S S  ---------------

Threads class SMR info:
_java_thread_list=0x000001a87f32e890, length=29, elements={
0x000001a821e5d3e0, 0x000001a821d05730, 0x000001a821d08bc0, 0x000001a821d0a970,
0x000001a821d0ddb0, 0x000001a821d0ffd0, 0x000001a821d10a30, 0x000001a821d13880,
0x000001a821d8acb0, 0x000001a87e0d9900, 0x000001a87e144040, 0x000001a87e08fcc0,
0x000001a87e108d60, 0x000001a821d53cb0, 0x000001a821d54320, 0x000001a87e6bc770,
0x000001a87f0e0420, 0x000001a87e3e4560, 0x000001a87e54f130, 0x000001a87e54f7c0,
0x000001a87e54dd80, 0x000001a87e54d6f0, 0x000001a87ef9dc90, 0x000001a87ef9e9b0,
0x000001a87efa03f0, 0x000001a87ef9cf70, 0x000001a87efa0a80, 0x000001a87ee27f40,
0x000001a87ee26500
}

Java Threads: ( => current thread )
  0x000001a821e5d3e0 JavaThread "main"                              [_thread_blocked, id=12804, stack(0x0000009ab6d00000,0x0000009ab6e00000) (1024K)]
  0x000001a821d05730 JavaThread "Reference Handler"          daemon [_thread_blocked, id=8936, stack(0x0000009ab7100000,0x0000009ab7200000) (1024K)]
  0x000001a821d08bc0 JavaThread "Finalizer"                  daemon [_thread_blocked, id=16224, stack(0x0000009ab7200000,0x0000009ab7300000) (1024K)]
  0x000001a821d0a970 JavaThread "Signal Dispatcher"          daemon [_thread_blocked, id=11148, stack(0x0000009ab7300000,0x0000009ab7400000) (1024K)]
=>0x000001a821d0ddb0 JavaThread "Attach Listener"            daemon [_thread_in_vm, id=7124, stack(0x0000009ab7400000,0x0000009ab7500000) (1024K)]
  0x000001a821d0ffd0 JavaThread "Service Thread"             daemon [_thread_blocked, id=1088, stack(0x0000009ab7500000,0x0000009ab7600000) (1024K)]
  0x000001a821d10a30 JavaThread "Monitor Deflation Thread"   daemon [_thread_blocked, id=12696, stack(0x0000009ab7600000,0x0000009ab7700000) (1024K)]
  0x000001a821d13880 JavaThread "C2 CompilerThread0"         daemon [_thread_blocked, id=10408, stack(0x0000009ab7700000,0x0000009ab7800000) (1024K)]
  0x000001a821d8acb0 JavaThread "C1 CompilerThread0"         daemon [_thread_blocked, id=9816, stack(0x0000009ab7800000,0x0000009ab7900000) (1024K)]
  0x000001a87e0d9900 JavaThread "Common-Cleaner"             daemon [_thread_blocked, id=5688, stack(0x0000009ab7900000,0x0000009ab7a00000) (1024K)]
  0x000001a87e144040 JavaThread "Notification Thread"        daemon [_thread_blocked, id=2412, stack(0x0000009ab7a00000,0x0000009ab7b00000) (1024K)]
  0x000001a87e08fcc0 JavaThread "Active Thread: Equinox Container: e463ca3e-2927-465d-b800-cac3aaea3261"        [_thread_blocked, id=16032, stack(0x0000009ab7c00000,0x0000009ab7d00000) (1024K)]
  0x000001a87e108d60 JavaThread "Refresh Thread: Equinox Container: e463ca3e-2927-465d-b800-cac3aaea3261" daemon [_thread_blocked, id=14436, stack(0x0000009ab7d00000,0x0000009ab7e00000) (1024K)]
  0x000001a821d53cb0 JavaThread "Framework Event Dispatcher: Equinox Container: e463ca3e-2927-465d-b800-cac3aaea3261" daemon [_thread_blocked, id=9700, stack(0x0000009ab7e00000,0x0000009ab7f00000) (1024K)]
  0x000001a821d54320 JavaThread "Start Level: Equinox Container: e463ca3e-2927-465d-b800-cac3aaea3261" daemon [_thread_blocked, id=14080, stack(0x0000009ab7f00000,0x0000009ab8000000) (1024K)]
  0x000001a87e6bc770 JavaThread "Bundle File Closer"         daemon [_thread_blocked, id=12384, stack(0x0000009ab8000000,0x0000009ab8100000) (1024K)]
  0x000001a87f0e0420 JavaThread "SCR Component Actor"        daemon [_thread_blocked, id=4304, stack(0x0000009ab8100000,0x0000009ab8200000) (1024K)]
  0x000001a87e3e4560 JavaThread "Worker-JM"                         [_thread_blocked, id=13532, stack(0x0000009ab8200000,0x0000009ab8300000) (1024K)]
  0x000001a87e54f130 JavaThread "JNA Cleaner"                daemon [_thread_blocked, id=9388, stack(0x0000009ab8300000,0x0000009ab8400000) (1024K)]
  0x000001a87e54f7c0 JavaThread "Worker-0"                          [_thread_blocked, id=1408, stack(0x0000009ab8400000,0x0000009ab8500000) (1024K)]
  0x000001a87e54dd80 JavaThread "Java indexing"              daemon [_thread_blocked, id=3848, stack(0x0000009ab8700000,0x0000009ab8800000) (1024K)]
  0x000001a87e54d6f0 JavaThread "Thread-1"                   daemon [_thread_in_native, id=472, stack(0x0000009ab8c00000,0x0000009ab8d00000) (1024K)]
  0x000001a87ef9dc90 JavaThread "Thread-2"                   daemon [_thread_in_native, id=12084, stack(0x0000009ab8d00000,0x0000009ab8e00000) (1024K)]
  0x000001a87ef9e9b0 JavaThread "Thread-3"                   daemon [_thread_in_native, id=8972, stack(0x0000009ab8e00000,0x0000009ab8f00000) (1024K)]
  0x000001a87efa03f0 JavaThread "pool-2-thread-1"                   [_thread_blocked, id=8092, stack(0x0000009ab8f00000,0x0000009ab9000000) (1024K)]
  0x000001a87ef9cf70 JavaThread "WorkspaceEventsHandler"            [_thread_blocked, id=2644, stack(0x0000009ab9100000,0x0000009ab9200000) (1024K)]
  0x000001a87efa0a80 JavaThread "pool-1-thread-1"                   [_thread_blocked, id=5624, stack(0x0000009ab9200000,0x0000009ab9300000) (1024K)]
  0x000001a87ee27f40 JavaThread "Cleaner-0"                  daemon [_thread_blocked, id=5428, stack(0x0000009ab6c00000,0x0000009ab6d00000) (1024K)]
  0x000001a87ee26500 JavaThread "Worker-8"                          [_thread_blocked, id=5252, stack(0x0000009ab8600000,0x0000009ab8700000) (1024K)]
Total: 29

Other Threads:
  0x000001a821f1b780 VMThread "VM Thread"                           [id=16112, stack(0x0000009ab7000000,0x0000009ab7100000) (1024K)]
  0x000001a821cecb00 WatcherThread "VM Periodic Task Thread"        [id=12076, stack(0x0000009ab6f00000,0x0000009ab7000000) (1024K)]
  0x000001a821e7aae0 WorkerThread "GC Thread#0"                     [id=15052, stack(0x0000009ab6e00000,0x0000009ab6f00000) (1024K)]
  0x000001a87e648220 WorkerThread "GC Thread#1"                     [id=2276, stack(0x0000009ab7b00000,0x0000009ab7c00000) (1024K)]
Total: 4

Threads with active compile tasks:
Total: 0

VM state: not at safepoint (normal execution)

VM Mutex/Monitor currently owned by a thread: None

Heap address: 0x0000000080000000, size: 2048 MB, Compressed Oops mode: 32-bit

CDS archive(s) mapped at: [0x000001a839000000-0x000001a839ba0000-0x000001a839ba0000), size 12189696, SharedBaseAddress: 0x000001a839000000, ArchiveRelocationMode: 1.
Compressed class space mapped at: 0x000001a83a000000-0x000001a87a000000, reserved size: 1073741824
Narrow klass base: 0x000001a839000000, Narrow klass shift: 0, Narrow klass range: 0x100000000

GC Precious Log:
 CardTable entry size: 512
 CPUs: 2 total, 2 available
 Memory: 3911M
 Large Page Support: Disabled
 NUMA Support: Disabled
 Compressed Oops: Enabled (32-bit)
 Alignments: Space 512K, Generation 512K, Heap 2M
 Heap Min Capacity: 100M
 Heap Initial Capacity: 100M
 Heap Max Capacity: 2G
 Pre-touch: Disabled
 Parallel Workers: 2

Heap:
 PSYoungGen      total 3072K, used 2128K [0x00000000d5580000, 0x00000000d5b80000, 0x0000000100000000)
  eden space 2560K, 80% used [0x00000000d5580000,0x00000000d57843c8,0x00000000d5800000)
  from space 512K, 12% used [0x00000000d5b00000,0x00000000d5b10000,0x00000000d5b80000)
  to   space 512K, 0% used [0x00000000d5a80000,0x00000000d5a80000,0x00000000d5b00000)
 ParOldGen       total 215552K, used 215058K [0x0000000080000000, 0x000000008d280000, 0x00000000d5580000)
  object space 215552K, 99% used [0x0000000080000000,0x000000008d204b40,0x000000008d280000)
 Metaspace       used 80798K, committed 82624K, reserved 1179648K
  class space    used 8239K, committed 9088K, reserved 1048576K

Card table byte_map: [0x000001a821800000,0x000001a821c10000] _byte_map_base: 0x000001a821400000

Marking Bits: (ParMarkBitMap*) 0x00007ffacf203450
 Begin Bits: [0x000001a834310000, 0x000001a836310000)
 End Bits:   [0x000001a836310000, 0x000001a838310000)

Polling page: 0x000001a81fca0000

Metaspace:

Usage:
  Non-class:     70.86 MB used.
      Class:      8.05 MB used.
       Both:     78.91 MB used.

Virtual space:
  Non-class space:      128.00 MB reserved,      71.81 MB ( 56%) committed,  2 nodes.
      Class space:        1.00 GB reserved,       8.88 MB ( <1%) committed,  1 nodes.
             Both:        1.12 GB reserved,      80.69 MB (  7%) committed. 

Chunk freelists:
   Non-Class:  7.61 MB
       Class:  7.10 MB
        Both:  14.71 MB

MaxMetaspaceSize: unlimited
CompressedClassSpaceSize: 1.00 GB
Initial GC threshold: 21.00 MB
Current GC threshold: 131.19 MB
CDS: on
 - commit_granule_bytes: 65536.
 - commit_granule_words: 8192.
 - virtual_space_node_default_size: 8388608.
 - enlarge_chunks_in_place: 1.
 - use_allocation_guard: 0.


Internal statistics:

num_allocs_failed_limit: 9.
num_arena_births: 1580.
num_arena_deaths: 14.
num_vsnodes_births: 3.
num_vsnodes_deaths: 0.
num_space_committed: 1291.
num_space_uncommitted: 0.
num_chunks_returned_to_freelist: 23.
num_chunks_taken_from_freelist: 5434.
num_chunk_merges: 9.
num_chunk_splits: 3284.
num_chunks_enlarged: 1823.
num_inconsistent_stats: 0.

CodeHeap 'non-profiled nmethods': size=120064Kb used=14013Kb max_used=14013Kb free=106050Kb
 bounds [0x000001a82cb20000, 0x000001a82d8d0000, 0x000001a834060000]
CodeHeap 'profiled nmethods': size=120000Kb used=41027Kb max_used=41027Kb free=78973Kb
 bounds [0x000001a825060000, 0x000001a827880000, 0x000001a82c590000]
CodeHeap 'non-nmethods': size=5696Kb used=1492Kb max_used=1576Kb free=4203Kb
 bounds [0x000001a82c590000, 0x000001a82c800000, 0x000001a82cb20000]
CodeCache: size=245760Kb, used=56532Kb, max_used=56616Kb, free=189226Kb
 total_blobs=16663, nmethods=15848, adapters=719, full_count=0
Compilation: enabled, stopped_count=0, restarted_count=0

Compilation events (20 events):
Event: 2790.985 Thread 0x000001a821d8acb0 17493       3       org.eclipse.jdt.internal.core.SortElementsOperation$2::sortElements (117 bytes)
Event: 2790.990 Thread 0x000001a821d8acb0 nmethod 17493 0x000001a82786a610 code [0x000001a82786a8c0, 0x000001a82786b788]
Event: 2790.991 Thread 0x000001a821d8acb0 17494       3       org.eclipse.core.runtime.SubMonitor::beginTask (25 bytes)
Event: 2790.994 Thread 0x000001a821d8acb0 nmethod 17494 0x000001a82786bd10 code [0x000001a82786bf20, 0x000001a82786c538]
Event: 2790.994 Thread 0x000001a821d8acb0 17495       3       org.eclipse.jdt.internal.core.SortElementsOperation$2::visit (37 bytes)
Event: 2790.994 Thread 0x000001a821d8acb0 nmethod 17495 0x000001a82786c790 code [0x000001a82786c9a0, 0x000001a82786ceb0]
Event: 2801.598 Thread 0x000001a821d8acb0 17496   !   3       java.lang.ref.ReferenceQueue::remove (61 bytes)
Event: 2801.604 Thread 0x000001a821d8acb0 nmethod 17496 0x000001a82786d110 code [0x000001a82786d3a0, 0x000001a82786df28]
Event: 2801.604 Thread 0x000001a821d8acb0 17497       3       java.lang.ref.ReferenceQueue::remove0 (64 bytes)
Event: 2801.605 Thread 0x000001a821d8acb0 nmethod 17497 0x000001a82786e310 code [0x000001a82786e520, 0x000001a82786e9a0]
Event: 2815.006 Thread 0x000001a821d8acb0 17498       3       org.eclipse.jdt.internal.core.manipulation.JavaElementLabelComposerCore::appendDeclarationLabel (167 bytes)
Event: 2815.011 Thread 0x000001a821d8acb0 nmethod 17498 0x000001a82786eb10 code [0x000001a82786ee40, 0x000001a827870480]
Event: 2815.044 Thread 0x000001a821d13880 17499       4       org.eclipse.jdt.core.dom.FieldAccess::accept0 (34 bytes)
Event: 2815.134 Thread 0x000001a821d13880 nmethod 17499 0x000001a82d8cc810 code [0x000001a82d8ccb00, 0x000001a82d8cdf98]
Event: 2815.135 Thread 0x000001a821d13880 17500       4       java.util.Collections$SingletonList::iterator (8 bytes)
Event: 2815.139 Thread 0x000001a821d13880 nmethod 17500 0x000001a82d8ce910 code [0x000001a82d8ceaa0, 0x000001a82d8ceb98]
Event: 2815.283 Thread 0x000001a821d13880 17501       4       org.eclipse.jdt.internal.compiler.lookup.ReferenceBinding::isClass (15 bytes)
Event: 2815.283 Thread 0x000001a821d13880 nmethod 17501 0x000001a82d8cec90 code [0x000001a82d8cee20, 0x000001a82d8ceeb8]
Event: 2815.288 Thread 0x000001a821d13880 17502       4       org.eclipse.jdt.internal.core.Member::getNameRange (31 bytes)
Event: 2815.292 Thread 0x000001a821d13880 nmethod 17502 0x000001a82d8cef90 code [0x000001a82d8cf140, 0x000001a82d8cf338]

GC Heap History (20 events):
Event: 2659.227 GC heap before
{Heap before GC invocations=503 (full 4):
 PSYoungGen      total 3072K, used 2624K [0x00000000d5580000, 0x00000000d5b80000, 0x0000000100000000)
  eden space 2560K, 100% used [0x00000000d5580000,0x00000000d5800000,0x00000000d5800000)
  from space 512K, 12% used [0x00000000d5b00000,0x00000000d5b10000,0x00000000d5b80000)
  to   space 512K, 0% used [0x00000000d5a80000,0x00000000d5a80000,0x00000000d5b00000)
 ParOldGen       total 212992K, used 212711K [0x0000000080000000, 0x000000008d000000, 0x00000000d5580000)
  object space 212992K, 99% used [0x0000000080000000,0x000000008cfb9f60,0x000000008d000000)
 Metaspace       used 80758K, committed 82560K, reserved 1179648K
  class space    used 8237K, committed 9088K, reserved 1048576K
}
Event: 2659.230 GC heap after
{Heap after GC invocations=503 (full 4):
 PSYoungGen      total 3072K, used 266K [0x00000000d5580000, 0x00000000d5b80000, 0x0000000100000000)
  eden space 2560K, 0% used [0x00000000d5580000,0x00000000d5580000,0x00000000d5800000)
  from space 512K, 52% used [0x00000000d5a80000,0x00000000d5ac2930,0x00000000d5b00000)
  to   space 512K, 0% used [0x00000000d5b00000,0x00000000d5b00000,0x00000000d5b80000)
 ParOldGen       total 212992K, used 212743K [0x0000000080000000, 0x000000008d000000, 0x00000000d5580000)
  object space 212992K, 99% used [0x0000000080000000,0x000000008cfc1f60,0x000000008d000000)
 Metaspace       used 80758K, committed 82560K, reserved 1179648K
  class space    used 8237K, committed 9088K, reserved 1048576K
}
Event: 2659.317 GC heap before
{Heap before GC invocations=504 (full 4):
 PSYoungGen      total 3072K, used 2826K [0x00000000d5580000, 0x00000000d5b80000, 0x0000000100000000)
  eden space 2560K, 99% used [0x00000000d5580000,0x00000000d57ffff8,0x00000000d5800000)
  from space 512K, 52% used [0x00000000d5a80000,0x00000000d5ac2930,0x00000000d5b00000)
  to   space 512K, 0% used [0x00000000d5b00000,0x00000000d5b00000,0x00000000d5b80000)
 ParOldGen       total 212992K, used 212743K [0x0000000080000000, 0x000000008d000000, 0x00000000d5580000)
  object space 212992K, 99% used [0x0000000080000000,0x000000008cfc1f60,0x000000008d000000)
 Metaspace       used 80768K, committed 82560K, reserved 1179648K
  class space    used 8237K, committed 9088K, reserved 1048576K
}
Event: 2659.325 GC heap after
{Heap after GC invocations=504 (full 4):
 PSYoungGen      total 3072K, used 480K [0x00000000d5580000, 0x00000000d5b80000, 0x0000000100000000)
  eden space 2560K, 0% used [0x00000000d5580000,0x00000000d5580000,0x00000000d5800000)
  from space 512K, 93% used [0x00000000d5b00000,0x00000000d5b78000,0x00000000d5b80000)
  to   space 1024K, 0% used [0x00000000d5980000,0x00000000d5980000,0x00000000d5a80000)
 ParOldGen       total 212992K, used 212977K [0x0000000080000000, 0x000000008d000000, 0x00000000d5580000)
  object space 212992K, 99% used [0x0000000080000000,0x000000008cffc420,0x000000008d000000)
 Metaspace       used 80768K, committed 82560K, reserved 1179648K
  class space    used 8237K, committed 9088K, reserved 1048576K
}
Event: 2659.787 GC heap before
{Heap before GC invocations=505 (full 4):
 PSYoungGen      total 3072K, used 3015K [0x00000000d5580000, 0x00000000d5b80000, 0x0000000100000000)
  eden space 2560K, 99% used [0x00000000d5580000,0x00000000d57f9c08,0x00000000d5800000)
  from space 512K, 93% used [0x00000000d5b00000,0x00000000d5b78000,0x00000000d5b80000)
  to   space 1024K, 0% used [0x00000000d5980000,0x00000000d5980000,0x00000000d5a80000)
 ParOldGen       total 212992K, used 212977K [0x0000000080000000, 0x000000008d000000, 0x00000000d5580000)
  object space 212992K, 99% used [0x0000000080000000,0x000000008cffc420,0x000000008d000000)
 Metaspace       used 80777K, committed 82560K, reserved 1179648K
  class space    used 8239K, committed 9088K, reserved 1048576K
}
Event: 2659.794 GC heap after
{Heap after GC invocations=505 (full 4):
 PSYoungGen      total 3584K, used 320K [0x00000000d5580000, 0x00000000d5b80000, 0x0000000100000000)
  eden space 2560K, 0% used [0x00000000d5580000,0x00000000d5580000,0x00000000d5800000)
  from space 1024K, 31% used [0x00000000d5980000,0x00000000d59d0030,0x00000000d5a80000)
  to   space 512K, 0% used [0x00000000d5b00000,0x00000000d5b00000,0x00000000d5b80000)
 ParOldGen       total 213504K, used 213405K [0x0000000080000000, 0x000000008d080000, 0x00000000d5580000)
  object space 213504K, 99% used [0x0000000080000000,0x000000008d067430,0x000000008d080000)
 Metaspace       used 80777K, committed 82560K, reserved 1179648K
  class space    used 8239K, committed 9088K, reserved 1048576K
}
Event: 2661.516 GC heap before
{Heap before GC invocations=506 (full 4):
 PSYoungGen      total 3584K, used 2880K [0x00000000d5580000, 0x00000000d5b80000, 0x0000000100000000)
  eden space 2560K, 100% used [0x00000000d5580000,0x00000000d5800000,0x00000000d5800000)
  from space 1024K, 31% used [0x00000000d5980000,0x00000000d59d0030,0x00000000d5a80000)
  to   space 512K, 0% used [0x00000000d5b00000,0x00000000d5b00000,0x00000000d5b80000)
 ParOldGen       total 213504K, used 213405K [0x0000000080000000, 0x000000008d080000, 0x00000000d5580000)
  object space 213504K, 99% used [0x0000000080000000,0x000000008d067430,0x000000008d080000)
 Metaspace       used 80781K, committed 82560K, reserved 1179648K
  class space    used 8239K, committed 9088K, reserved 1048576K
}
Event: 2661.522 GC heap after
{Heap after GC invocations=506 (full 4):
 PSYoungGen      total 3072K, used 180K [0x00000000d5580000, 0x00000000d5b80000, 0x0000000100000000)
  eden space 2560K, 0% used [0x00000000d5580000,0x00000000d5580000,0x00000000d5800000)
  from space 512K, 35% used [0x00000000d5b00000,0x00000000d5b2d200,0x00000000d5b80000)
  to   space 512K, 0% used [0x00000000d5a80000,0x00000000d5a80000,0x00000000d5b00000)
 ParOldGen       total 214016K, used 213685K [0x0000000080000000, 0x000000008d100000, 0x00000000d5580000)
  object space 214016K, 99% used [0x0000000080000000,0x000000008d0ad6f0,0x000000008d100000)
 Metaspace       used 80781K, committed 82560K, reserved 1179648K
  class space    used 8239K, committed 9088K, reserved 1048576K
}
Event: 2661.556 GC heap before
{Heap before GC invocations=507 (full 4):
 PSYoungGen      total 3072K, used 2740K [0x00000000d5580000, 0x00000000d5b80000, 0x0000000100000000)
  eden space 2560K, 100% used [0x00000000d5580000,0x00000000d5800000,0x00000000d5800000)
  from space 512K, 35% used [0x00000000d5b00000,0x00000000d5b2d200,0x00000000d5b80000)
  to   space 512K, 0% used [0x00000000d5a80000,0x00000000d5a80000,0x00000000d5b00000)
 ParOldGen       total 214016K, used 213685K [0x0000000080000000, 0x000000008d100000, 0x00000000d5580000)
  object space 214016K, 99% used [0x0000000080000000,0x000000008d0ad6f0,0x000000008d100000)
 Metaspace       used 80781K, committed 82560K, reserved 1179648K
  class space    used 8239K, committed 9088K, reserved 1048576K
}
Event: 2661.560 GC heap after
{Heap after GC invocations=507 (full 4):
 PSYoungGen      total 3072K, used 384K [0x00000000d5580000, 0x00000000d5b80000, 0x0000000100000000)
  eden space 2560K, 0% used [0x00000000d5580000,0x00000000d5580000,0x00000000d5800000)
  from space 512K, 75% used [0x00000000d5a80000,0x00000000d5ae0000,0x00000000d5b00000)
  to   space 512K, 0% used [0x00000000d5b00000,0x00000000d5b00000,0x00000000d5b80000)
 ParOldGen       total 214016K, used 213842K [0x0000000080000000, 0x000000008d100000, 0x00000000d5580000)
  object space 214016K, 99% used [0x0000000080000000,0x000000008d0d48f0,0x000000008d100000)
 Metaspace       used 80781K, committed 82560K, reserved 1179648K
  class space    used 8239K, committed 9088K, reserved 1048576K
}
Event: 2661.607 GC heap before
{Heap before GC invocations=508 (full 4):
 PSYoungGen      total 3072K, used 2944K [0x00000000d5580000, 0x00000000d5b80000, 0x0000000100000000)
  eden space 2560K, 100% used [0x00000000d5580000,0x00000000d5800000,0x00000000d5800000)
  from space 512K, 75% used [0x00000000d5a80000,0x00000000d5ae0000,0x00000000d5b00000)
  to   space 512K, 0% used [0x00000000d5b00000,0x00000000d5b00000,0x00000000d5b80000)
 ParOldGen       total 214016K, used 213842K [0x0000000080000000, 0x000000008d100000, 0x00000000d5580000)
  object space 214016K, 99% used [0x0000000080000000,0x000000008d0d48f0,0x000000008d100000)
 Metaspace       used 80782K, committed 82560K, reserved 1179648K
  class space    used 8239K, committed 9088K, reserved 1048576K
}
Event: 2661.611 GC heap after
{Heap after GC invocations=508 (full 4):
 PSYoungGen      total 3072K, used 372K [0x00000000d5580000, 0x00000000d5b80000, 0x0000000100000000)
  eden space 2560K, 0% used [0x00000000d5580000,0x00000000d5580000,0x00000000d5800000)
  from space 512K, 72% used [0x00000000d5b00000,0x00000000d5b5d200,0x00000000d5b80000)
  to   space 512K, 0% used [0x00000000d5a80000,0x00000000d5a80000,0x00000000d5b00000)
 ParOldGen       total 214528K, used 214194K [0x0000000080000000, 0x000000008d180000, 0x00000000d5580000)
  object space 214528K, 99% used [0x0000000080000000,0x000000008d12c920,0x000000008d180000)
 Metaspace       used 80782K, committed 82560K, reserved 1179648K
  class space    used 8239K, committed 9088K, reserved 1048576K
}
Event: 2661.717 GC heap before
{Heap before GC invocations=509 (full 4):
 PSYoungGen      total 3072K, used 2932K [0x00000000d5580000, 0x00000000d5b80000, 0x0000000100000000)
  eden space 2560K, 100% used [0x00000000d5580000,0x00000000d5800000,0x00000000d5800000)
  from space 512K, 72% used [0x00000000d5b00000,0x00000000d5b5d200,0x00000000d5b80000)
  to   space 512K, 0% used [0x00000000d5a80000,0x00000000d5a80000,0x00000000d5b00000)
 ParOldGen       total 214528K, used 214194K [0x0000000080000000, 0x000000008d180000, 0x00000000d5580000)
  object space 214528K, 99% used [0x0000000080000000,0x000000008d12c920,0x000000008d180000)
 Metaspace       used 80783K, committed 82560K, reserved 1179648K
  class space    used 8239K, committed 9088K, reserved 1048576K
}
Event: 2661.724 GC heap after
{Heap after GC invocations=509 (full 4):
 PSYoungGen      total 3072K, used 480K [0x00000000d5580000, 0x00000000d5b80000, 0x0000000100000000)
  eden space 2560K, 0% used [0x00000000d5580000,0x00000000d5580000,0x00000000d5800000)
  from space 512K, 93% used [0x00000000d5a80000,0x00000000d5af8000,0x00000000d5b00000)
  to   space 512K, 0% used [0x00000000d5b00000,0x00000000d5b00000,0x00000000d5b80000)
 ParOldGen       total 215040K, used 214554K [0x0000000080000000, 0x000000008d200000, 0x00000000d5580000)
  object space 215040K, 99% used [0x0000000080000000,0x000000008d186b40,0x000000008d200000)
 Metaspace       used 80783K, committed 82560K, reserved 1179648K
  class space    used 8239K, committed 9088K, reserved 1048576K
}
Event: 2713.745 GC heap before
{Heap before GC invocations=510 (full 4):
 PSYoungGen      total 3072K, used 3025K [0x00000000d5580000, 0x00000000d5b80000, 0x0000000100000000)
  eden space 2560K, 99% used [0x00000000d5580000,0x00000000d57fc6a8,0x00000000d5800000)
  from space 512K, 93% used [0x00000000d5a80000,0x00000000d5af8000,0x00000000d5b00000)
  to   space 512K, 0% used [0x00000000d5b00000,0x00000000d5b00000,0x00000000d5b80000)
 ParOldGen       total 215040K, used 214554K [0x0000000080000000, 0x000000008d200000, 0x00000000d5580000)
  object space 215040K, 99% used [0x0000000080000000,0x000000008d186b40,0x000000008d200000)
 Metaspace       used 80785K, committed 82560K, reserved 1179648K
  class space    used 8239K, committed 9088K, reserved 1048576K
}
Event: 2713.749 GC heap after
{Heap after GC invocations=510 (full 4):
 PSYoungGen      total 3072K, used 96K [0x00000000d5580000, 0x00000000d5b80000, 0x0000000100000000)
  eden space 2560K, 0% used [0x00000000d5580000,0x00000000d5580000,0x00000000d5800000)
  from space 512K, 18% used [0x00000000d5b00000,0x00000000d5b18010,0x00000000d5b80000)
  to   space 512K, 0% used [0x00000000d5a80000,0x00000000d5a80000,0x00000000d5b00000)
 ParOldGen       total 215040K, used 214994K [0x0000000080000000, 0x000000008d200000, 0x00000000d5580000)
  object space 215040K, 99% used [0x0000000080000000,0x000000008d1f4b40,0x000000008d200000)
 Metaspace       used 80785K, committed 82560K, reserved 1179648K
  class space    used 8239K, committed 9088K, reserved 1048576K
}
Event: 2790.954 GC heap before
{Heap before GC invocations=511 (full 4):
 PSYoungGen      total 3072K, used 2656K [0x00000000d5580000, 0x00000000d5b80000, 0x0000000100000000)
  eden space 2560K, 100% used [0x00000000d5580000,0x00000000d5800000,0x00000000d5800000)
  from space 512K, 18% used [0x00000000d5b00000,0x00000000d5b18010,0x00000000d5b80000)
  to   space 512K, 0% used [0x00000000d5a80000,0x00000000d5a80000,0x00000000d5b00000)
 ParOldGen       total 215040K, used 214994K [0x0000000080000000, 0x000000008d200000, 0x00000000d5580000)
  object space 215040K, 99% used [0x0000000080000000,0x000000008d1f4b40,0x000000008d200000)
 Metaspace       used 80787K, committed 82560K, reserved 1179648K
  class space    used 8239K, committed 9088K, reserved 1048576K
}
Event: 2790.958 GC heap after
{Heap after GC invocations=511 (full 4):
 PSYoungGen      total 3072K, used 64K [0x00000000d5580000, 0x00000000d5b80000, 0x0000000100000000)
  eden space 2560K, 0% used [0x00000000d5580000,0x00000000d5580000,0x00000000d5800000)
  from space 512K, 12% used [0x00000000d5a80000,0x00000000d5a90000,0x00000000d5b00000)
  to   space 512K, 0% used [0x00000000d5b00000,0x00000000d5b00000,0x00000000d5b80000)
 ParOldGen       total 215552K, used 215042K [0x0000000080000000, 0x000000008d280000, 0x00000000d5580000)
  object space 215552K, 99% used [0x0000000080000000,0x000000008d200b40,0x000000008d280000)
 Metaspace       used 80787K, committed 82560K, reserved 1179648K
  class space    used 8239K, committed 9088K, reserved 1048576K
}
Event: 2815.024 GC heap before
{Heap before GC invocations=512 (full 4):
 PSYoungGen      total 3072K, used 2624K [0x00000000d5580000, 0x00000000d5b80000, 0x0000000100000000)
  eden space 2560K, 100% used [0x00000000d5580000,0x00000000d5800000,0x00000000d5800000)
  from space 512K, 12% used [0x00000000d5a80000,0x00000000d5a90000,0x00000000d5b00000)
  to   space 512K, 0% used [0x00000000d5b00000,0x00000000d5b00000,0x00000000d5b80000)
 ParOldGen       total 215552K, used 215042K [0x0000000080000000, 0x000000008d280000, 0x00000000d5580000)
  object space 215552K, 99% used [0x0000000080000000,0x000000008d200b40,0x000000008d280000)
 Metaspace       used 80798K, committed 82624K, reserved 1179648K
  class space    used 8239K, committed 9088K, reserved 1048576K
}
Event: 2815.031 GC heap after
{Heap after GC invocations=512 (full 4):
 PSYoungGen      total 3072K, used 64K [0x00000000d5580000, 0x00000000d5b80000, 0x0000000100000000)
  eden space 2560K, 0% used [0x00000000d5580000,0x00000000d5580000,0x00000000d5800000)
  from space 512K, 12% used [0x00000000d5b00000,0x00000000d5b10000,0x00000000d5b80000)
  to   space 512K, 0% used [0x00000000d5a80000,0x00000000d5a80000,0x00000000d5b00000)
 ParOldGen       total 215552K, used 215058K [0x0000000080000000, 0x000000008d280000, 0x00000000d5580000)
  object space 215552K, 99% used [0x0000000080000000,0x000000008d204b40,0x000000008d280000)
 Metaspace       used 80798K, committed 82624K, reserved 1179648K
  class space    used 8239K, committed 9088K, reserved 1048576K
}

Dll operation events (12 events):
Event: 0.043 Loaded shared library c:\Users\ajani\.vscode\extensions\redhat.java-1.54.0-win32-x64\jre\21.0.10-win32-x86_64\bin\java.dll
Event: 0.928 Loaded shared library c:\Users\ajani\.vscode\extensions\redhat.java-1.54.0-win32-x64\jre\21.0.10-win32-x86_64\bin\zip.dll
Event: 1.869 Loaded shared library C:\Users\ajani\.vscode\extensions\redhat.java-1.54.0-win32-x64\jre\21.0.10-win32-x86_64\bin\instrument.dll
Event: 1.898 Loaded shared library C:\Users\ajani\.vscode\extensions\redhat.java-1.54.0-win32-x64\jre\21.0.10-win32-x86_64\bin\net.dll
Event: 1.909 Loaded shared library C:\Users\ajani\.vscode\extensions\redhat.java-1.54.0-win32-x64\jre\21.0.10-win32-x86_64\bin\nio.dll
Event: 1.920 Loaded shared library C:\Users\ajani\.vscode\extensions\redhat.java-1.54.0-win32-x64\jre\21.0.10-win32-x86_64\bin\zip.dll
Event: 2.416 Loaded shared library C:\Users\ajani\.vscode\extensions\redhat.java-1.54.0-win32-x64\jre\21.0.10-win32-x86_64\bin\jimage.dll
Event: 3.796 Loaded shared library c:\Users\ajani\.vscode\extensions\redhat.java-1.54.0-win32-x64\jre\21.0.10-win32-x86_64\bin\verify.dll
Event: 11.387 Loaded shared library C:\Users\ajani\AppData\Roaming\Code\User\globalStorage\redhat.java\1.54.0\config_win\org.eclipse.equinox.launcher\org.eclipse.equinox.launcher.win32.win32.x86_64_1.3.0.v20260203-2149\eclipse_11919.dll
Event: 21.523 Loaded shared library C:\Users\ajani\AppData\Local\Temp\jna-92836115\jna3286344343257465900.dll
Event: 41.980 Loaded shared library C:\Users\ajani\.vscode\extensions\redhat.java-1.54.0-win32-x64\jre\21.0.10-win32-x86_64\bin\sunmscapi.dll
Event: 42.586 Loaded shared library C:\Users\ajani\.vscode\extensions\redhat.java-1.54.0-win32-x64\jre\21.0.10-win32-x86_64\bin\extnet.dll

Deoptimization events (20 events):
Event: 2567.967 Thread 0x000001a87ee26b90 DEOPT PACKING pc=0x000001a82d888b88 sp=0x0000009ab85fcb80
Event: 2567.967 Thread 0x000001a87ee26b90 DEOPT UNPACKING pc=0x000001a82c5e3a9c sp=0x0000009ab85fca98 mode 2
Event: 2569.672 Thread 0x000001a87ee26500 DEOPT PACKING pc=0x000001a826bd70e5 sp=0x0000009ab86fd740
Event: 2569.672 Thread 0x000001a87ee26500 DEOPT UNPACKING pc=0x000001a82c5e4223 sp=0x0000009ab86fcbb8 mode 0
Event: 2589.020 Thread 0x000001a87ee285d0 Uncommon trap: trap_request=0xffffffbe fr.pc=0x000001a82d898410 relative=0x0000000000000a30
Event: 2589.020 Thread 0x000001a87ee285d0 Uncommon trap: reason=profile_predicate action=maybe_recompile pc=0x000001a82d898410 method=org.eclipse.jdt.internal.compiler.codegen.CharArrayCache.rehash()V @ 54 c2
Event: 2589.020 Thread 0x000001a87ee285d0 DEOPT PACKING pc=0x000001a82d898410 sp=0x0000009ab89fe430
Event: 2589.021 Thread 0x000001a87ee285d0 DEOPT UNPACKING pc=0x000001a82c5e3a9c sp=0x0000009ab89fe3f0 mode 2
Event: 2589.021 Thread 0x000001a87ee285d0 Uncommon trap: trap_request=0xffffffbe fr.pc=0x000001a82d898410 relative=0x0000000000000a30
Event: 2589.021 Thread 0x000001a87ee285d0 Uncommon trap: reason=profile_predicate action=maybe_recompile pc=0x000001a82d898410 method=org.eclipse.jdt.internal.compiler.codegen.CharArrayCache.rehash()V @ 54 c2
Event: 2589.021 Thread 0x000001a87ee285d0 DEOPT PACKING pc=0x000001a82d898410 sp=0x0000009ab89fe420
Event: 2589.021 Thread 0x000001a87ee285d0 DEOPT UNPACKING pc=0x000001a82c5e3a9c sp=0x0000009ab89fe3e0 mode 2
Event: 2589.021 Thread 0x000001a87ee285d0 Uncommon trap: trap_request=0xffffff6e fr.pc=0x000001a82d898284 relative=0x00000000000008a4
Event: 2589.021 Thread 0x000001a87ee285d0 Uncommon trap: reason=loop_limit_check action=maybe_recompile pc=0x000001a82d898284 method=org.eclipse.jdt.internal.compiler.codegen.CharArrayCache.rehash()V @ 58 c2
Event: 2589.021 Thread 0x000001a87ee285d0 DEOPT PACKING pc=0x000001a82d898284 sp=0x0000009ab89fe440
Event: 2589.021 Thread 0x000001a87ee285d0 DEOPT UNPACKING pc=0x000001a82c5e3a9c sp=0x0000009ab89fe3f8 mode 2
Event: 2589.185 Thread 0x000001a87ee292f0 Uncommon trap: trap_request=0xffffffc6 fr.pc=0x000001a82ccc375c relative=0x00000000000004dc
Event: 2589.185 Thread 0x000001a87ee292f0 Uncommon trap: reason=bimorphic_or_optimized_type_check action=maybe_recompile pc=0x000001a82ccc375c method=java.util.HashMap.removeNode(ILjava/lang/Object;Ljava/lang/Object;ZZ)Ljava/util/HashMap$Node; @ 143 c2
Event: 2589.185 Thread 0x000001a87ee292f0 DEOPT PACKING pc=0x000001a82ccc375c sp=0x0000009ab8afea00
Event: 2589.185 Thread 0x000001a87ee292f0 DEOPT UNPACKING pc=0x000001a82c5e3a9c sp=0x0000009ab8afe908 mode 2

Classes loaded (20 events):
Event: 125.696 Loading class java/util/stream/Nodes$IntFixedNodeBuilder
Event: 125.697 Loading class java/util/stream/Node$Builder$OfInt
Event: 125.697 Loading class java/util/stream/Node$Builder$OfInt done
Event: 125.697 Loading class java/util/stream/Nodes$IntArrayNode
Event: 125.697 Loading class java/util/stream/Nodes$IntArrayNode done
Event: 125.697 Loading class java/util/stream/Nodes$IntFixedNodeBuilder done
Event: 125.698 Loading class java/util/stream/ReferencePipeline$4$1
Event: 125.698 Loading class java/util/stream/ReferencePipeline$4$1 done
Event: 129.409 Loading class jdk/internal/ref/CleanerImpl$InnocuousThreadFactory
Event: 129.409 Loading class jdk/internal/ref/CleanerImpl$InnocuousThreadFactory done
Event: 669.699 Loading class java/util/function/IntPredicate
Event: 669.699 Loading class java/util/function/IntPredicate done
Event: 669.941 Loading class java/util/regex/Pattern$Bound
Event: 669.941 Loading class java/util/regex/Pattern$Bound done
Event: 700.814 Loading class java/util/stream/ReferencePipeline$15
Event: 700.814 Loading class java/util/stream/ReferencePipeline$15 done
Event: 700.957 Loading class java/util/stream/ReferencePipeline$15$1
Event: 700.958 Loading class java/util/stream/ReferencePipeline$15$1 done
Event: 720.318 Loading class java/nio/file/Files$2
Event: 720.318 Loading class java/nio/file/Files$2 done

Classes unloaded (7 events):
Event: 26.664 Thread 0x000001a821f1b780 Unloading class 0x000001a83a1a5400 'java/lang/invoke/LambdaForm$MH+0x000001a83a1a5400'
Event: 26.665 Thread 0x000001a821f1b780 Unloading class 0x000001a83a1a5000 'java/lang/invoke/LambdaForm$MH+0x000001a83a1a5000'
Event: 26.665 Thread 0x000001a821f1b780 Unloading class 0x000001a83a1a4c00 'java/lang/invoke/LambdaForm$MH+0x000001a83a1a4c00'
Event: 26.665 Thread 0x000001a821f1b780 Unloading class 0x000001a83a1a4800 'java/lang/invoke/LambdaForm$MH+0x000001a83a1a4800'
Event: 26.665 Thread 0x000001a821f1b780 Unloading class 0x000001a83a1a4400 'java/lang/invoke/LambdaForm$BMH+0x000001a83a1a4400'
Event: 26.665 Thread 0x000001a821f1b780 Unloading class 0x000001a83a1a4000 'java/lang/invoke/LambdaForm$DMH+0x000001a83a1a4000'
Event: 26.665 Thread 0x000001a821f1b780 Unloading class 0x000001a83a1a2c00 'java/lang/invoke/LambdaForm$DMH+0x000001a83a1a2c00'

Classes redefined (0 events):
No events

Internal exceptions (20 events):
Event: 126.460 Thread 0x000001a87e54f7c0 Implicit null exception at 0x000001a82d1503a5 to 0x000001a82d150720
Event: 126.861 Thread 0x000001a87efa0a80 Exception <a 'java/lang/IncompatibleClassChangeError'{0x00000000d5b61e18}: Found class java.lang.Object, but interface was expected> (0x00000000d5b61e18) 
thrown [s\src\hotspot\share\interpreter\linkResolver.cpp, line 840]
Event: 130.625 Thread 0x000001a87efa0a80 Exception <a 'java/lang/IncompatibleClassChangeError'{0x00000000d56ecae0}: Found class java.lang.Object, but interface was expected> (0x00000000d56ecae0) 
thrown [s\src\hotspot\share\interpreter\linkResolver.cpp, line 840]
Event: 134.179 Thread 0x000001a87efa0a80 Exception <a 'java/lang/IncompatibleClassChangeError'{0x00000000d576ba00}: Found class java.lang.Object, but interface was expected> (0x00000000d576ba00) 
thrown [s\src\hotspot\share\interpreter\linkResolver.cpp, line 840]
Event: 136.760 Thread 0x000001a87ee285d0 Exception <a 'java/lang/NoSuchMethodError'{0x00000000d5ffd860}: 'java.lang.Object java.lang.invoke.DirectMethodHandle$Holder.invokeStatic(java.lang.Object, int, java.lang.Object)'> (0x00000000d5ffd860) 
thrown [s\src\hotspot\share\interpreter\linkResolver.cpp, line 773]
Event: 139.859 Thread 0x000001a87ee29980 Exception <a 'java/lang/ArrayIndexOutOfBoundsException'{0x00000000d5f28440}> (0x00000000d5f28440) 
thrown [s\src\hotspot\share\runtime\sharedRuntime.cpp, line 625]
Event: 160.583 Thread 0x000001a87e54e410 Exception <a 'sun/nio/fs/WindowsException'{0x00000000d60b2300}> (0x00000000d60b2300) 
thrown [s\src\hotspot\share\prims\jni.cpp, line 520]
Event: 160.585 Thread 0x000001a87e54e410 Exception <a 'sun/nio/fs/WindowsException'{0x00000000d60b2930}> (0x00000000d60b2930) 
thrown [s\src\hotspot\share\prims\jni.cpp, line 520]
Event: 160.632 Thread 0x000001a87e54e410 Exception <a 'sun/nio/fs/WindowsException'{0x00000000d60d6b80}> (0x00000000d60d6b80) 
thrown [s\src\hotspot\share\prims\jni.cpp, line 520]
Event: 160.632 Thread 0x000001a87e54e410 Exception <a 'sun/nio/fs/WindowsException'{0x00000000d60d71b0}> (0x00000000d60d71b0) 
thrown [s\src\hotspot\share\prims\jni.cpp, line 520]
Event: 160.812 Thread 0x000001a87e54e410 Exception <a 'java/lang/NoSuchMethodError'{0x00000000d61454d0}: method resolution failed> (0x00000000d61454d0) 
thrown [s\src\hotspot\share\prims\methodHandles.cpp, line 1136]
Event: 321.267 Thread 0x000001a87ee278b0 Exception <a 'java/lang/ArrayIndexOutOfBoundsException'{0x00000000d5f017b8}> (0x00000000d5f017b8) 
thrown [s\src\hotspot\share\runtime\sharedRuntime.cpp, line 625]
Event: 652.900 Thread 0x000001a87ee278b0 Implicit null exception at 0x000001a82d46a566 to 0x000001a82d46ad08
Event: 668.092 Thread 0x000001a87ee26b90 Exception <a 'java/lang/ArrayIndexOutOfBoundsException'{0x00000000d59ae9d8}> (0x00000000d59ae9d8) 
thrown [s\src\hotspot\share\runtime\sharedRuntime.cpp, line 625]
Event: 669.701 Thread 0x000001a87ee285d0 Exception <a 'java/lang/NoSuchMethodError'{0x00000000d58deb80}: 'int java.lang.invoke.DirectMethodHandle$Holder.invokeStaticInit(java.lang.Object, int)'> (0x00000000d58deb80) 
thrown [s\src\hotspot\share\interpreter\linkResolver.cpp, line 773]
Event: 669.755 Thread 0x000001a87ee2a010 Implicit null exception at 0x000001a82d07125a to 0x000001a82d0712b3
Event: 698.348 Thread 0x000001a87ee285d0 Exception <a 'java/lang/NoSuchMethodError'{0x00000000d5c52800}: 'java.lang.Object java.lang.invoke.DirectMethodHandle$Holder.invokeStatic(java.lang.Object, java.lang.Object, int, java.lang.Object, java.lang.Object)'> (0x00000000d5c52800) 
thrown [s\src\hotspot\share\interpreter\linkResolver.cpp, line 773]
Event: 700.069 Thread 0x000001a87ee285d0 Implicit null exception at 0x000001a82d425b44 to 0x000001a82d425ba0
Event: 713.144 Thread 0x000001a87ee28c60 Implicit null exception at 0x000001a82d34379c to 0x000001a82d34516c
Event: 721.335 Thread 0x000001a87ee26500 Implicit null exception at 0x000001a82cca2836 to 0x000001a82cca2ca4

ZGC Phase Switch (0 events):
No events

VM Operations (20 events):
Event: 2704.985 Executing non-safepoint VM operation: RendezvousGCThreads
Event: 2704.985 Executing non-safepoint VM operation: RendezvousGCThreads done
Event: 2713.745 Executing safepoint VM operation: ParallelGCFailedAllocation (Allocation Failure)
Event: 2713.749 Executing safepoint VM operation: ParallelGCFailedAllocation (Allocation Failure) done
Event: 2765.218 Executing non-safepoint VM operation: HandshakeAllThreads (HandshakeForDeflation)
Event: 2765.218 Executing non-safepoint VM operation: HandshakeAllThreads (HandshakeForDeflation) done
Event: 2765.218 Executing non-safepoint VM operation: RendezvousGCThreads
Event: 2765.218 Executing non-safepoint VM operation: RendezvousGCThreads done
Event: 2790.954 Executing safepoint VM operation: ParallelGCFailedAllocation (Allocation Failure)
Event: 2790.958 Executing safepoint VM operation: ParallelGCFailedAllocation (Allocation Failure) done
Event: 2812.062 Executing safepoint VM operation: Cleanup
Event: 2812.062 Executing safepoint VM operation: Cleanup done
Event: 2815.011 Executing safepoint VM operation: ParallelGCFailedAllocation (Allocation Failure)
Event: 2815.031 Executing safepoint VM operation: ParallelGCFailedAllocation (Allocation Failure) done
Event: 2816.032 Executing safepoint VM operation: Cleanup
Event: 2816.032 Executing safepoint VM operation: Cleanup done
Event: 2825.429 Executing non-safepoint VM operation: HandshakeAllThreads (HandshakeForDeflation)
Event: 2825.429 Executing non-safepoint VM operation: HandshakeAllThreads (HandshakeForDeflation) done
Event: 2825.429 Executing non-safepoint VM operation: RendezvousGCThreads
Event: 2825.429 Executing non-safepoint VM operation: RendezvousGCThreads done

Memory protections (0 events):
No events

Nmethod flushes (20 events):
Event: 715.874 Thread 0x000001a821f1b780 flushing  nmethod 0x000001a825fbf010
Event: 715.874 Thread 0x000001a821f1b780 flushing  nmethod 0x000001a825fbf410
Event: 715.874 Thread 0x000001a821f1b780 flushing  nmethod 0x000001a825fc0290
Event: 715.874 Thread 0x000001a821f1b780 flushing  nmethod 0x000001a825fc1690
Event: 715.874 Thread 0x000001a821f1b780 flushing  nmethod 0x000001a825fc3010
Event: 715.874 Thread 0x000001a821f1b780 flushing  nmethod 0x000001a825fc5990
Event: 715.874 Thread 0x000001a821f1b780 flushing  nmethod 0x000001a825fd8990
Event: 715.874 Thread 0x000001a821f1b780 flushing  nmethod 0x000001a825fd9490
Event: 715.874 Thread 0x000001a821f1b780 flushing  nmethod 0x000001a825fd9910
Event: 715.874 Thread 0x000001a821f1b780 flushing  nmethod 0x000001a825fda610
Event: 715.874 Thread 0x000001a821f1b780 flushing  nmethod 0x000001a825fdaa10
Event: 715.874 Thread 0x000001a821f1b780 flushing  nmethod 0x000001a825fdb810
Event: 715.874 Thread 0x000001a821f1b780 flushing  nmethod 0x000001a825ff5b10
Event: 715.874 Thread 0x000001a821f1b780 flushing  nmethod 0x000001a826018690
Event: 715.874 Thread 0x000001a821f1b780 flushing  nmethod 0x000001a826018e90
Event: 715.874 Thread 0x000001a821f1b780 flushing osr nmethod 0x000001a826020a10
Event: 715.874 Thread 0x000001a821f1b780 flushing  nmethod 0x000001a82607d110
Event: 715.874 Thread 0x000001a821f1b780 flushing  nmethod 0x000001a82607e390
Event: 715.874 Thread 0x000001a821f1b780 flushing  nmethod 0x000001a82607ed90
Event: 715.874 Thread 0x000001a821f1b780 flushing  nmethod 0x000001a82607f910

Events (20 events):
Event: 2790.964 Thread 0x000001a87ee285d0 Thread exited: 0x000001a87ee285d0
Event: 2790.995 Thread 0x000001a87ee278b0 Thread exited: 0x000001a87ee278b0
Event: 2790.999 Thread 0x000001a87efa0a80 Thread added: 0x000001a87ee292f0
Event: 2791.013 Thread 0x000001a87efa0a80 Thread added: 0x000001a87ee26b90
Event: 2791.013 Thread 0x000001a87ee292f0 Thread exited: 0x000001a87ee292f0
Event: 2791.041 Thread 0x000001a87efa0a80 Thread added: 0x000001a87ee27220
Event: 2791.073 Thread 0x000001a87ee26b90 Thread exited: 0x000001a87ee26b90
Event: 2791.084 Thread 0x000001a87ee27220 Thread exited: 0x000001a87ee27220
Event: 2814.992 Thread 0x000001a87efa0a80 Thread added: 0x000001a87ee285d0
Event: 2814.992 Thread 0x000001a87efa0a80 Thread added: 0x000001a87ee292f0
Event: 2814.993 Thread 0x000001a87efa0a80 Thread added: 0x000001a87ee25e70
Event: 2815.009 Thread 0x000001a87ee25e70 Thread exited: 0x000001a87ee25e70
Event: 2815.036 Thread 0x000001a87ee285d0 Thread exited: 0x000001a87ee285d0
Event: 2815.061 Thread 0x000001a87ee292f0 Thread exited: 0x000001a87ee292f0
Event: 2815.247 Thread 0x000001a87efa0a80 Thread added: 0x000001a87ee26b90
Event: 2815.268 Thread 0x000001a87efa0a80 Thread added: 0x000001a87ee285d0
Event: 2815.284 Thread 0x000001a87ee26b90 Thread exited: 0x000001a87ee26b90
Event: 2815.298 Thread 0x000001a87ee285d0 Thread exited: 0x000001a87ee285d0
Event: 2815.559 Thread 0x000001a87efa0a80 Thread added: 0x000001a87ee26b90
Event: 2815.567 Thread 0x000001a87ee26b90 Thread exited: 0x000001a87ee26b90


Dynamic libraries:
0x00007ff737eb0000 - 0x00007ff737ebe000 	c:\Users\ajani\.vscode\extensions\redhat.java-1.54.0-win32-x64\jre\21.0.10-win32-x86_64\bin\java.exe
0x00007ffb3f020000 - 0x00007ffb3f287000 	C:\WINDOWS\SYSTEM32\ntdll.dll
0x00007ffb3d7c0000 - 0x00007ffb3d889000 	C:\WINDOWS\System32\KERNEL32.DLL
0x00007ffb3c370000 - 0x00007ffb3c75f000 	C:\WINDOWS\System32\KERNELBASE.dll
0x00007ffb3c220000 - 0x00007ffb3c36b000 	C:\WINDOWS\System32\ucrtbase.dll
0x00007ffb2f640000 - 0x00007ffb2f658000 	c:\Users\ajani\.vscode\extensions\redhat.java-1.54.0-win32-x64\jre\21.0.10-win32-x86_64\bin\jli.dll
0x00007ffb3e9e0000 - 0x00007ffb3eba5000 	C:\WINDOWS\System32\USER32.dll
0x00007ffb3c770000 - 0x00007ffb3c797000 	C:\WINDOWS\System32\win32u.dll
0x00007ffb3d750000 - 0x00007ffb3d77b000 	C:\WINDOWS\System32\GDI32.dll
0x00007ffb3c9d0000 - 0x00007ffb3cafc000 	C:\WINDOWS\System32\gdi32full.dll
0x00007ffb3cb90000 - 0x00007ffb3cc33000 	C:\WINDOWS\System32\msvcp_win.dll
0x00007ffb2f4f0000 - 0x00007ffb2f50e000 	c:\Users\ajani\.vscode\extensions\redhat.java-1.54.0-win32-x64\jre\21.0.10-win32-x86_64\bin\VCRUNTIME140.dll
0x00007ffb24060000 - 0x00007ffb242f3000 	C:\WINDOWS\WinSxS\amd64_microsoft.windows.common-controls_6595b64144ccf1df_6.0.26100.7309_none_3e05feeae336a044\COMCTL32.dll
0x00007ffb3e060000 - 0x00007ffb3e109000 	C:\WINDOWS\System32\msvcrt.dll
0x00007ffb3d780000 - 0x00007ffb3d7b1000 	C:\WINDOWS\System32\IMM32.DLL
0x00007ffb2f3a0000 - 0x00007ffb2f3ac000 	c:\Users\ajani\.vscode\extensions\redhat.java-1.54.0-win32-x64\jre\21.0.10-win32-x86_64\bin\vcruntime140_1.dll
0x00007ffaf8dd0000 - 0x00007ffaf8e5d000 	c:\Users\ajani\.vscode\extensions\redhat.java-1.54.0-win32-x64\jre\21.0.10-win32-x86_64\bin\msvcp140.dll
0x00007fface540000 - 0x00007ffacf2e1000 	c:\Users\ajani\.vscode\extensions\redhat.java-1.54.0-win32-x64\jre\21.0.10-win32-x86_64\bin\server\jvm.dll
0x00007ffb3db10000 - 0x00007ffb3dbc4000 	C:\WINDOWS\System32\ADVAPI32.dll
0x00007ffb3ef30000 - 0x00007ffb3efd6000 	C:\WINDOWS\System32\sechost.dll
0x00007ffb3e8c0000 - 0x00007ffb3e9d8000 	C:\WINDOWS\System32\RPCRT4.dll
0x00007ffb3ec50000 - 0x00007ffb3ecc4000 	C:\WINDOWS\System32\WS2_32.dll
0x00007ffb3bfd0000 - 0x00007ffb3c02e000 	C:\WINDOWS\SYSTEM32\POWRPROF.dll
0x00007ffb06da0000 - 0x00007ffb06dd5000 	C:\WINDOWS\SYSTEM32\WINMM.dll
0x00007ffb2e8e0000 - 0x00007ffb2e8eb000 	C:\WINDOWS\SYSTEM32\VERSION.dll
0x00007ffb3bfb0000 - 0x00007ffb3bfc4000 	C:\WINDOWS\SYSTEM32\UMPDC.dll
0x00007ffb3af20000 - 0x00007ffb3af3b000 	C:\WINDOWS\SYSTEM32\kernel.appcore.dll
0x00007ffb2ea70000 - 0x00007ffb2ea7a000 	c:\Users\ajani\.vscode\extensions\redhat.java-1.54.0-win32-x64\jre\21.0.10-win32-x86_64\bin\jimage.dll
0x00007ffb39a70000 - 0x00007ffb39cb2000 	C:\WINDOWS\SYSTEM32\DBGHELP.DLL
0x00007ffb3cf10000 - 0x00007ffb3d296000 	C:\WINDOWS\System32\combase.dll
0x00007ffb3ee50000 - 0x00007ffb3ef26000 	C:\WINDOWS\System32\OLEAUT32.dll
0x00007ffb2f790000 - 0x00007ffb2f7cc000 	C:\WINDOWS\SYSTEM32\dbgcore.DLL
0x00007ffb3c170000 - 0x00007ffb3c215000 	C:\WINDOWS\System32\bcryptPrimitives.dll
0x00007ffb26f50000 - 0x00007ffb26f5f000 	c:\Users\ajani\.vscode\extensions\redhat.java-1.54.0-win32-x64\jre\21.0.10-win32-x86_64\bin\instrument.dll
0x00007ffb1eb30000 - 0x00007ffb1eb50000 	c:\Users\ajani\.vscode\extensions\redhat.java-1.54.0-win32-x64\jre\21.0.10-win32-x86_64\bin\java.dll
0x00007ffb3e110000 - 0x00007ffb3e863000 	C:\WINDOWS\System32\SHELL32.dll
0x00007ffb3c860000 - 0x00007ffb3c9ca000 	C:\WINDOWS\System32\wintypes.dll
0x00007ffb39db0000 - 0x00007ffb3a60e000 	C:\WINDOWS\SYSTEM32\windows.storage.dll
0x00007ffb3ecf0000 - 0x00007ffb3ede5000 	C:\WINDOWS\System32\SHCORE.dll
0x00007ffb3d6e0000 - 0x00007ffb3d746000 	C:\WINDOWS\System32\shlwapi.dll
0x00007ffb3c060000 - 0x00007ffb3c089000 	C:\WINDOWS\SYSTEM32\profapi.dll
0x00007ffb1eb10000 - 0x00007ffb1eb28000 	c:\Users\ajani\.vscode\extensions\redhat.java-1.54.0-win32-x64\jre\21.0.10-win32-x86_64\bin\zip.dll
0x00007ffb26e60000 - 0x00007ffb26e70000 	C:\Users\ajani\.vscode\extensions\redhat.java-1.54.0-win32-x64\jre\21.0.10-win32-x86_64\bin\net.dll
0x00007ffb2d410000 - 0x00007ffb2d538000 	C:\WINDOWS\SYSTEM32\WINHTTP.dll
0x00007ffb3b490000 - 0x00007ffb3b4fb000 	C:\WINDOWS\system32\mswsock.dll
0x00007ffb17c80000 - 0x00007ffb17c96000 	C:\Users\ajani\.vscode\extensions\redhat.java-1.54.0-win32-x64\jre\21.0.10-win32-x86_64\bin\nio.dll
0x00007ffb259a0000 - 0x00007ffb259b0000 	c:\Users\ajani\.vscode\extensions\redhat.java-1.54.0-win32-x64\jre\21.0.10-win32-x86_64\bin\verify.dll
0x00007ffb04e60000 - 0x00007ffb04ea5000 	C:\Users\ajani\AppData\Roaming\Code\User\globalStorage\redhat.java\1.54.0\config_win\org.eclipse.equinox.launcher\org.eclipse.equinox.launcher.win32.win32.x86_64_1.3.0.v20260203-2149\eclipse_11919.dll
0x00007ffb3d350000 - 0x00007ffb3d4e7000 	C:\WINDOWS\System32\ole32.dll
0x00007ffb3b750000 - 0x00007ffb3b76b000 	C:\WINDOWS\SYSTEM32\CRYPTSP.dll
0x00007ffb3ae80000 - 0x00007ffb3aeba000 	C:\WINDOWS\system32\rsaenh.dll
0x00007ffb3b540000 - 0x00007ffb3b56b000 	C:\WINDOWS\SYSTEM32\USERENV.dll
0x00007ffb3c090000 - 0x00007ffb3c0ba000 	C:\WINDOWS\SYSTEM32\bcrypt.dll
0x00007ffb3b770000 - 0x00007ffb3b77c000 	C:\WINDOWS\SYSTEM32\CRYPTBASE.dll
0x00007ffb3a9e0000 - 0x00007ffb3aa14000 	C:\WINDOWS\SYSTEM32\IPHLPAPI.DLL
0x00007ffb3db00000 - 0x00007ffb3db0a000 	C:\WINDOWS\System32\NSI.dll
0x00007ffb00030000 - 0x00007ffb00079000 	C:\Users\ajani\AppData\Local\Temp\jna-92836115\jna3286344343257465900.dll
0x00007ffb3d6d0000 - 0x00007ffb3d6d8000 	C:\WINDOWS\System32\PSAPI.DLL
0x00007ffb2d3e0000 - 0x00007ffb2d3fe000 	C:\WINDOWS\SYSTEM32\dhcpcsvc6.DLL
0x00007ffb2d3b0000 - 0x00007ffb2d3d3000 	C:\WINDOWS\SYSTEM32\dhcpcsvc.DLL
0x00007ffb23d10000 - 0x00007ffb23d1e000 	C:\Users\ajani\.vscode\extensions\redhat.java-1.54.0-win32-x64\jre\21.0.10-win32-x86_64\bin\sunmscapi.dll
0x00007ffb3cc40000 - 0x00007ffb3cdb7000 	C:\WINDOWS\System32\CRYPT32.dll
0x00007ffb3b970000 - 0x00007ffb3b9a0000 	C:\WINDOWS\SYSTEM32\ncrypt.dll
0x00007ffb3b920000 - 0x00007ffb3b95f000 	C:\WINDOWS\SYSTEM32\NTASN1.dll
0x00007ffb3aa20000 - 0x00007ffb3ab4c000 	C:\WINDOWS\SYSTEM32\DNSAPI.dll
0x00007ffb23570000 - 0x00007ffb2357b000 	C:\Windows\System32\rasadhlp.dll
0x00007ffb2c740000 - 0x00007ffb2c7c6000 	C:\WINDOWS\System32\fwpuclnt.dll
0x00007ffb21df0000 - 0x00007ffb21df9000 	C:\Users\ajani\.vscode\extensions\redhat.java-1.54.0-win32-x64\jre\21.0.10-win32-x86_64\bin\extnet.dll

JVMTI agents:
c:\Users\ajani\.vscode\extensions\redhat.java-1.54.0-win32-x64\lombok\lombok-1.18.39-4050.jar path:c:\Users\ajani\.vscode\extensions\redhat.java-1.54.0-win32-x64\jre\21.0.10-win32-x86_64\bin\instrument.dll, loaded, initialized, instrumentlib options:none

dbghelp: loaded successfully - version: 4.0.5 - missing functions: none
symbol engine: initialized successfully - sym options: 0x614 - pdb path: .;c:\Users\ajani\.vscode\extensions\redhat.java-1.54.0-win32-x64\jre\21.0.10-win32-x86_64\bin;C:\WINDOWS\SYSTEM32;C:\WINDOWS\WinSxS\amd64_microsoft.windows.common-controls_6595b64144ccf1df_6.0.26100.7309_none_3e05feeae336a044;c:\Users\ajani\.vscode\extensions\redhat.java-1.54.0-win32-x64\jre\21.0.10-win32-x86_64\bin\server;C:\Users\ajani\AppData\Roaming\Code\User\globalStorage\redhat.java\1.54.0\config_win\org.eclipse.equinox.launcher\org.eclipse.equinox.launcher.win32.win32.x86_64_1.3.0.v20260203-2149;C:\Users\ajani\AppData\Local\Temp\jna-92836115

VM Arguments:
jvm_args: --add-modules=ALL-SYSTEM --add-opens=java.base/java.util=ALL-UNNAMED --add-opens=java.base/java.lang=ALL-UNNAMED --add-opens=java.base/sun.nio.fs=ALL-UNNAMED -Declipse.application=org.eclipse.jdt.ls.core.id1 -Dosgi.bundles.defaultStartLevel=4 -Declipse.product=org.eclipse.jdt.ls.core.product -Djava.import.generatesMetadataFilesAtProjectRoot=false -DDetectVMInstallationsJob.disabled=true -Dfile.encoding=utf8 -XX:+UseParallelGC -XX:GCTimeRatio=4 -XX:AdaptiveSizePolicyWeight=90 -Dsun.zip.disableMemoryMapping=true -Xmx2G -Xms100m -Xlog:disable -javaagent:c:\Users\ajani\.vscode\extensions\redhat.java-1.54.0-win32-x64\lombok\lombok-1.18.39-4050.jar -XX:+HeapDumpOnOutOfMemoryError -XX:HeapDumpPath=c:\Users\ajani\AppData\Roaming\Code\User\workspaceStorage\a114b080c051d0f1d1a0b43b3d7ccec4\redhat.java -Daether.dependencyCollector.impl=bf 
java_command: c:\Users\ajani\.vscode\extensions\redhat.java-1.54.0-win32-x64\server\plugins\org.eclipse.equinox.launcher_1.7.100.v20251111-0406.jar -configuration c:\Users\ajani\AppData\Roaming\Code\User\globalStorage\redhat.java\1.54.0\config_win -data c:\Users\ajani\AppData\Roaming\Code\User\workspaceStorage\a114b080c051d0f1d1a0b43b3d7ccec4\redhat.java\jdt_ws --pipe=\\.\pipe\lsp-497890a0ab0fcdfae24bed6668243ff2-sock
java_class_path (initial): c:\Users\ajani\.vscode\extensions\redhat.java-1.54.0-win32-x64\server\plugins\org.eclipse.equinox.launcher_1.7.100.v20251111-0406.jar
Launcher Type: SUN_STANDARD

[Global flags]
    uintx AdaptiveSizePolicyWeight                 = 90                                        {product} {command line}
     intx CICompilerCount                          = 2                                         {product} {ergonomic}
    uintx GCTimeRatio                              = 4                                         {product} {command line}
     bool HeapDumpOnOutOfMemoryError               = true                                   {manageable} {command line}
    ccstr HeapDumpPath                             = c:\Users\ajani\AppData\Roaming\Code\User\workspaceStorage\a114b080c051d0f1d1a0b43b3d7ccec4\redhat.java         {manageable} {command line}
   size_t InitialHeapSize                          = 104857600                                 {product} {command line}
   size_t MaxHeapSize                              = 2147483648                                {product} {command line}
   size_t MaxNewSize                               = 715653120                                 {product} {ergonomic}
   size_t MinHeapDeltaBytes                        = 524288                                    {product} {ergonomic}
   size_t MinHeapSize                              = 104857600                                 {product} {command line}
   size_t NewSize                                  = 34603008                                  {product} {ergonomic}
    uintx NonNMethodCodeHeapSize                   = 5826188                                {pd product} {ergonomic}
    uintx NonProfiledCodeHeapSize                  = 122916026                              {pd product} {ergonomic}
   size_t OldSize                                  = 70254592                                  {product} {ergonomic}
    uintx ProfiledCodeHeapSize                     = 122916026                              {pd product} {ergonomic}
    uintx ReservedCodeCacheSize                    = 251658240                              {pd product} {ergonomic}
     bool SegmentedCodeCache                       = true                                      {product} {ergonomic}
   size_t SoftMaxHeapSize                          = 2147483648                             {manageable} {ergonomic}
     bool UseCompressedOops                        = true                           {product lp64_product} {ergonomic}
     bool UseLargePagesIndividualAllocation        = false                                  {pd product} {ergonomic}
     bool UseParallelGC                            = true                                      {product} {command line}

Logging:
Log output configuration:
 #0: stdout all=off uptime,level,tags foldmultilines=false
 #1: stderr all=off uptime,level,tags foldmultilines=false

Release file:
JAVA_VERSION="21.0.10" 
MODULES="java.base java.compiler java.datatransfer java.xml java.prefs java.desktop java.instrument java.logging java.management java.security.sasl java.naming java.rmi java.management.rmi java.net.http java.scripting java.security.jgss java.transaction.xa java.sql java.sql.rowset java.xml.crypto java.se java.smartcardio jdk.accessibility jdk.internal.jvmstat jdk.attach jdk.charsets jdk.internal.opt jdk.zipfs jdk.compiler jdk.crypto.ec jdk.crypto.cryptoki jdk.crypto.mscapi jdk.dynalink jdk.internal.ed jdk.editpad jdk.hotspot.agent jdk.httpserver jdk.internal.le jdk.internal.vm.ci jdk.internal.vm.compiler jdk.internal.vm.compiler.management jdk.jartool jdk.javadoc jdk.jcmd jdk.management jdk.management.agent jdk.jconsole jdk.jdeps jdk.jdwp.agent jdk.jdi jdk.jfr jdk.jshell jdk.jsobject jdk.jstatd jdk.localedata jdk.management.jfr jdk.naming.dns jdk.naming.rmi jdk.net jdk.nio.mapmode jdk.random jdk.sctp jdk.security.auth jdk.security.jgss jdk.unsupported jdk.unsupported.desktop jdk.xml.dom" 

Environment Variables:
JAVA_HOME=C:\Program Files\jdk-21.0.11
PATH=C:\WINDOWS\system32;C:\WINDOWS;C:\WINDOWS\System32\Wbem;C:\WINDOWS\System32\WindowsPowerShell\v1.0\;C:\WINDOWS\System32\OpenSSH\;C:\Program Files\nodejs\;C:\Program Files\Git\cmd;C:\Program Files\apache-maven-3.9.16-bin\apache-maven-3.9.16\bin;C:\Program Files\jdk-21.0.11\bin;C:\Program Files\PostgreSQL\18\bin;C:\Users\ajani\AppData\Local\Microsoft\WindowsApps;C:\Users\ajani\AppData\Local\Programs\Microsoft VS Code\bin;C:\Users\ajani\AppData\Roaming\npm
USERNAME=ajani
OS=Windows_NT
PROCESSOR_IDENTIFIER=Intel64 Family 6 Model 122 Stepping 1, GenuineIntel
TMP=C:\Users\ajani\AppData\Local\Temp
TEMP=C:\Users\ajani\AppData\Local\Temp




Periodic native trim disabled

---------------  S Y S T E M  ---------------

OS:
 Windows 11 , 64 bit Build 26100 (10.0.26100.7623)
OS uptime: 0 days 13:07 hours

CPU: total 2 (initial active 2) (2 cores per cpu, 1 threads per core) family 6 model 122 stepping 1 microcode 0x34, cx8, cmov, fxsr, mmx, 3dnowpref, sse, sse2, sse3, ssse3, sse4.1, sse4.2, popcnt, tsc, tscinvbit, aes, erms, clmul, sha, clflush, clflushopt, rdtscp, rdpid
Processor Information for the first 2 processors :
  Max Mhz: 1101, Current Mhz: 1101, Mhz Limit: 1101

Memory: 4k page, system-wide physical 3911M (390M free)
TotalPageFile size 11255M (AvailPageFile size 0M)
current process WorkingSet (physical memory assigned to process): 104M, peak: 380M
current process commit charge ("private bytes"): 536M, peak: 537M

vm_info: OpenJDK 64-Bit Server VM (21.0.10+7-LTS) for windows-amd64 JRE (21.0.10+7-LTS), built on 2026-01-20T00:00:00Z by "admin" with MS VC++ 17.12 (VS2022)

END.
