#
# There is insufficient memory for the Java Runtime Environment to continue.
# Native memory allocation (malloc) failed to allocate 951648 bytes. Error detail: Chunk::new
# Possible reasons:
#   The system is out of physical RAM or swap space
#   This process is running with CompressedOops enabled, and the Java Heap may be blocking the growth of the native heap
# Possible solutions:
#   Reduce memory load on the system
#   Increase physical memory or swap space
#   Check if swap backing store is full
#   Decrease Java heap size (-Xmx/-Xms)
#   Decrease number of Java threads
#   Decrease Java thread stack sizes (-Xss)
#   Set larger code cache with -XX:ReservedCodeCacheSize=
#   JVM is running with Unscaled Compressed Oops mode in which the Java heap is
#     placed in the first 4GB address space. The Java Heap base address is the
#     maximum limit for the native heap growth. Please use -XX:HeapBaseMinAddress
#     to set the Java Heap base and to place the Java Heap above 4GB virtual address.
# This output file may be truncated or incomplete.
#
#  Out of Memory Error (arena.cpp:168), pid=12788, tid=4252
#
# JRE version: OpenJDK Runtime Environment Temurin-21.0.10+7 (21.0.10+7) (build 21.0.10+7-LTS)
# Java VM: OpenJDK 64-Bit Server VM Temurin-21.0.10+7 (21.0.10+7-LTS, mixed mode, sharing, tiered, compressed oops, compressed class ptrs, parallel gc, windows-amd64)
# No core dump will be written. Minidumps are not enabled by default on client versions of Windows
#

---------------  S U M M A R Y ------------

Command Line: --add-modules=ALL-SYSTEM --add-opens=java.base/java.util=ALL-UNNAMED --add-opens=java.base/java.lang=ALL-UNNAMED --add-opens=java.base/sun.nio.fs=ALL-UNNAMED -Declipse.application=org.eclipse.jdt.ls.core.id1 -Dosgi.bundles.defaultStartLevel=4 -Declipse.product=org.eclipse.jdt.ls.core.product -Djava.import.generatesMetadataFilesAtProjectRoot=false -DDetectVMInstallationsJob.disabled=true -Dfile.encoding=utf8 -XX:+UseParallelGC -XX:GCTimeRatio=4 -XX:AdaptiveSizePolicyWeight=90 -Dsun.zip.disableMemoryMapping=true -Xmx2G -Xms100m -Xlog:disable -javaagent:c:\Users\ajani\.vscode\extensions\redhat.java-1.54.0-win32-x64\lombok\lombok-1.18.39-4050.jar -XX:+HeapDumpOnOutOfMemoryError -XX:HeapDumpPath=c:\Users\ajani\AppData\Roaming\Code\User\workspaceStorage\a114b080c051d0f1d1a0b43b3d7ccec4\redhat.java -Daether.dependencyCollector.impl=bf c:\Users\ajani\.vscode\extensions\redhat.java-1.54.0-win32-x64\server\plugins\org.eclipse.equinox.launcher_1.7.100.v20251111-0406.jar -configuration c:\Users\ajani\AppData\Roaming\Code\User\globalStorage\redhat.java\1.54.0\config_win -data c:\Users\ajani\AppData\Roaming\Code\User\workspaceStorage\a114b080c051d0f1d1a0b43b3d7ccec4\redhat.java\jdt_ws --pipe=\\.\pipe\lsp-84dd2207cd8cc87e8f641c8c23a8ebb4-sock

Host: Intel(R) Celeron(R) N4000 CPU @ 1.10GHz, 2 cores, 3G,  Windows 11 , 64 bit Build 26100 (10.0.26100.7623)
Time: Sat Jun  6 12:01:28 2026 W. Central Africa Standard Time elapsed time: 121.076551 seconds (0d 0h 2m 1s)

---------------  T H R E A D  ---------------

Current thread (0x00000182c022e960):  JavaThread "C2 CompilerThread0" daemon [_thread_in_native, id=4252, stack(0x0000005481900000,0x0000005481a00000) (1024K)]


Current CompileTask:
C2:121076 12801  s!   4       org.eclipse.jdt.internal.core.index.DiskIndex::readCategoryTable (743 bytes)

Stack: [0x0000005481900000,0x0000005481a00000]
Native frames: (J=compiled Java code, j=interpreted, Vv=VM code, C=native code)
V  [jvm.dll+0x6d7a39]
V  [jvm.dll+0x8b4b26]
V  [jvm.dll+0x8b70de]
V  [jvm.dll+0x8b77c3]
V  [jvm.dll+0x284346]
V  [jvm.dll+0xc66ed]
V  [jvm.dll+0xc6c31]
V  [jvm.dll+0x3bec3b]
V  [jvm.dll+0x38b162]
V  [jvm.dll+0x38a5aa]
V  [jvm.dll+0x24c560]
V  [jvm.dll+0x24bb40]
V  [jvm.dll+0x1cb34e]
V  [jvm.dll+0x25b85d]
V  [jvm.dll+0x259dea]
V  [jvm.dll+0x3f857e]
V  [jvm.dll+0x85f59d]
V  [jvm.dll+0x6d626d]
C  [ucrtbase.dll+0x37b0]
C  [KERNEL32.DLL+0x2e8d7]
C  [ntdll.dll+0x8c53c]


---------------  P R O C E S S  ---------------

Threads class SMR info:
_java_thread_list=0x00000183299a62d0, length=38, elements={
0x00000182c037d3e0, 0x00000182c0225670, 0x00000182c0228360, 0x00000182c0229af0,
0x00000182c022c660, 0x00000182c022d0c0, 0x00000182c022db20, 0x00000182c022e960,
0x00000182c02a87e0, 0x000001831846d0e0, 0x000001831855f9b0, 0x0000018318721ea0,
0x00000183188abce0, 0x00000182c0320a20, 0x00000182c0321090, 0x000001831d19e8a0,
0x000001831d6990f0, 0x0000018318b10440, 0x0000018318bc9c10, 0x0000018318bcb650,
0x0000018318bca930, 0x0000018318bc8ef0, 0x0000018318bcbce0, 0x0000018318bca2a0,
0x0000018318bcc370, 0x0000018318bc9580, 0x000001831ee5d270, 0x000001831ee5d900,
0x000001831ee5ecb0, 0x000001831ee5cbe0, 0x000001831ee5f340, 0x000001831ee5f9d0,
0x000001831dd7a3d0, 0x000001831dd7d1c0, 0x000001831dd7dee0, 0x000001831dd7b780,
0x000001831dd80640, 0x000001831dd7d850
}

Java Threads: ( => current thread )
  0x00000182c037d3e0 JavaThread "main"                              [_thread_blocked, id=13580, stack(0x0000005480f00000,0x0000005481000000) (1024K)]
  0x00000182c0225670 JavaThread "Reference Handler"          daemon [_thread_blocked, id=128, stack(0x0000005481300000,0x0000005481400000) (1024K)]
  0x00000182c0228360 JavaThread "Finalizer"                  daemon [_thread_blocked, id=11220, stack(0x0000005481400000,0x0000005481500000) (1024K)]
  0x00000182c0229af0 JavaThread "Signal Dispatcher"          daemon [_thread_blocked, id=8420, stack(0x0000005481500000,0x0000005481600000) (1024K)]
  0x00000182c022c660 JavaThread "Attach Listener"            daemon [_thread_blocked, id=9768, stack(0x0000005481600000,0x0000005481700000) (1024K)]
  0x00000182c022d0c0 JavaThread "Service Thread"             daemon [_thread_blocked, id=9928, stack(0x0000005481700000,0x0000005481800000) (1024K)]
  0x00000182c022db20 JavaThread "Monitor Deflation Thread"   daemon [_thread_blocked, id=1020, stack(0x0000005481800000,0x0000005481900000) (1024K)]
=>0x00000182c022e960 JavaThread "C2 CompilerThread0"         daemon [_thread_in_native, id=4252, stack(0x0000005481900000,0x0000005481a00000) (1024K)]
  0x00000182c02a87e0 JavaThread "C1 CompilerThread0"         daemon [_thread_in_vm, id=964, stack(0x0000005481a00000,0x0000005481b00000) (1024K)]
  0x000001831846d0e0 JavaThread "Common-Cleaner"             daemon [_thread_blocked, id=11936, stack(0x0000005481b00000,0x0000005481c00000) (1024K)]
  0x000001831855f9b0 JavaThread "Notification Thread"        daemon [_thread_blocked, id=10896, stack(0x0000005481c00000,0x0000005481d00000) (1024K)]
  0x0000018318721ea0 JavaThread "Active Thread: Equinox Container: d64c707e-ad04-4695-8839-1d8f9c6e4646"        [_thread_blocked, id=9992, stack(0x0000005481e00000,0x0000005481f00000) (1024K)]
  0x00000183188abce0 JavaThread "Refresh Thread: Equinox Container: d64c707e-ad04-4695-8839-1d8f9c6e4646" daemon [_thread_blocked, id=1368, stack(0x0000005481f00000,0x0000005482000000) (1024K)]
  0x00000182c0320a20 JavaThread "Framework Event Dispatcher: Equinox Container: d64c707e-ad04-4695-8839-1d8f9c6e4646" daemon [_thread_blocked, id=7332, stack(0x0000005482000000,0x0000005482100000) (1024K)]
  0x00000182c0321090 JavaThread "Start Level: Equinox Container: d64c707e-ad04-4695-8839-1d8f9c6e4646" daemon [_thread_blocked, id=1556, stack(0x0000005482100000,0x0000005482200000) (1024K)]
  0x000001831d19e8a0 JavaThread "Bundle File Closer"         daemon [_thread_blocked, id=15092, stack(0x0000005482200000,0x0000005482300000) (1024K)]
  0x000001831d6990f0 JavaThread "SCR Component Actor"        daemon [_thread_blocked, id=2136, stack(0x0000005482300000,0x0000005482400000) (1024K)]
  0x0000018318b10440 JavaThread "Worker-JM"                         [_thread_blocked, id=8972, stack(0x0000005482400000,0x0000005482500000) (1024K)]
  0x0000018318bc9c10 JavaThread "JNA Cleaner"                daemon [_thread_blocked, id=17824, stack(0x0000005482500000,0x0000005482600000) (1024K)]
  0x0000018318bcb650 JavaThread "Worker-0"                          [_thread_blocked, id=13248, stack(0x0000005482600000,0x0000005482700000) (1024K)]
  0x0000018318bca930 JavaThread "Worker-1"                          [_thread_blocked, id=7252, stack(0x0000005482700000,0x0000005482800000) (1024K)]
  0x0000018318bc8ef0 JavaThread "Worker-2: Initialize workspace"        [_thread_in_Java, id=11152, stack(0x0000005482800000,0x0000005482900000) (1024K)]
  0x0000018318bcbce0 JavaThread "Java indexing"              daemon [_thread_blocked, id=684, stack(0x0000005482900000,0x0000005482a00000) (1024K)]
  0x0000018318bca2a0 JavaThread "Worker-3: Initialize Workspace"        [_thread_blocked, id=8380, stack(0x0000005482c00000,0x0000005482d00000) (1024K)]
  0x0000018318bcc370 JavaThread "Worker-4: Building"                [_thread_blocked, id=10904, stack(0x0000005482d00000,0x0000005482e00000) (1024K)]
  0x0000018318bc9580 JavaThread "Thread-1"                   daemon [_thread_in_native, id=12132, stack(0x0000005482e00000,0x0000005482f00000) (1024K)]
  0x000001831ee5d270 JavaThread "Thread-2"                   daemon [_thread_in_native, id=5896, stack(0x0000005482f00000,0x0000005483000000) (1024K)]
  0x000001831ee5d900 JavaThread "Thread-3"                   daemon [_thread_in_native, id=7720, stack(0x0000005483000000,0x0000005483100000) (1024K)]
  0x000001831ee5ecb0 JavaThread "pool-2-thread-1"                   [_thread_blocked, id=14732, stack(0x0000005483100000,0x0000005483200000) (1024K)]
  0x000001831ee5cbe0 JavaThread "WorkspaceEventsHandler"            [_thread_blocked, id=14512, stack(0x0000005483200000,0x0000005483300000) (1024K)]
  0x000001831ee5f340 JavaThread "pool-1-thread-1"                   [_thread_blocked, id=14028, stack(0x0000005483300000,0x0000005483400000) (1024K)]
  0x000001831ee5f9d0 JavaThread "ForkJoinPool.commonPool-worker-1" daemon [_thread_in_vm, id=920, stack(0x0000005483400000,0x0000005483500000) (1024K)]
  0x000001831dd7a3d0 JavaThread "Worker-5"                          [_thread_blocked, id=8228, stack(0x0000005483600000,0x0000005483700000) (1024K)]
  0x000001831dd7d1c0 JavaThread "Cleaner-0"                  daemon [_thread_blocked, id=18360, stack(0x0000005480d00000,0x0000005480e00000) (1024K)]
  0x000001831dd7dee0 JavaThread "LocalFile Deleter"          daemon [_thread_blocked, id=14820, stack(0x0000005483500000,0x0000005483600000) (1024K)]
  0x000001831dd7b780 JavaThread "LocalFile Deleter"          daemon [_thread_blocked, id=5656, stack(0x0000005480e00000,0x0000005480f00000) (1024K)]
  0x000001831dd80640 JavaThread "Thread-84"                         [_thread_blocked, id=15984, stack(0x0000005483c00000,0x0000005483d00000) (1024K)]
  0x000001831dd7d850 JavaThread "Compiler Processing Task"   daemon [_thread_new, id=16244, stack(0x0000000000000000,0x0000000000000000) (0B)]
Total: 38

Other Threads:
  0x00000182c043b780 VMThread "VM Thread"                           [id=11064, stack(0x0000005481200000,0x0000005481300000) (1024K)]
  0x00000182c020cb00 WatcherThread "VM Periodic Task Thread"        [id=9788, stack(0x0000005481100000,0x0000005481200000) (1024K)]
  0x00000182c039aae0 WorkerThread "GC Thread#0"                     [id=6308, stack(0x0000005481000000,0x0000005481100000) (1024K)]
  0x000001831869cf80 WorkerThread "GC Thread#1"                     [id=17860, stack(0x0000005481d00000,0x0000005481e00000) (1024K)]
Total: 4

Threads with active compile tasks:
C2 CompilerThread0  121159 12801  s!   4       org.eclipse.jdt.internal.core.index.DiskIndex::readCategoryTable (743 bytes)
Total: 1

VM state: not at safepoint (normal execution)

VM Mutex/Monitor currently owned by a thread: None

Heap address: 0x0000000080000000, size: 2048 MB, Compressed Oops mode: 32-bit

CDS archive(s) mapped at: [0x00000182d7000000-0x00000182d7ba0000-0x00000182d7ba0000), size 12189696, SharedBaseAddress: 0x00000182d7000000, ArchiveRelocationMode: 1.
Compressed class space mapped at: 0x00000182d8000000-0x0000018318000000, reserved size: 1073741824
Narrow klass base: 0x00000182d7000000, Narrow klass shift: 0, Narrow klass range: 0x100000000

GC Precious Log:
 CardTable entry size: 512
 CPUs: 2 total, 2 available
 Memory: 3911M
 Large Page Support: Disabled
 NUMA Support: Disabled
 Compressed Oops: Enabled (32-bit)
 Alignments: Space 512K, Generation 512K, Heap 2M
 Heap Min Capacity: 100M
 Heap Initial Capacity: 100M
 Heap Max Capacity: 2G
 Pre-touch: Disabled
 Parallel Workers: 2

Heap:
 PSYoungGen      total 18432K, used 13845K [0x00000000d5580000, 0x00000000d6a80000, 0x0000000100000000)
  eden space 17408K, 79% used [0x00000000d5580000,0x00000000d6305400,0x00000000d6680000)
  from space 1024K, 0% used [0x00000000d6980000,0x00000000d6980000,0x00000000d6a80000)
  to   space 2048K, 0% used [0x00000000d6680000,0x00000000d6680000,0x00000000d6880000)
 ParOldGen       total 99328K, used 71941K [0x0000000080000000, 0x0000000086100000, 0x00000000d5580000)
  object space 99328K, 72% used [0x0000000080000000,0x0000000084641538,0x0000000086100000)
 Metaspace       used 70221K, committed 71808K, reserved 1114112K
  class space    used 7236K, committed 7872K, reserved 1048576K

Card table byte_map: [0x00000182bfd20000,0x00000182c0130000] _byte_map_base: 0x00000182bf920000

Marking Bits: (ParMarkBitMap*) 0x00007ffaeeda3450
 Begin Bits: [0x00000182d2830000, 0x00000182d4830000)
 End Bits:   [0x00000182d4830000, 0x00000182d6830000)

Polling page: 0x00000182be310000

Metaspace:

Usage:
  Non-class:     61.51 MB used.
      Class:      7.07 MB used.
       Both:     68.58 MB used.

Virtual space:
  Non-class space:       64.00 MB reserved,      62.44 MB ( 98%) committed,  1 nodes.
      Class space:        1.00 GB reserved,       7.69 MB ( <1%) committed,  1 nodes.
             Both:        1.06 GB reserved,      70.12 MB (  6%) committed. 

Chunk freelists:
   Non-Class:  688.00 KB
       Class:  8.29 MB
        Both:  8.96 MB

MaxMetaspaceSize: unlimited
CompressedClassSpaceSize: 1.00 GB
Initial GC threshold: 21.00 MB
Current GC threshold: 116.56 MB
CDS: on
 - commit_granule_bytes: 65536.
 - commit_granule_words: 8192.
 - virtual_space_node_default_size: 8388608.
 - enlarge_chunks_in_place: 1.
 - use_allocation_guard: 0.


Internal statistics:

num_allocs_failed_limit: 9.
num_arena_births: 1312.
num_arena_deaths: 22.
num_vsnodes_births: 2.
num_vsnodes_deaths: 0.
num_space_committed: 1122.
num_space_uncommitted: 0.
num_chunks_returned_to_freelist: 32.
num_chunks_taken_from_freelist: 4712.
num_chunk_merges: 12.
num_chunk_splits: 2876.
num_chunks_enlarged: 1616.
num_inconsistent_stats: 0.

CodeHeap 'non-profiled nmethods': size=120064Kb used=7668Kb max_used=8335Kb free=112396Kb
 bounds [0x00000182cb040000, 0x00000182cb870000, 0x00000182d2580000]
CodeHeap 'profiled nmethods': size=120000Kb used=26390Kb max_used=28350Kb free=93609Kb
 bounds [0x00000182c3580000, 0x00000182c5130000, 0x00000182caab0000]
CodeHeap 'non-nmethods': size=5696Kb used=1446Kb max_used=1558Kb free=4249Kb
 bounds [0x00000182caab0000, 0x00000182cad20000, 0x00000182cb040000]
CodeCache: size=245760Kb, used=35504Kb, max_used=38243Kb, free=210254Kb
 total_blobs=12029, nmethods=11259, adapters=675, full_count=0
Compilation: enabled, stopped_count=0, restarted_count=0

Compilation events (20 events):
Event: 120.575 Thread 0x00000182c02a87e0 nmethod 12809 0x00000182cb331e90 code [0x00000182cb332020, 0x00000182cb3320e8]
Event: 120.598 Thread 0x00000182c02a87e0 12810       3       org.eclipse.jdt.internal.compiler.lookup.ArrayBinding::<init> (118 bytes)
Event: 120.598 Thread 0x00000182c02a87e0 nmethod 12810 0x00000182c39e6f90 code [0x00000182c39e7180, 0x00000182c39e7818]
Event: 120.599 Thread 0x00000182c02a87e0 12811       3       org.eclipse.jdt.internal.compiler.lookup.AnnotatableTypeSystem::haveTypeAnnotations (9 bytes)
Event: 120.599 Thread 0x00000182c02a87e0 nmethod 12811 0x00000182c360d990 code [0x00000182c360db40, 0x00000182c360dc98]
Event: 120.601 Thread 0x00000182c02a87e0 12812       3       org.eclipse.jdt.internal.compiler.classfmt.AnnotationMethodInfo::<init> (95 bytes)
Event: 120.602 Thread 0x00000182c02a87e0 nmethod 12812 0x00000182c35cb510 code [0x00000182c35cb6c0, 0x00000182c35cb9f8]
Event: 120.605 Thread 0x00000182c02a87e0 12813       3       org.eclipse.jdt.internal.compiler.ast.ImportReference::traverse (14 bytes)
Event: 120.607 Thread 0x00000182c02a87e0 nmethod 12813 0x00000182c3608110 code [0x00000182c36082c0, 0x00000182c3608590]
Event: 120.622 Thread 0x00000182c02a87e0 12814       3       org.eclipse.jdt.internal.core.search.PatternSearchJob$$Lambda/0x00000182d85470d0::call (16 bytes)
Event: 120.622 Thread 0x00000182c02a87e0 nmethod 12814 0x00000182c35b5290 code [0x00000182c35b5440, 0x00000182c35b55f8]
Event: 120.646 Thread 0x00000182c02a87e0 12815       3       org.eclipse.jdt.internal.core.search.PatternSearchJob::collectTo (10 bytes)
Event: 120.647 Thread 0x00000182c02a87e0 nmethod 12815 0x00000182c36e6310 code [0x00000182c36e64c0, 0x00000182c36e6750]
Event: 120.658 Thread 0x00000182c02a87e0 12816       3       java.lang.WeakPairMap$Pair$Lookup::equals (31 bytes)
Event: 120.659 Thread 0x00000182c02a87e0 nmethod 12816 0x00000182c3832c10 code [0x00000182c3832e00, 0x00000182c3833490]
Event: 120.661 Thread 0x00000182c02a87e0 12817   !   3       java.lang.StringLatin1::replace (291 bytes)
Event: 120.665 Thread 0x00000182c02a87e0 nmethod 12817 0x00000182c370cc90 code [0x00000182c370cfc0, 0x00000182c370e110]
Event: 120.675 Thread 0x00000182c02a87e0 12818       1       org.eclipse.jdt.internal.compiler.apt.model.NameImpl::toString (5 bytes)
Event: 120.675 Thread 0x00000182c02a87e0 nmethod 12818 0x00000182cb439b90 code [0x00000182cb439d20, 0x00000182cb439de8]
Event: 120.684 Thread 0x00000182c02a87e0 12819   !   3       org.eclipse.jdt.internal.core.search.PatternSearchJob::search (246 bytes)

GC Heap History (20 events):
Event: 94.625 GC heap before
{Heap before GC invocations=99 (full 3):
 PSYoungGen      total 20992K, used 20601K [0x00000000d5580000, 0x00000000d6c00000, 0x0000000100000000)
  eden space 18944K, 99% used [0x00000000d5580000,0x00000000d67ede30,0x00000000d6800000)
  from space 2048K, 84% used [0x00000000d6880000,0x00000000d6a30738,0x00000000d6a80000)
  to   space 1536K, 0% used [0x00000000d6a80000,0x00000000d6a80000,0x00000000d6c00000)
 ParOldGen       total 85504K, used 85286K [0x0000000080000000, 0x0000000085380000, 0x00000000d5580000)
  object space 85504K, 99% used [0x0000000080000000,0x0000000085349bc8,0x0000000085380000)
 Metaspace       used 67169K, committed 68672K, reserved 1114112K
  class space    used 6957K, committed 7552K, reserved 1048576K
}
Event: 94.629 GC heap after
{Heap after GC invocations=99 (full 3):
 PSYoungGen      total 19968K, used 595K [0x00000000d5580000, 0x00000000d6b80000, 0x0000000100000000)
  eden space 18944K, 0% used [0x00000000d5580000,0x00000000d5580000,0x00000000d6800000)
  from space 1024K, 58% used [0x00000000d6a80000,0x00000000d6b14ee8,0x00000000d6b80000)
  to   space 1024K, 0% used [0x00000000d6980000,0x00000000d6980000,0x00000000d6a80000)
 ParOldGen       total 86528K, used 86150K [0x0000000080000000, 0x0000000085480000, 0x00000000d5580000)
  object space 86528K, 99% used [0x0000000080000000,0x00000000854218a0,0x0000000085480000)
 Metaspace       used 67169K, committed 68672K, reserved 1114112K
  class space    used 6957K, committed 7552K, reserved 1048576K
}
Event: 98.335 GC heap before
{Heap before GC invocations=100 (full 3):
 PSYoungGen      total 19968K, used 19539K [0x00000000d5580000, 0x00000000d6b80000, 0x0000000100000000)
  eden space 18944K, 100% used [0x00000000d5580000,0x00000000d6800000,0x00000000d6800000)
  from space 1024K, 58% used [0x00000000d6a80000,0x00000000d6b14ee8,0x00000000d6b80000)
  to   space 1024K, 0% used [0x00000000d6980000,0x00000000d6980000,0x00000000d6a80000)
 ParOldGen       total 86528K, used 86150K [0x0000000080000000, 0x0000000085480000, 0x00000000d5580000)
  object space 86528K, 99% used [0x0000000080000000,0x00000000854218a0,0x0000000085480000)
 Metaspace       used 67261K, committed 68736K, reserved 1114112K
  class space    used 6961K, committed 7552K, reserved 1048576K
}
Event: 98.383 GC heap after
{Heap after GC invocations=100 (full 3):
 PSYoungGen      total 19968K, used 1004K [0x00000000d5580000, 0x00000000d6c00000, 0x0000000100000000)
  eden space 18944K, 0% used [0x00000000d5580000,0x00000000d5580000,0x00000000d6800000)
  from space 1024K, 98% used [0x00000000d6980000,0x00000000d6a7b318,0x00000000d6a80000)
  to   space 1536K, 0% used [0x00000000d6a80000,0x00000000d6a80000,0x00000000d6c00000)
 ParOldGen       total 87040K, used 86594K [0x0000000080000000, 0x0000000085500000, 0x00000000d5580000)
  object space 87040K, 99% used [0x0000000080000000,0x00000000854908f0,0x0000000085500000)
 Metaspace       used 67261K, committed 68736K, reserved 1114112K
  class space    used 6961K, committed 7552K, reserved 1048576K
}
Event: 100.703 GC heap before
{Heap before GC invocations=101 (full 3):
 PSYoungGen      total 19968K, used 19948K [0x00000000d5580000, 0x00000000d6c00000, 0x0000000100000000)
  eden space 18944K, 100% used [0x00000000d5580000,0x00000000d6800000,0x00000000d6800000)
  from space 1024K, 98% used [0x00000000d6980000,0x00000000d6a7b318,0x00000000d6a80000)
  to   space 1536K, 0% used [0x00000000d6a80000,0x00000000d6a80000,0x00000000d6c00000)
 ParOldGen       total 87040K, used 86594K [0x0000000080000000, 0x0000000085500000, 0x00000000d5580000)
  object space 87040K, 99% used [0x0000000080000000,0x00000000854908f0,0x0000000085500000)
 Metaspace       used 67951K, committed 69376K, reserved 1114112K
  class space    used 7023K, committed 7616K, reserved 1048576K
}
Event: 100.714 GC heap after
{Heap after GC invocations=101 (full 3):
 PSYoungGen      total 20480K, used 1379K [0x00000000d5580000, 0x00000000d6c00000, 0x0000000100000000)
  eden space 18944K, 0% used [0x00000000d5580000,0x00000000d5580000,0x00000000d6800000)
  from space 1536K, 89% used [0x00000000d6a80000,0x00000000d6bd8f40,0x00000000d6c00000)
  to   space 1536K, 0% used [0x00000000d6900000,0x00000000d6900000,0x00000000d6a80000)
 ParOldGen       total 87552K, used 87516K [0x0000000080000000, 0x0000000085580000, 0x00000000d5580000)
  object space 87552K, 99% used [0x0000000080000000,0x0000000085577100,0x0000000085580000)
 Metaspace       used 67951K, committed 69376K, reserved 1114112K
  class space    used 7023K, committed 7616K, reserved 1048576K
}
Event: 104.775 GC heap before
{Heap before GC invocations=102 (full 3):
 PSYoungGen      total 20480K, used 20323K [0x00000000d5580000, 0x00000000d6c00000, 0x0000000100000000)
  eden space 18944K, 100% used [0x00000000d5580000,0x00000000d6800000,0x00000000d6800000)
  from space 1536K, 89% used [0x00000000d6a80000,0x00000000d6bd8f40,0x00000000d6c00000)
  to   space 1536K, 0% used [0x00000000d6900000,0x00000000d6900000,0x00000000d6a80000)
 ParOldGen       total 87552K, used 87516K [0x0000000080000000, 0x0000000085580000, 0x00000000d5580000)
  object space 87552K, 99% used [0x0000000080000000,0x0000000085577100,0x0000000085580000)
 Metaspace       used 68709K, committed 70272K, reserved 1114112K
  class space    used 7115K, committed 7744K, reserved 1048576K
}
Event: 104.785 GC heap after
{Heap after GC invocations=102 (full 3):
 PSYoungGen      total 19968K, used 858K [0x00000000d5580000, 0x00000000d6b00000, 0x0000000100000000)
  eden space 18944K, 0% used [0x00000000d5580000,0x00000000d5580000,0x00000000d6800000)
  from space 1024K, 83% used [0x00000000d6900000,0x00000000d69d6940,0x00000000d6a00000)
  to   space 1024K, 0% used [0x00000000d6a00000,0x00000000d6a00000,0x00000000d6b00000)
 ParOldGen       total 89088K, used 88664K [0x0000000080000000, 0x0000000085700000, 0x00000000d5580000)
  object space 89088K, 99% used [0x0000000080000000,0x0000000085696380,0x0000000085700000)
 Metaspace       used 68709K, committed 70272K, reserved 1114112K
  class space    used 7115K, committed 7744K, reserved 1048576K
}
Event: 109.448 GC heap before
{Heap before GC invocations=103 (full 3):
 PSYoungGen      total 19968K, used 19721K [0x00000000d5580000, 0x00000000d6b00000, 0x0000000100000000)
  eden space 18944K, 99% used [0x00000000d5580000,0x00000000d67ebe70,0x00000000d6800000)
  from space 1024K, 83% used [0x00000000d6900000,0x00000000d69d6940,0x00000000d6a00000)
  to   space 1024K, 0% used [0x00000000d6a00000,0x00000000d6a00000,0x00000000d6b00000)
 ParOldGen       total 89088K, used 88664K [0x0000000080000000, 0x0000000085700000, 0x00000000d5580000)
  object space 89088K, 99% used [0x0000000080000000,0x0000000085696380,0x0000000085700000)
 Metaspace       used 69477K, committed 70976K, reserved 1114112K
  class space    used 7191K, committed 7808K, reserved 1048576K
}
Event: 109.456 GC heap after
{Heap after GC invocations=103 (full 3):
 PSYoungGen      total 18432K, used 1010K [0x00000000d5580000, 0x00000000d6f00000, 0x0000000100000000)
  eden space 17408K, 0% used [0x00000000d5580000,0x00000000d5580000,0x00000000d6680000)
  from space 1024K, 98% used [0x00000000d6a00000,0x00000000d6afc940,0x00000000d6b00000)
  to   space 3584K, 0% used [0x00000000d6680000,0x00000000d6680000,0x00000000d6a00000)
 ParOldGen       total 91136K, used 90638K [0x0000000080000000, 0x0000000085900000, 0x00000000d5580000)
  object space 91136K, 99% used [0x0000000080000000,0x0000000085883a38,0x0000000085900000)
 Metaspace       used 69477K, committed 70976K, reserved 1114112K
  class space    used 7191K, committed 7808K, reserved 1048576K
}
Event: 112.385 GC heap before
{Heap before GC invocations=104 (full 3):
 PSYoungGen      total 18432K, used 18418K [0x00000000d5580000, 0x00000000d6f00000, 0x0000000100000000)
  eden space 17408K, 100% used [0x00000000d5580000,0x00000000d6680000,0x00000000d6680000)
  from space 1024K, 98% used [0x00000000d6a00000,0x00000000d6afc940,0x00000000d6b00000)
  to   space 3584K, 0% used [0x00000000d6680000,0x00000000d6680000,0x00000000d6a00000)
 ParOldGen       total 91136K, used 90638K [0x0000000080000000, 0x0000000085900000, 0x00000000d5580000)
  object space 91136K, 99% used [0x0000000080000000,0x0000000085883a38,0x0000000085900000)
 Metaspace       used 69540K, committed 71040K, reserved 1114112K
  class space    used 7194K, committed 7808K, reserved 1048576K
}
Event: 112.392 GC heap after
{Heap after GC invocations=104 (full 3):
 PSYoungGen      total 20992K, used 3310K [0x00000000d5580000, 0x00000000d6d80000, 0x0000000100000000)
  eden space 17408K, 0% used [0x00000000d5580000,0x00000000d5580000,0x00000000d6680000)
  from space 3584K, 92% used [0x00000000d6680000,0x00000000d69bb810,0x00000000d6a00000)
  to   space 3584K, 0% used [0x00000000d6a00000,0x00000000d6a00000,0x00000000d6d80000)
 ParOldGen       total 92672K, used 92402K [0x0000000080000000, 0x0000000085a80000, 0x00000000d5580000)
  object space 92672K, 99% used [0x0000000080000000,0x0000000085a3cad8,0x0000000085a80000)
 Metaspace       used 69540K, committed 71040K, reserved 1114112K
  class space    used 7194K, committed 7808K, reserved 1048576K
}
Event: 114.266 GC heap before
{Heap before GC invocations=105 (full 3):
 PSYoungGen      total 20992K, used 20718K [0x00000000d5580000, 0x00000000d6d80000, 0x0000000100000000)
  eden space 17408K, 100% used [0x00000000d5580000,0x00000000d6680000,0x00000000d6680000)
  from space 3584K, 92% used [0x00000000d6680000,0x00000000d69bb810,0x00000000d6a00000)
  to   space 3584K, 0% used [0x00000000d6a00000,0x00000000d6a00000,0x00000000d6d80000)
 ParOldGen       total 92672K, used 92402K [0x0000000080000000, 0x0000000085a80000, 0x00000000d5580000)
  object space 92672K, 99% used [0x0000000080000000,0x0000000085a3cad8,0x0000000085a80000)
 Metaspace       used 69613K, committed 71168K, reserved 1114112K
  class space    used 7200K, committed 7872K, reserved 1048576K
}
Event: 114.280 GC heap after
{Heap after GC invocations=105 (full 3):
 PSYoungGen      total 18944K, used 1120K [0x00000000d5580000, 0x00000000d6b80000, 0x0000000100000000)
  eden space 17408K, 0% used [0x00000000d5580000,0x00000000d5580000,0x00000000d6680000)
  from space 1536K, 72% used [0x00000000d6a00000,0x00000000d6b18000,0x00000000d6b80000)
  to   space 2048K, 0% used [0x00000000d6780000,0x00000000d6780000,0x00000000d6980000)
 ParOldGen       total 95744K, used 95647K [0x0000000080000000, 0x0000000085d80000, 0x00000000d5580000)
  object space 95744K, 99% used [0x0000000080000000,0x0000000085d67e50,0x0000000085d80000)
 Metaspace       used 69613K, committed 71168K, reserved 1114112K
  class space    used 7200K, committed 7872K, reserved 1048576K
}
Event: 117.308 GC heap before
{Heap before GC invocations=106 (full 3):
 PSYoungGen      total 18944K, used 18528K [0x00000000d5580000, 0x00000000d6b80000, 0x0000000100000000)
  eden space 17408K, 100% used [0x00000000d5580000,0x00000000d6680000,0x00000000d6680000)
  from space 1536K, 72% used [0x00000000d6a00000,0x00000000d6b18000,0x00000000d6b80000)
  to   space 2048K, 0% used [0x00000000d6780000,0x00000000d6780000,0x00000000d6980000)
 ParOldGen       total 95744K, used 95647K [0x0000000080000000, 0x0000000085d80000, 0x00000000d5580000)
  object space 95744K, 99% used [0x0000000080000000,0x0000000085d67e50,0x0000000085d80000)
 Metaspace       used 70011K, committed 71552K, reserved 1114112K
  class space    used 7221K, committed 7872K, reserved 1048576K
}
Event: 117.320 GC heap after
{Heap after GC invocations=106 (full 3):
 PSYoungGen      total 19456K, used 1552K [0x00000000d5580000, 0x00000000d6a80000, 0x0000000100000000)
  eden space 17408K, 0% used [0x00000000d5580000,0x00000000d5580000,0x00000000d6680000)
  from space 2048K, 75% used [0x00000000d6780000,0x00000000d69043f0,0x00000000d6980000)
  to   space 1024K, 0% used [0x00000000d6980000,0x00000000d6980000,0x00000000d6a80000)
 ParOldGen       total 96768K, used 96743K [0x0000000080000000, 0x0000000085e80000, 0x00000000d5580000)
  object space 96768K, 99% used [0x0000000080000000,0x0000000085e79ff0,0x0000000085e80000)
 Metaspace       used 70011K, committed 71552K, reserved 1114112K
  class space    used 7221K, committed 7872K, reserved 1048576K
}
Event: 119.083 GC heap before
{Heap before GC invocations=107 (full 3):
 PSYoungGen      total 19456K, used 18960K [0x00000000d5580000, 0x00000000d6a80000, 0x0000000100000000)
  eden space 17408K, 100% used [0x00000000d5580000,0x00000000d6680000,0x00000000d6680000)
  from space 2048K, 75% used [0x00000000d6780000,0x00000000d69043f0,0x00000000d6980000)
  to   space 1024K, 0% used [0x00000000d6980000,0x00000000d6980000,0x00000000d6a80000)
 ParOldGen       total 96768K, used 96743K [0x0000000080000000, 0x0000000085e80000, 0x00000000d5580000)
  object space 96768K, 99% used [0x0000000080000000,0x0000000085e79ff0,0x0000000085e80000)
 Metaspace       used 70075K, committed 71616K, reserved 1114112K
  class space    used 7223K, committed 7872K, reserved 1048576K
}
Event: 119.506 GC heap after
{Heap after GC invocations=107 (full 3):
 PSYoungGen      total 19456K, used 18960K [0x00000000d5580000, 0x00000000d6a80000, 0x0000000100000000)
  eden space 17408K, 100% used [0x00000000d5580000,0x00000000d6680000,0x00000000d6680000)
  from space 2048K, 75% used [0x00000000d6780000,0x00000000d69043f0,0x00000000d6980000)
  to   space 1024K, 97% used [0x00000000d6980000,0x00000000d6a7a910,0x00000000d6a80000)
 ParOldGen       total 97280K, used 97278K [0x0000000080000000, 0x0000000085f00000, 0x00000000d5580000)
  object space 97280K, 99% used [0x0000000080000000,0x0000000085effa60,0x0000000085f00000)
 Metaspace       used 70075K, committed 71616K, reserved 1114112K
  class space    used 7223K, committed 7872K, reserved 1048576K
}
Event: 119.506 GC heap before
{Heap before GC invocations=108 (full 4):
 PSYoungGen      total 19456K, used 18960K [0x00000000d5580000, 0x00000000d6a80000, 0x0000000100000000)
  eden space 17408K, 100% used [0x00000000d5580000,0x00000000d6680000,0x00000000d6680000)
  from space 2048K, 75% used [0x00000000d6780000,0x00000000d69043f0,0x00000000d6980000)
  to   space 1024K, 97% used [0x00000000d6980000,0x00000000d6a7a910,0x00000000d6a80000)
 ParOldGen       total 97280K, used 97278K [0x0000000080000000, 0x0000000085f00000, 0x00000000d5580000)
  object space 97280K, 99% used [0x0000000080000000,0x0000000085effa60,0x0000000085f00000)
 Metaspace       used 70075K, committed 71616K, reserved 1114112K
  class space    used 7223K, committed 7872K, reserved 1048576K
}
Event: 120.169 GC heap after
{Heap after GC invocations=108 (full 4):
 PSYoungGen      total 18432K, used 0K [0x00000000d5580000, 0x00000000d6a80000, 0x0000000100000000)
  eden space 17408K, 0% used [0x00000000d5580000,0x00000000d5580000,0x00000000d6680000)
  from space 1024K, 0% used [0x00000000d6980000,0x00000000d6980000,0x00000000d6a80000)
  to   space 2048K, 0% used [0x00000000d6680000,0x00000000d6680000,0x00000000d6880000)
 ParOldGen       total 99328K, used 71941K [0x0000000080000000, 0x0000000086100000, 0x00000000d5580000)
  object space 99328K, 72% used [0x0000000080000000,0x0000000084641538,0x0000000086100000)
 Metaspace       used 70068K, committed 71616K, reserved 1114112K
  class space    used 7221K, committed 7872K, reserved 1048576K
}

Dll operation events (10 events):
Event: 0.052 Loaded shared library c:\Users\ajani\.vscode\extensions\redhat.java-1.54.0-win32-x64\jre\21.0.10-win32-x86_64\bin\java.dll
Event: 2.458 Loaded shared library c:\Users\ajani\.vscode\extensions\redhat.java-1.54.0-win32-x64\jre\21.0.10-win32-x86_64\bin\zip.dll
Event: 2.896 Loaded shared library C:\Users\ajani\.vscode\extensions\redhat.java-1.54.0-win32-x64\jre\21.0.10-win32-x86_64\bin\instrument.dll
Event: 2.939 Loaded shared library C:\Users\ajani\.vscode\extensions\redhat.java-1.54.0-win32-x64\jre\21.0.10-win32-x86_64\bin\net.dll
Event: 2.946 Loaded shared library C:\Users\ajani\.vscode\extensions\redhat.java-1.54.0-win32-x64\jre\21.0.10-win32-x86_64\bin\nio.dll
Event: 2.985 Loaded shared library C:\Users\ajani\.vscode\extensions\redhat.java-1.54.0-win32-x64\jre\21.0.10-win32-x86_64\bin\zip.dll
Event: 3.410 Loaded shared library C:\Users\ajani\.vscode\extensions\redhat.java-1.54.0-win32-x64\jre\21.0.10-win32-x86_64\bin\jimage.dll
Event: 4.946 Loaded shared library c:\Users\ajani\.vscode\extensions\redhat.java-1.54.0-win32-x64\jre\21.0.10-win32-x86_64\bin\verify.dll
Event: 14.696 Loaded shared library C:\Users\ajani\AppData\Roaming\Code\User\globalStorage\redhat.java\1.54.0\config_win\org.eclipse.equinox.launcher\org.eclipse.equinox.launcher.win32.win32.x86_64_1.3.0.v20260203-2149\eclipse_11919.dll
Event: 22.493 Loaded shared library C:\Users\ajani\AppData\Local\Temp\jna-92836115\jna14248621238384288453.dll

Deoptimization events (20 events):
Event: 120.199 Thread 0x0000018318bcc370 Uncommon trap: trap_request=0xffffff45 fr.pc=0x00000182cb6ce19c relative=0x000000000000635c
Event: 120.199 Thread 0x0000018318bcc370 Uncommon trap: reason=unstable_if action=reinterpret pc=0x00000182cb6ce19c method=org.eclipse.jdt.internal.compiler.lookup.BinaryTypeBinding.createMethod(Lorg/eclipse/jdt/internal/compiler/env/IBinaryMethod;Lorg/eclipse/jdt/internal/compiler/env/IBinaryTy
Event: 120.199 Thread 0x0000018318bcc370 DEOPT PACKING pc=0x00000182cb6ce19c sp=0x0000005482dfcc90
Event: 120.199 Thread 0x0000018318bcc370 DEOPT UNPACKING pc=0x00000182cab03a9c sp=0x0000005482dfcc98 mode 2
Event: 120.247 Thread 0x0000018318bcc370 Uncommon trap: trap_request=0xffffff45 fr.pc=0x00000182cb81f668 relative=0x0000000000001e48
Event: 120.248 Thread 0x0000018318bcc370 Uncommon trap: reason=unstable_if action=reinterpret pc=0x00000182cb81f668 method=org.eclipse.jdt.internal.compiler.lookup.LookupEnvironment.getTypeFromTypeSignature(Lorg/eclipse/jdt/internal/compiler/lookup/SignatureWrapper;[Lorg/eclipse/jdt/internal/com
Event: 120.248 Thread 0x0000018318bcc370 DEOPT PACKING pc=0x00000182cb81f668 sp=0x0000005482dfcea0
Event: 120.248 Thread 0x0000018318bcc370 DEOPT UNPACKING pc=0x00000182cab03a9c sp=0x0000005482dfce80 mode 2
Event: 120.448 Thread 0x000001831ee5f9d0 DEOPT PACKING pc=0x00000182c419b9cc sp=0x00000054834fe930
Event: 120.448 Thread 0x000001831ee5f9d0 DEOPT UNPACKING pc=0x00000182cab04223 sp=0x00000054834fdee0 mode 0
Event: 120.507 Thread 0x000001831ee5f9d0 Uncommon trap: trap_request=0xffffff45 fr.pc=0x00000182cb466cc4 relative=0x0000000000002c04
Event: 120.507 Thread 0x000001831ee5f9d0 Uncommon trap: reason=unstable_if action=reinterpret pc=0x00000182cb466cc4 method=org.eclipse.jdt.internal.core.index.DiskIndex.readCategoryTable([CZ)Lorg/eclipse/jdt/internal/compiler/util/HashtableOfObject; @ 416 c2
Event: 120.507 Thread 0x000001831ee5f9d0 DEOPT PACKING pc=0x00000182cb466cc4 sp=0x00000054834fea40
Event: 120.507 Thread 0x000001831ee5f9d0 DEOPT UNPACKING pc=0x00000182cab03a9c sp=0x00000054834fe9e8 mode 2
Event: 120.533 Thread 0x0000018318bcc370 Uncommon trap: trap_request=0xffffff45 fr.pc=0x00000182cb34a8ac relative=0x000000000000008c
Event: 120.533 Thread 0x0000018318bcc370 Uncommon trap: reason=unstable_if action=reinterpret pc=0x00000182cb34a8ac method=org.eclipse.jdt.internal.compiler.lookup.ReferenceBinding.isStatic()Z @ 21 c2
Event: 120.533 Thread 0x0000018318bcc370 DEOPT PACKING pc=0x00000182cb34a8ac sp=0x0000005482dfb300
Event: 120.533 Thread 0x0000018318bcc370 DEOPT UNPACKING pc=0x00000182cab03a9c sp=0x0000005482dfb290 mode 2
Event: 120.620 Thread 0x0000018318bcc370 DEOPT PACKING pc=0x00000182c37c7d8d sp=0x0000005482dfdf50
Event: 120.620 Thread 0x0000018318bcc370 DEOPT UNPACKING pc=0x00000182cab04223 sp=0x0000005482dfd400 mode 0

Classes loaded (20 events):
Event: 90.562 Loading class java/util/stream/Nodes$IntArrayNode done
Event: 90.562 Loading class java/util/stream/Nodes$IntFixedNodeBuilder done
Event: 90.562 Loading class java/util/stream/ReferencePipeline$4$1
Event: 90.563 Loading class java/util/stream/ReferencePipeline$4$1 done
Event: 90.689 Loading class jdk/internal/ref/CleanerImpl$InnocuousThreadFactory
Event: 90.701 Loading class jdk/internal/ref/CleanerImpl$InnocuousThreadFactory done
Event: 92.970 Loading class java/lang/invoke/MethodHandleImpl$CountingWrapper$1
Event: 92.970 Loading class java/lang/invoke/MethodHandleImpl$CountingWrapper$1 done
Event: 102.015 Loading class java/util/AbstractList$RandomAccessSubList
Event: 102.015 Loading class java/util/AbstractList$SubList
Event: 102.025 Loading class java/util/AbstractList$SubList done
Event: 102.025 Loading class java/util/AbstractList$RandomAccessSubList done
Event: 102.025 Loading class java/util/AbstractList$SubList$1
Event: 102.025 Loading class java/util/AbstractList$SubList$1 done
Event: 102.653 Loading class java/util/ImmutableCollections$SubList
Event: 102.656 Loading class java/util/ImmutableCollections$SubList done
Event: 115.074 Loading class java/nio/file/Files$2
Event: 115.074 Loading class java/nio/file/Files$2 done
Event: 120.646 Loading class jdk/internal/module/IllegalAccessLogger
Event: 120.646 Loading class jdk/internal/module/IllegalAccessLogger done

Classes unloaded (11 events):
Event: 24.988 Thread 0x00000182c043b780 Unloading class 0x00000182d81a9400 'java/lang/invoke/LambdaForm$MH+0x00000182d81a9400'
Event: 24.988 Thread 0x00000182c043b780 Unloading class 0x00000182d81a9000 'java/lang/invoke/LambdaForm$MH+0x00000182d81a9000'
Event: 24.988 Thread 0x00000182c043b780 Unloading class 0x00000182d81a8c00 'java/lang/invoke/LambdaForm$MH+0x00000182d81a8c00'
Event: 24.988 Thread 0x00000182c043b780 Unloading class 0x00000182d81a8800 'java/lang/invoke/LambdaForm$MH+0x00000182d81a8800'
Event: 24.988 Thread 0x00000182c043b780 Unloading class 0x00000182d81a8400 'java/lang/invoke/LambdaForm$BMH+0x00000182d81a8400'
Event: 24.988 Thread 0x00000182c043b780 Unloading class 0x00000182d81a8000 'java/lang/invoke/LambdaForm$DMH+0x00000182d81a8000'
Event: 24.988 Thread 0x00000182c043b780 Unloading class 0x00000182d81a6c00 'java/lang/invoke/LambdaForm$DMH+0x00000182d81a6c00'
Event: 119.653 Thread 0x00000182c043b780 Unloading class 0x00000182d86f9000 'java/lang/invoke/LambdaForm$DMH+0x00000182d86f9000'
Event: 119.653 Thread 0x00000182c043b780 Unloading class 0x00000182d86da400 'java/lang/invoke/LambdaForm$MH+0x00000182d86da400'
Event: 119.653 Thread 0x00000182c043b780 Unloading class 0x00000182d86d9c00 'java/lang/invoke/LambdaForm$MH+0x00000182d86d9c00'
Event: 119.653 Thread 0x00000182c043b780 Unloading class 0x00000182d86d9400 'java/lang/invoke/LambdaForm$MH+0x00000182d86d9400'

Classes redefined (0 events):
No events

Internal exceptions (20 events):
Event: 94.164 Thread 0x000001831ee5df90 Exception <a 'sun/nio/fs/WindowsException'{0x00000000d5ea4898}> (0x00000000d5ea4898) 
thrown [s\src\hotspot\share\prims\jni.cpp, line 520]
Event: 94.164 Thread 0x000001831ee5df90 Exception <a 'sun/nio/fs/WindowsException'{0x00000000d5ea5178}> (0x00000000d5ea5178) 
thrown [s\src\hotspot\share\prims\jni.cpp, line 520]
Event: 97.858 Thread 0x000001831ee5f340 Exception <a 'java/lang/IncompatibleClassChangeError'{0x00000000d61be9d8}: Found class java.lang.Object, but interface was expected> (0x00000000d61be9d8) 
thrown [s\src\hotspot\share\interpreter\linkResolver.cpp, line 840]
Event: 100.201 Thread 0x000001831dd7e570 Implicit null exception at 0x00000182cb4e36da to 0x00000182cb4e3733
Event: 102.577 Thread 0x000001831ee60060 Exception <a 'sun/nio/fs/WindowsException'{0x00000000d5fc6ec8}> (0x00000000d5fc6ec8) 
thrown [s\src\hotspot\share\prims\jni.cpp, line 520]
Event: 102.578 Thread 0x000001831ee60060 Exception <a 'sun/nio/fs/WindowsException'{0x00000000d5fc77c8}> (0x00000000d5fc77c8) 
thrown [s\src\hotspot\share\prims\jni.cpp, line 520]
Event: 102.725 Thread 0x0000018318bcc370 Exception <a 'java/lang/NoSuchMethodError'{0x00000000d60ce068}: 'int java.lang.invoke.DirectMethodHandle$Holder.invokeStatic(java.lang.Object)'> (0x00000000d60ce068) 
thrown [s\src\hotspot\share\interpreter\linkResolver.cpp, line 773]
Event: 107.422 Thread 0x0000018318bcc370 Exception <a 'sun/nio/fs/WindowsException'{0x00000000d61bc6b8}> (0x00000000d61bc6b8) 
thrown [s\src\hotspot\share\prims\jni.cpp, line 520]
Event: 107.546 Thread 0x000001831dd7dee0 Exception <a 'sun/nio/fs/WindowsException'{0x00000000d639b9f0}> (0x00000000d639b9f0) 
thrown [s\src\hotspot\share\prims\jni.cpp, line 520]
Event: 107.660 Thread 0x000001831dd7dee0 Exception <a 'sun/nio/fs/WindowsException'{0x00000000d63a10a0}> (0x00000000d63a10a0) 
thrown [s\src\hotspot\share\prims\jni.cpp, line 520]
Event: 107.661 Thread 0x000001831dd7b780 Exception <a 'sun/nio/fs/WindowsException'{0x00000000d63a4518}> (0x00000000d63a4518) 
thrown [s\src\hotspot\share\prims\jni.cpp, line 520]
Event: 107.707 Thread 0x000001831dd7b780 Exception <a 'sun/nio/fs/WindowsException'{0x00000000d63a6668}> (0x00000000d63a6668) 
thrown [s\src\hotspot\share\prims\jni.cpp, line 520]
Event: 107.721 Thread 0x000001831dd7b780 Exception <a 'sun/nio/fs/WindowsException'{0x00000000d63a9160}> (0x00000000d63a9160) 
thrown [s\src\hotspot\share\prims\jni.cpp, line 520]
Event: 107.798 Thread 0x000001831dd7b780 Exception <a 'sun/nio/fs/WindowsException'{0x00000000d63c1c68}> (0x00000000d63c1c68) 
thrown [s\src\hotspot\share\prims\jni.cpp, line 520]
Event: 107.838 Thread 0x000001831dd7b780 Exception <a 'sun/nio/fs/WindowsException'{0x00000000d63cbb78}> (0x00000000d63cbb78) 
thrown [s\src\hotspot\share\prims\jni.cpp, line 520]
Event: 107.840 Thread 0x000001831dd7b780 Exception <a 'sun/nio/fs/WindowsException'{0x00000000d63cd418}> (0x00000000d63cd418) 
thrown [s\src\hotspot\share\prims\jni.cpp, line 520]
Event: 107.847 Thread 0x000001831dd7b780 Exception <a 'sun/nio/fs/WindowsException'{0x00000000d63cf4a0}> (0x00000000d63cf4a0) 
thrown [s\src\hotspot\share\prims\jni.cpp, line 520]
Event: 107.857 Thread 0x000001831dd7b780 Exception <a 'sun/nio/fs/WindowsException'{0x00000000d63d43c0}> (0x00000000d63d43c0) 
thrown [s\src\hotspot\share\prims\jni.cpp, line 520]
Event: 107.867 Thread 0x000001831dd7b780 Exception <a 'sun/nio/fs/WindowsException'{0x00000000d63d8b98}> (0x00000000d63d8b98) 
thrown [s\src\hotspot\share\prims\jni.cpp, line 520]
Event: 114.151 Thread 0x0000018318bcc370 Implicit null exception at 0x00000182cb233725 to 0x00000182cb233a98

ZGC Phase Switch (0 events):
No events

VM Operations (20 events):
Event: 112.385 Executing safepoint VM operation: ParallelGCFailedAllocation (Allocation Failure)
Event: 112.393 Executing safepoint VM operation: ParallelGCFailedAllocation (Allocation Failure) done
Event: 113.404 Executing safepoint VM operation: Cleanup
Event: 113.428 Executing safepoint VM operation: Cleanup done
Event: 114.266 Executing safepoint VM operation: ParallelGCFailedAllocation (Allocation Failure)
Event: 114.280 Executing safepoint VM operation: ParallelGCFailedAllocation (Allocation Failure) done
Event: 115.289 Executing safepoint VM operation: Cleanup
Event: 115.371 Executing safepoint VM operation: Cleanup done
Event: 116.374 Executing safepoint VM operation: Cleanup
Event: 116.385 Executing safepoint VM operation: Cleanup done
Event: 117.308 Executing safepoint VM operation: ParallelGCFailedAllocation (Allocation Failure)
Event: 117.320 Executing safepoint VM operation: ParallelGCFailedAllocation (Allocation Failure) done
Event: 118.340 Executing safepoint VM operation: Cleanup
Event: 118.390 Executing safepoint VM operation: Cleanup done
Event: 119.082 Executing safepoint VM operation: ParallelGCFailedAllocation (Allocation Failure)
Event: 120.187 Executing safepoint VM operation: ParallelGCFailedAllocation (Allocation Failure) done
Event: 120.484 Executing non-safepoint VM operation: HandshakeAllThreads (HandshakeForDeflation)
Event: 120.499 Executing non-safepoint VM operation: HandshakeAllThreads (HandshakeForDeflation) done
Event: 120.500 Executing non-safepoint VM operation: RendezvousGCThreads
Event: 120.500 Executing non-safepoint VM operation: RendezvousGCThreads done

Memory protections (0 events):
No events

Nmethod flushes (20 events):
Event: 119.713 Thread 0x00000182c043b780 flushing  nmethod 0x00000182c45f3d90
Event: 119.713 Thread 0x00000182c043b780 flushing  nmethod 0x00000182c45f5910
Event: 119.713 Thread 0x00000182c043b780 flushing  nmethod 0x00000182c45f7210
Event: 119.713 Thread 0x00000182c043b780 flushing  nmethod 0x00000182c45f8510
Event: 119.713 Thread 0x00000182c043b780 flushing  nmethod 0x00000182c45f9910
Event: 119.713 Thread 0x00000182c043b780 flushing  nmethod 0x00000182c45f9c90
Event: 119.713 Thread 0x00000182c043b780 flushing  nmethod 0x00000182c45faa10
Event: 119.713 Thread 0x00000182c043b780 flushing  nmethod 0x00000182c462c410
Event: 119.713 Thread 0x00000182c043b780 flushing  nmethod 0x00000182c462db90
Event: 119.713 Thread 0x00000182c043b780 flushing  nmethod 0x00000182c4634710
Event: 119.713 Thread 0x00000182c043b780 flushing  nmethod 0x00000182c4637310
Event: 119.713 Thread 0x00000182c043b780 flushing  nmethod 0x00000182c466c110
Event: 119.713 Thread 0x00000182c043b780 flushing  nmethod 0x00000182c46a6910
Event: 119.713 Thread 0x00000182c043b780 flushing  nmethod 0x00000182c46ae790
Event: 119.713 Thread 0x00000182c043b780 flushing  nmethod 0x00000182c46b6c10
Event: 119.713 Thread 0x00000182c043b780 flushing  nmethod 0x00000182c46b7c90
Event: 119.713 Thread 0x00000182c043b780 flushing  nmethod 0x00000182c46b8a90
Event: 119.713 Thread 0x00000182c043b780 flushing  nmethod 0x00000182c46e4690
Event: 119.713 Thread 0x00000182c043b780 flushing  nmethod 0x00000182c471ce90
Event: 119.713 Thread 0x00000182c043b780 flushing  nmethod 0x00000182c4742810

Events (20 events):
Event: 107.546 Thread 0x000001831dd7dee0 Thread added: 0x000001831dd7b780
Event: 116.385 Thread 0x000001831ee5f340 Thread added: 0x000001831dd7d850
Event: 116.850 Thread 0x000001831dd7d850 Thread exited: 0x000001831dd7d850
Event: 116.904 Thread 0x000001831ee5f340 Thread added: 0x000001831dd7aa60
Event: 116.909 Thread 0x000001831ee5f340 Thread added: 0x000001831dd7cb30
Event: 116.924 Thread 0x000001831ee5f340 Thread added: 0x000001831dd7b0f0
Event: 116.926 Thread 0x000001831ee5f340 Thread added: 0x000001831dd7e570
Event: 116.942 Thread 0x000001831ee5f340 Thread added: 0x000001831dd7ec00
Event: 116.957 Thread 0x000001831ee5f340 Thread added: 0x000001831dd80640
Event: 117.281 Thread 0x000001831dd7cb30 Thread exited: 0x000001831dd7cb30
Event: 117.281 Thread 0x000001831dd7aa60 Thread exited: 0x000001831dd7aa60
Event: 117.283 Thread 0x000001831dd7e570 Thread exited: 0x000001831dd7e570
Event: 117.285 Thread 0x000001831dd7ec00 Thread exited: 0x000001831dd7ec00
Event: 117.953 Thread 0x000001831ee5f340 Thread added: 0x000001831dd7cb30
Event: 117.958 Thread 0x000001831ee5f340 Thread added: 0x000001831dd7d850
Event: 118.063 Thread 0x000001831dd7cb30 Thread exited: 0x000001831dd7cb30
Event: 118.064 Thread 0x000001831dd7d850 Thread exited: 0x000001831dd7d850
Event: 118.646 Thread 0x000001831dd7b0f0 Thread exited: 0x000001831dd7b0f0
Event: 118.689 Thread 0x000001831ee5f340 Thread added: 0x000001831dd7cb30
Event: 120.331 Thread 0x000001831dd7cb30 Thread exited: 0x000001831dd7cb30


Dynamic libraries:
0x00007ff695190000 - 0x00007ff69519e000 	c:\Users\ajani\.vscode\extensions\redhat.java-1.54.0-win32-x64\jre\21.0.10-win32-x86_64\bin\java.exe
0x00007ffb3f020000 - 0x00007ffb3f287000 	C:\WINDOWS\SYSTEM32\ntdll.dll
0x00007ffb3d7c0000 - 0x00007ffb3d889000 	C:\WINDOWS\System32\KERNEL32.DLL
0x00007ffb3c370000 - 0x00007ffb3c75f000 	C:\WINDOWS\System32\KERNELBASE.dll
0x00007ffb3c220000 - 0x00007ffb3c36b000 	C:\WINDOWS\System32\ucrtbase.dll
0x00007ffb2f560000 - 0x00007ffb2f578000 	c:\Users\ajani\.vscode\extensions\redhat.java-1.54.0-win32-x64\jre\21.0.10-win32-x86_64\bin\jli.dll
0x00007ffb3e9e0000 - 0x00007ffb3eba5000 	C:\WINDOWS\System32\USER32.dll
0x00007ffb3c770000 - 0x00007ffb3c797000 	C:\WINDOWS\System32\win32u.dll
0x00007ffb3d750000 - 0x00007ffb3d77b000 	C:\WINDOWS\System32\GDI32.dll
0x00007ffb3c9d0000 - 0x00007ffb3cafc000 	C:\WINDOWS\System32\gdi32full.dll
0x00007ffb3cb90000 - 0x00007ffb3cc33000 	C:\WINDOWS\System32\msvcp_win.dll
0x00007ffb2e370000 - 0x00007ffb2e38e000 	c:\Users\ajani\.vscode\extensions\redhat.java-1.54.0-win32-x64\jre\21.0.10-win32-x86_64\bin\VCRUNTIME140.dll
0x00007ffb22000000 - 0x00007ffb22293000 	C:\WINDOWS\WinSxS\amd64_microsoft.windows.common-controls_6595b64144ccf1df_6.0.26100.7309_none_3e05feeae336a044\COMCTL32.dll
0x00007ffb3e060000 - 0x00007ffb3e109000 	C:\WINDOWS\System32\msvcrt.dll
0x00007ffb3d780000 - 0x00007ffb3d7b1000 	C:\WINDOWS\System32\IMM32.DLL
0x00007ffb2f6f0000 - 0x00007ffb2f6fc000 	c:\Users\ajani\.vscode\extensions\redhat.java-1.54.0-win32-x64\jre\21.0.10-win32-x86_64\bin\vcruntime140_1.dll
0x00007ffb2c580000 - 0x00007ffb2c60d000 	c:\Users\ajani\.vscode\extensions\redhat.java-1.54.0-win32-x64\jre\21.0.10-win32-x86_64\bin\msvcp140.dll
0x00007ffaee0e0000 - 0x00007ffaeee81000 	c:\Users\ajani\.vscode\extensions\redhat.java-1.54.0-win32-x64\jre\21.0.10-win32-x86_64\bin\server\jvm.dll
0x00007ffb3db10000 - 0x00007ffb3dbc4000 	C:\WINDOWS\System32\ADVAPI32.dll
0x00007ffb3ef30000 - 0x00007ffb3efd6000 	C:\WINDOWS\System32\sechost.dll
0x00007ffb3e8c0000 - 0x00007ffb3e9d8000 	C:\WINDOWS\System32\RPCRT4.dll
0x00007ffb3ec50000 - 0x00007ffb3ecc4000 	C:\WINDOWS\System32\WS2_32.dll
0x00007ffb3bfd0000 - 0x00007ffb3c02e000 	C:\WINDOWS\SYSTEM32\POWRPROF.dll
0x00007ffb14830000 - 0x00007ffb14865000 	C:\WINDOWS\SYSTEM32\WINMM.dll
0x00007ffb2e8e0000 - 0x00007ffb2e8eb000 	C:\WINDOWS\SYSTEM32\VERSION.dll
0x00007ffb3bfb0000 - 0x00007ffb3bfc4000 	C:\WINDOWS\SYSTEM32\UMPDC.dll
0x00007ffb3af20000 - 0x00007ffb3af3b000 	C:\WINDOWS\SYSTEM32\kernel.appcore.dll
0x00007ffb2fa40000 - 0x00007ffb2fa4a000 	c:\Users\ajani\.vscode\extensions\redhat.java-1.54.0-win32-x64\jre\21.0.10-win32-x86_64\bin\jimage.dll
0x00007ffb39a70000 - 0x00007ffb39cb2000 	C:\WINDOWS\SYSTEM32\DBGHELP.DLL
0x00007ffb3cf10000 - 0x00007ffb3d296000 	C:\WINDOWS\System32\combase.dll
0x00007ffb3ee50000 - 0x00007ffb3ef26000 	C:\WINDOWS\System32\OLEAUT32.dll
0x00007ffb06740000 - 0x00007ffb0677c000 	C:\WINDOWS\SYSTEM32\dbgcore.DLL
0x00007ffb3c170000 - 0x00007ffb3c215000 	C:\WINDOWS\System32\bcryptPrimitives.dll
0x00007ffb2f550000 - 0x00007ffb2f55f000 	c:\Users\ajani\.vscode\extensions\redhat.java-1.54.0-win32-x64\jre\21.0.10-win32-x86_64\bin\instrument.dll
0x00007ffb2d110000 - 0x00007ffb2d130000 	c:\Users\ajani\.vscode\extensions\redhat.java-1.54.0-win32-x64\jre\21.0.10-win32-x86_64\bin\java.dll
0x00007ffb3e110000 - 0x00007ffb3e863000 	C:\WINDOWS\System32\SHELL32.dll
0x00007ffb3c860000 - 0x00007ffb3c9ca000 	C:\WINDOWS\System32\wintypes.dll
0x00007ffb39db0000 - 0x00007ffb3a60e000 	C:\WINDOWS\SYSTEM32\windows.storage.dll
0x00007ffb3ecf0000 - 0x00007ffb3ede5000 	C:\WINDOWS\System32\SHCORE.dll
0x00007ffb3d6e0000 - 0x00007ffb3d746000 	C:\WINDOWS\System32\shlwapi.dll
0x00007ffb3c060000 - 0x00007ffb3c089000 	C:\WINDOWS\SYSTEM32\profapi.dll
0x00007ffb2c6d0000 - 0x00007ffb2c6e8000 	c:\Users\ajani\.vscode\extensions\redhat.java-1.54.0-win32-x64\jre\21.0.10-win32-x86_64\bin\zip.dll
0x00007ffb2ebf0000 - 0x00007ffb2ec00000 	C:\Users\ajani\.vscode\extensions\redhat.java-1.54.0-win32-x64\jre\21.0.10-win32-x86_64\bin\net.dll
0x00007ffb2d410000 - 0x00007ffb2d538000 	C:\WINDOWS\SYSTEM32\WINHTTP.dll
0x00007ffb3b490000 - 0x00007ffb3b4fb000 	C:\WINDOWS\system32\mswsock.dll
0x00007ffb2c6b0000 - 0x00007ffb2c6c6000 	C:\Users\ajani\.vscode\extensions\redhat.java-1.54.0-win32-x64\jre\21.0.10-win32-x86_64\bin\nio.dll
0x00007ffb2c6a0000 - 0x00007ffb2c6b0000 	c:\Users\ajani\.vscode\extensions\redhat.java-1.54.0-win32-x64\jre\21.0.10-win32-x86_64\bin\verify.dll
0x00007ffb2c530000 - 0x00007ffb2c575000 	C:\Users\ajani\AppData\Roaming\Code\User\globalStorage\redhat.java\1.54.0\config_win\org.eclipse.equinox.launcher\org.eclipse.equinox.launcher.win32.win32.x86_64_1.3.0.v20260203-2149\eclipse_11919.dll
0x00007ffb3d350000 - 0x00007ffb3d4e7000 	C:\WINDOWS\System32\ole32.dll
0x00007ffb3b750000 - 0x00007ffb3b76b000 	C:\WINDOWS\SYSTEM32\CRYPTSP.dll
0x00007ffb3ae80000 - 0x00007ffb3aeba000 	C:\WINDOWS\system32\rsaenh.dll
0x00007ffb3b540000 - 0x00007ffb3b56b000 	C:\WINDOWS\SYSTEM32\USERENV.dll
0x00007ffb3c090000 - 0x00007ffb3c0ba000 	C:\WINDOWS\SYSTEM32\bcrypt.dll
0x00007ffb3b770000 - 0x00007ffb3b77c000 	C:\WINDOWS\SYSTEM32\CRYPTBASE.dll
0x00007ffb3a9e0000 - 0x00007ffb3aa14000 	C:\WINDOWS\SYSTEM32\IPHLPAPI.DLL
0x00007ffb3db00000 - 0x00007ffb3db0a000 	C:\WINDOWS\System32\NSI.dll
0x00007ffb22310000 - 0x00007ffb22359000 	C:\Users\ajani\AppData\Local\Temp\jna-92836115\jna14248621238384288453.dll
0x00007ffb3d6d0000 - 0x00007ffb3d6d8000 	C:\WINDOWS\System32\PSAPI.DLL
0x00007ffb2d3e0000 - 0x00007ffb2d3fe000 	C:\WINDOWS\SYSTEM32\dhcpcsvc6.DLL
0x00007ffb2d3b0000 - 0x00007ffb2d3d3000 	C:\WINDOWS\SYSTEM32\dhcpcsvc.DLL

JVMTI agents:
c:\Users\ajani\.vscode\extensions\redhat.java-1.54.0-win32-x64\lombok\lombok-1.18.39-4050.jar path:c:\Users\ajani\.vscode\extensions\redhat.java-1.54.0-win32-x64\jre\21.0.10-win32-x86_64\bin\instrument.dll, loaded, initialized, instrumentlib options:none

dbghelp: loaded successfully - version: 4.0.5 - missing functions: none
symbol engine: initialized successfully - sym options: 0x614 - pdb path: .;c:\Users\ajani\.vscode\extensions\redhat.java-1.54.0-win32-x64\jre\21.0.10-win32-x86_64\bin;C:\WINDOWS\SYSTEM32;C:\WINDOWS\WinSxS\amd64_microsoft.windows.common-controls_6595b64144ccf1df_6.0.26100.7309_none_3e05feeae336a044;c:\Users\ajani\.vscode\extensions\redhat.java-1.54.0-win32-x64\jre\21.0.10-win32-x86_64\bin\server;C:\Users\ajani\AppData\Roaming\Code\User\globalStorage\redhat.java\1.54.0\config_win\org.eclipse.equinox.launcher\org.eclipse.equinox.launcher.win32.win32.x86_64_1.3.0.v20260203-2149;C:\Users\ajani\AppData\Local\Temp\jna-92836115

VM Arguments:
jvm_args: --add-modules=ALL-SYSTEM --add-opens=java.base/java.util=ALL-UNNAMED --add-opens=java.base/java.lang=ALL-UNNAMED --add-opens=java.base/sun.nio.fs=ALL-UNNAMED -Declipse.application=org.eclipse.jdt.ls.core.id1 -Dosgi.bundles.defaultStartLevel=4 -Declipse.product=org.eclipse.jdt.ls.core.product -Djava.import.generatesMetadataFilesAtProjectRoot=false -DDetectVMInstallationsJob.disabled=true -Dfile.encoding=utf8 -XX:+UseParallelGC -XX:GCTimeRatio=4 -XX:AdaptiveSizePolicyWeight=90 -Dsun.zip.disableMemoryMapping=true -Xmx2G -Xms100m -Xlog:disable -javaagent:c:\Users\ajani\.vscode\extensions\redhat.java-1.54.0-win32-x64\lombok\lombok-1.18.39-4050.jar -XX:+HeapDumpOnOutOfMemoryError -XX:HeapDumpPath=c:\Users\ajani\AppData\Roaming\Code\User\workspaceStorage\a114b080c051d0f1d1a0b43b3d7ccec4\redhat.java -Daether.dependencyCollector.impl=bf 
java_command: c:\Users\ajani\.vscode\extensions\redhat.java-1.54.0-win32-x64\server\plugins\org.eclipse.equinox.launcher_1.7.100.v20251111-0406.jar -configuration c:\Users\ajani\AppData\Roaming\Code\User\globalStorage\redhat.java\1.54.0\config_win -data c:\Users\ajani\AppData\Roaming\Code\User\workspaceStorage\a114b080c051d0f1d1a0b43b3d7ccec4\redhat.java\jdt_ws --pipe=\\.\pipe\lsp-84dd2207cd8cc87e8f641c8c23a8ebb4-sock
java_class_path (initial): c:\Users\ajani\.vscode\extensions\redhat.java-1.54.0-win32-x64\server\plugins\org.eclipse.equinox.launcher_1.7.100.v20251111-0406.jar
Launcher Type: SUN_STANDARD

[Global flags]
    uintx AdaptiveSizePolicyWeight                 = 90                                        {product} {command line}
     intx CICompilerCount                          = 2                                         {product} {ergonomic}
    uintx GCTimeRatio                              = 4                                         {product} {command line}
     bool HeapDumpOnOutOfMemoryError               = true                                   {manageable} {command line}
    ccstr HeapDumpPath                             = c:\Users\ajani\AppData\Roaming\Code\User\workspaceStorage\a114b080c051d0f1d1a0b43b3d7ccec4\redhat.java         {manageable} {command line}
   size_t InitialHeapSize                          = 104857600                                 {product} {command line}
   size_t MaxHeapSize                              = 2147483648                                {product} {command line}
   size_t MaxNewSize                               = 715653120                                 {product} {ergonomic}
   size_t MinHeapDeltaBytes                        = 524288                                    {product} {ergonomic}
   size_t MinHeapSize                              = 104857600                                 {product} {command line}
   size_t NewSize                                  = 34603008                                  {product} {ergonomic}
    uintx NonNMethodCodeHeapSize                   = 5826188                                {pd product} {ergonomic}
    uintx NonProfiledCodeHeapSize                  = 122916026                              {pd product} {ergonomic}
   size_t OldSize                                  = 70254592                                  {product} {ergonomic}
    uintx ProfiledCodeHeapSize                     = 122916026                              {pd product} {ergonomic}
    uintx ReservedCodeCacheSize                    = 251658240                              {pd product} {ergonomic}
     bool SegmentedCodeCache                       = true                                      {product} {ergonomic}
   size_t SoftMaxHeapSize                          = 2147483648                             {manageable} {ergonomic}
     bool UseCompressedOops                        = true                           {product lp64_product} {ergonomic}
     bool UseLargePagesIndividualAllocation        = false                                  {pd product} {ergonomic}
     bool UseParallelGC                            = true                                      {product} {command line}

Logging:
Log output configuration:
 #0: stdout all=off uptime,level,tags foldmultilines=false
 #1: stderr all=off uptime,level,tags foldmultilines=false

Release file:
JAVA_VERSION="21.0.10" 
MODULES="java.base java.compiler java.datatransfer java.xml java.prefs java.desktop java.instrument java.logging java.management java.security.sasl java.naming java.rmi java.management.rmi java.net.http java.scripting java.security.jgss java.transaction.xa java.sql java.sql.rowset java.xml.crypto java.se java.smartcardio jdk.accessibility jdk.internal.jvmstat jdk.attach jdk.charsets jdk.internal.opt jdk.zipfs jdk.compiler jdk.crypto.ec jdk.crypto.cryptoki jdk.crypto.mscapi jdk.dynalink jdk.internal.ed jdk.editpad jdk.hotspot.agent jdk.httpserver jdk.internal.le jdk.internal.vm.ci jdk.internal.vm.compiler jdk.internal.vm.compiler.management jdk.jartool jdk.javadoc jdk.jcmd jdk.management jdk.management.agent jdk.jconsole jdk.jdeps jdk.jdwp.agent jdk.jdi jdk.jfr jdk.jshell jdk.jsobject jdk.jstatd jdk.localedata jdk.management.jfr jdk.naming.dns jdk.naming.rmi jdk.net jdk.nio.mapmode jdk.random jdk.sctp jdk.security.auth jdk.security.jgss jdk.unsupported jdk.unsupported.desktop jdk.xml.dom" 

Environment Variables:
JAVA_HOME=C:\Program Files\jdk-21.0.11
PATH=C:\WINDOWS\system32;C:\WINDOWS;C:\WINDOWS\System32\Wbem;C:\WINDOWS\System32\WindowsPowerShell\v1.0\;C:\WINDOWS\System32\OpenSSH\;C:\Program Files\nodejs\;C:\Program Files\Git\cmd;C:\Program Files\apache-maven-3.9.16-bin\apache-maven-3.9.16\bin;C:\Program Files\jdk-21.0.11\bin;C:\Program Files\PostgreSQL\18\bin;C:\Users\ajani\AppData\Local\Microsoft\WindowsApps;C:\Users\ajani\AppData\Local\Programs\Microsoft VS Code\bin;C:\Users\ajani\AppData\Roaming\npm
USERNAME=ajani
OS=Windows_NT
PROCESSOR_IDENTIFIER=Intel64 Family 6 Model 122 Stepping 1, GenuineIntel
TMP=C:\Users\ajani\AppData\Local\Temp
TEMP=C:\Users\ajani\AppData\Local\Temp




Periodic native trim disabled

---------------  S Y S T E M  ---------------

OS:
 Windows 11 , 64 bit Build 26100 (10.0.26100.7623)
OS uptime: 1 days 11:10 hours

CPU: total 2 (initial active 2) (2 cores per cpu, 1 threads per core) family 6 model 122 stepping 1 microcode 0x34, cx8, cmov, fxsr, mmx, 3dnowpref, sse, sse2, sse3, ssse3, sse4.1, sse4.2, popcnt, tsc, tscinvbit, aes, erms, clmul, sha, clflush, clflushopt, rdtscp, rdpid
Processor Information for the first 2 processors :
  Max Mhz: 1101, Current Mhz: 1101, Mhz Limit: 1101

Memory: 4k page, system-wide physical 3911M (430M free)
TotalPageFile size 11255M (AvailPageFile size 0M)
current process WorkingSet (physical memory assigned to process): 352M, peak: 393M
current process commit charge ("private bytes"): 405M, peak: 1673M

vm_info: OpenJDK 64-Bit Server VM (21.0.10+7-LTS) for windows-amd64 JRE (21.0.10+7-LTS), built on 2026-01-20T00:00:00Z by "admin" with MS VC++ 17.12 (VS2022)

END.
