#
# There is insufficient memory for the Java Runtime Environment to continue.
# Native memory allocation (malloc) failed to allocate 1448656 bytes. Error detail: Chunk::new
# Possible reasons:
#   The system is out of physical RAM or swap space
#   This process is running with CompressedOops enabled, and the Java Heap may be blocking the growth of the native heap
# Possible solutions:
#   Reduce memory load on the system
#   Increase physical memory or swap space
#   Check if swap backing store is full
#   Decrease Java heap size (-Xmx/-Xms)
#   Decrease number of Java threads
#   Decrease Java thread stack sizes (-Xss)
#   Set larger code cache with -XX:ReservedCodeCacheSize=
#   JVM is running with Unscaled Compressed Oops mode in which the Java heap is
#     placed in the first 4GB address space. The Java Heap base address is the
#     maximum limit for the native heap growth. Please use -XX:HeapBaseMinAddress
#     to set the Java Heap base and to place the Java Heap above 4GB virtual address.
# This output file may be truncated or incomplete.
#
#  Out of Memory Error (arena.cpp:168), pid=5376, tid=15628
#
# JRE version: OpenJDK Runtime Environment Temurin-21.0.10+7 (21.0.10+7) (build 21.0.10+7-LTS)
# Java VM: OpenJDK 64-Bit Server VM Temurin-21.0.10+7 (21.0.10+7-LTS, mixed mode, sharing, tiered, compressed oops, compressed class ptrs, parallel gc, windows-amd64)
# No core dump will be written. Minidumps are not enabled by default on client versions of Windows
#

---------------  S U M M A R Y ------------

Command Line: --add-modules=ALL-SYSTEM --add-opens=java.base/java.util=ALL-UNNAMED --add-opens=java.base/java.lang=ALL-UNNAMED --add-opens=java.base/sun.nio.fs=ALL-UNNAMED -Declipse.application=org.eclipse.jdt.ls.core.id1 -Dosgi.bundles.defaultStartLevel=4 -Declipse.product=org.eclipse.jdt.ls.core.product -Djava.import.generatesMetadataFilesAtProjectRoot=false -DDetectVMInstallationsJob.disabled=true -Dfile.encoding=utf8 -XX:+UseParallelGC -XX:GCTimeRatio=4 -XX:AdaptiveSizePolicyWeight=90 -Dsun.zip.disableMemoryMapping=true -Xmx2G -Xms100m -Xlog:disable -javaagent:c:\Users\ajani\.vscode\extensions\redhat.java-1.54.0-win32-x64\lombok\lombok-1.18.39-4050.jar -XX:+HeapDumpOnOutOfMemoryError -XX:HeapDumpPath=c:\Users\ajani\AppData\Roaming\Code\User\workspaceStorage\a114b080c051d0f1d1a0b43b3d7ccec4\redhat.java -Daether.dependencyCollector.impl=bf c:\Users\ajani\.vscode\extensions\redhat.java-1.54.0-win32-x64\server\plugins\org.eclipse.equinox.launcher_1.7.100.v20251111-0406.jar -configuration c:\Users\ajani\AppData\Roaming\Code\User\globalStorage\redhat.java\1.54.0\config_win -data c:\Users\ajani\AppData\Roaming\Code\User\workspaceStorage\a114b080c051d0f1d1a0b43b3d7ccec4\redhat.java\jdt_ws --pipe=\\.\pipe\lsp-1b26bce9024674228bfe436e608504e6-sock

Host: Intel(R) Celeron(R) N4000 CPU @ 1.10GHz, 2 cores, 3G,  Windows 11 , 64 bit Build 26100 (10.0.26100.7623)
Time: Fri Jun  5 14:00:20 2026 W. Central Africa Standard Time elapsed time: 126.276127 seconds (0d 0h 2m 6s)

---------------  T H R E A D  ---------------

Current thread (0x000002b496246b50):  JavaThread "C2 CompilerThread0" daemon [_thread_in_native, id=15628, stack(0x000000dc86600000,0x000000dc86700000) (1024K)]


Current CompileTask:
C2:126276 11240       4       org.lombokweb.asm.ClassReader::readMethod (1070 bytes)

Stack: [0x000000dc86600000,0x000000dc86700000]
Native frames: (J=compiled Java code, j=interpreted, Vv=VM code, C=native code)
V  [jvm.dll+0x6d7a39]
V  [jvm.dll+0x8b4b26]
V  [jvm.dll+0x8b70de]
V  [jvm.dll+0x8b77c3]
V  [jvm.dll+0x284346]
V  [jvm.dll+0xc66ed]
V  [jvm.dll+0xc6c31]
V  [jvm.dll+0x3bec01]
V  [jvm.dll+0x38b162]
V  [jvm.dll+0x38a5aa]
V  [jvm.dll+0x24c560]
V  [jvm.dll+0x24bb40]
V  [jvm.dll+0x1cb34e]
V  [jvm.dll+0x25b85d]
V  [jvm.dll+0x259dea]
V  [jvm.dll+0x3f857e]
V  [jvm.dll+0x85f59d]
V  [jvm.dll+0x6d626d]
C  [ucrtbase.dll+0x37b0]
C  [KERNEL32.DLL+0x2e8d7]
C  [ntdll.dll+0x8c53c]


---------------  P R O C E S S  ---------------

Threads class SMR info:
_java_thread_list=0x000002b4dee80fb0, length=45, elements={
0x000002b4fd4fd590, 0x000002b496239e00, 0x000002b49623cef0, 0x000002b49623e900,
0x000002b496241470, 0x000002b4962432a0, 0x000002b496243d00, 0x000002b496246b50,
0x000002b4962bb8e0, 0x000002b496a55c80, 0x000002b496b139f0, 0x000002b4dc174bb0,
0x000002b496b4e260, 0x000002b4dc1841a0, 0x000002b4dc184be0, 0x000002b4dc058e70,
0x000002b4dc971430, 0x000002b4dc900bc0, 0x000002b4dc3d6830, 0x000002b4dc16c880,
0x000002b4dc385ac0, 0x000002b4dc384080, 0x000002b4dc385430, 0x000002b4dc383360,
0x000002b4dc386150, 0x000002b4dc382cd0, 0x000002b4dc384710, 0x000002b4dc3839f0,
0x000002b4dc384da0, 0x000002b4dd72acf0, 0x000002b4dd728c20, 0x000002b4dd72b380,
0x000002b4dce61e00, 0x000002b4dce60a50, 0x000002b4dce62b20, 0x000002b4dce63840,
0x000002b4dce603c0, 0x000002b4dce64560, 0x000002b4dce65fa0, 0x000002b4dce65280,
0x000002b4dce66630, 0x000002b4dce64bf0, 0x000002b4dd7292b0, 0x000002b4dd729940,
0x000002b4dd729fd0
}

Java Threads: ( => current thread )
  0x000002b4fd4fd590 JavaThread "main"                              [_thread_blocked, id=1232, stack(0x000000dc85c00000,0x000000dc85d00000) (1024K)]
  0x000002b496239e00 JavaThread "Reference Handler"          daemon [_thread_blocked, id=8940, stack(0x000000dc86000000,0x000000dc86100000) (1024K)]
  0x000002b49623cef0 JavaThread "Finalizer"                  daemon [_thread_blocked, id=15668, stack(0x000000dc86100000,0x000000dc86200000) (1024K)]
  0x000002b49623e900 JavaThread "Signal Dispatcher"          daemon [_thread_blocked, id=12824, stack(0x000000dc86200000,0x000000dc86300000) (1024K)]
  0x000002b496241470 JavaThread "Attach Listener"            daemon [_thread_blocked, id=3788, stack(0x000000dc86300000,0x000000dc86400000) (1024K)]
  0x000002b4962432a0 JavaThread "Service Thread"             daemon [_thread_blocked, id=1204, stack(0x000000dc86400000,0x000000dc86500000) (1024K)]
  0x000002b496243d00 JavaThread "Monitor Deflation Thread"   daemon [_thread_blocked, id=10992, stack(0x000000dc86500000,0x000000dc86600000) (1024K)]
=>0x000002b496246b50 JavaThread "C2 CompilerThread0"         daemon [_thread_in_native, id=15628, stack(0x000000dc86600000,0x000000dc86700000) (1024K)]
  0x000002b4962bb8e0 JavaThread "C1 CompilerThread0"         daemon [_thread_blocked, id=364, stack(0x000000dc86700000,0x000000dc86800000) (1024K)]
  0x000002b496a55c80 JavaThread "Common-Cleaner"             daemon [_thread_blocked, id=1984, stack(0x000000dc86800000,0x000000dc86900000) (1024K)]
  0x000002b496b139f0 JavaThread "Notification Thread"        daemon [_thread_blocked, id=15424, stack(0x000000dc86900000,0x000000dc86a00000) (1024K)]
  0x000002b4dc174bb0 JavaThread "Active Thread: Equinox Container: d90e833a-eebc-4feb-ac12-ed41818e880f"        [_thread_blocked, id=12452, stack(0x000000dc86b00000,0x000000dc86c00000) (1024K)]
  0x000002b496b4e260 JavaThread "Refresh Thread: Equinox Container: d90e833a-eebc-4feb-ac12-ed41818e880f" daemon [_thread_blocked, id=1564, stack(0x000000dc86c00000,0x000000dc86d00000) (1024K)]
  0x000002b4dc1841a0 JavaThread "Framework Event Dispatcher: Equinox Container: d90e833a-eebc-4feb-ac12-ed41818e880f" daemon [_thread_blocked, id=3816, stack(0x000000dc86d00000,0x000000dc86e00000) (1024K)]
  0x000002b4dc184be0 JavaThread "Start Level: Equinox Container: d90e833a-eebc-4feb-ac12-ed41818e880f" daemon [_thread_blocked, id=1768, stack(0x000000dc86e00000,0x000000dc86f00000) (1024K)]
  0x000002b4dc058e70 JavaThread "Bundle File Closer"         daemon [_thread_blocked, id=1144, stack(0x000000dc86f00000,0x000000dc87000000) (1024K)]
  0x000002b4dc971430 JavaThread "SCR Component Actor"        daemon [_thread_blocked, id=9692, stack(0x000000dc87000000,0x000000dc87100000) (1024K)]
  0x000002b4dc900bc0 JavaThread "Worker-JM"                         [_thread_blocked, id=4916, stack(0x000000dc87100000,0x000000dc87200000) (1024K)]
  0x000002b4dc3d6830 JavaThread "JNA Cleaner"                daemon [_thread_blocked, id=7748, stack(0x000000dc87200000,0x000000dc87300000) (1024K)]
  0x000002b4dc16c880 JavaThread "Worker-0"                          [_thread_blocked, id=14764, stack(0x000000dc87300000,0x000000dc87400000) (1024K)]
  0x000002b4dc385ac0 JavaThread "Worker-1: Publish Diagnostics"        [_thread_blocked, id=14272, stack(0x000000dc87400000,0x000000dc87500000) (1024K)]
  0x000002b4dc384080 JavaThread "Worker-2: Validate documents"        [_thread_blocked, id=15748, stack(0x000000dc87500000,0x000000dc87600000) (1024K)]
  0x000002b4dc385430 JavaThread "Java indexing"              daemon [_thread_blocked, id=13628, stack(0x000000dc87600000,0x000000dc87700000) (1024K)]
  0x000002b4dc383360 JavaThread "Worker-3: Initialize workspace"        [_thread_in_vm, id=11016, stack(0x000000dc87900000,0x000000dc87a00000) (1024K)]
  0x000002b4dc386150 JavaThread "Worker-4: Publish Diagnostics"        [_thread_blocked, id=1480, stack(0x000000dc87a00000,0x000000dc87b00000) (1024K)]
  0x000002b4dc382cd0 JavaThread "Thread-1"                   daemon [_thread_in_native, id=13060, stack(0x000000dc87b00000,0x000000dc87c00000) (1024K)]
  0x000002b4dc384710 JavaThread "Thread-2"                   daemon [_thread_in_native, id=3940, stack(0x000000dc87c00000,0x000000dc87d00000) (1024K)]
  0x000002b4dc3839f0 JavaThread "Thread-3"                   daemon [_thread_in_native, id=10044, stack(0x000000dc87d00000,0x000000dc87e00000) (1024K)]
  0x000002b4dc384da0 JavaThread "pool-2-thread-1"                   [_thread_blocked, id=4968, stack(0x000000dc87e00000,0x000000dc87f00000) (1024K)]
  0x000002b4dd72acf0 JavaThread "WorkspaceEventsHandler"            [_thread_blocked, id=8072, stack(0x000000dc87f00000,0x000000dc88000000) (1024K)]
  0x000002b4dd728c20 JavaThread "pool-1-thread-1"                   [_thread_blocked, id=14608, stack(0x000000dc88000000,0x000000dc88100000) (1024K)]
  0x000002b4dd72b380 JavaThread "ForkJoinPool.commonPool-worker-1" daemon [_thread_blocked, id=9988, stack(0x000000dc88100000,0x000000dc88200000) (1024K)]
  0x000002b4dce61e00 JavaThread "Thread-28"                         [_thread_blocked, id=12568, stack(0x000000dc85a00000,0x000000dc85b00000) (1024K)]
  0x000002b4dce60a50 JavaThread "Worker-5"                          [_thread_blocked, id=4992, stack(0x000000dc88600000,0x000000dc88700000) (1024K)]
  0x000002b4dce62b20 JavaThread "Thread-39"                         [_thread_blocked, id=13932, stack(0x000000dc85b00000,0x000000dc85c00000) (1024K)]
  0x000002b4dce63840 JavaThread "Thread-42"                         [_thread_blocked, id=2308, stack(0x000000dc88500000,0x000000dc88600000) (1024K)]
  0x000002b4dce603c0 JavaThread "Thread-43"                         [_thread_blocked, id=14912, stack(0x000000dc88700000,0x000000dc88800000) (1024K)]
  0x000002b4dce64560 JavaThread "Thread-44"                         [_thread_blocked, id=16232, stack(0x000000dc88c00000,0x000000dc88d00000) (1024K)]
  0x000002b4dce65fa0 JavaThread "Thread-45"                         [_thread_blocked, id=14376, stack(0x000000dc88d00000,0x000000dc88e00000) (1024K)]
  0x000002b4dce65280 JavaThread "Thread-46"                         [_thread_blocked, id=15584, stack(0x000000dc88e00000,0x000000dc88f00000) (1024K)]
  0x000002b4dce66630 JavaThread "Thread-47"                         [_thread_blocked, id=1260, stack(0x000000dc88f00000,0x000000dc89000000) (1024K)]
  0x000002b4dce64bf0 JavaThread "Thread-48"                         [_thread_blocked, id=16020, stack(0x000000dc89100000,0x000000dc89200000) (1024K)]
  0x000002b4dd7292b0 JavaThread "Worker-6"                          [_thread_blocked, id=8984, stack(0x000000dc88300000,0x000000dc88400000) (1024K)]
  0x000002b4dd729940 JavaThread "Thread-52"                         [_thread_blocked, id=12808, stack(0x000000dc88400000,0x000000dc88500000) (1024K)]
  0x000002b4dd729fd0 JavaThread "Thread-54"                         [_thread_blocked, id=5084, stack(0x000000dc88200000,0x000000dc88300000) (1024K)]
Total: 45

Other Threads:
  0x000002b4fd5bc6c0 VMThread "VM Thread"                           [id=10092, stack(0x000000dc85f00000,0x000000dc86000000) (1024K)] _threads_hazard_ptr=0x000002b4dee80fb0
  0x000002b49621cb00 WatcherThread "VM Periodic Task Thread"        [id=9448, stack(0x000000dc85e00000,0x000000dc85f00000) (1024K)]
  0x000002b4fd51bba0 WorkerThread "GC Thread#0"                     [id=11184, stack(0x000000dc85d00000,0x000000dc85e00000) (1024K)]
  0x000002b4dc407040 WorkerThread "GC Thread#1"                     [id=8756, stack(0x000000dc86a00000,0x000000dc86b00000) (1024K)]
Total: 4

Threads with active compile tasks:
C2 CompilerThread0  126383 11240       4       org.lombokweb.asm.ClassReader::readMethod (1070 bytes)
Total: 1

VM state: synchronizing (normal execution)

VM Mutex/Monitor currently owned by a thread:  ([mutex/lock_event])
[0x00007ffacf1fe560] Threads_lock - owner thread: 0x000002b4fd5bc6c0
[0x00007ffacf1fe660] Heap_lock - owner thread: 0x000002b4dc385ac0

Heap address: 0x0000000080000000, size: 2048 MB, Compressed Oops mode: 32-bit

CDS archive(s) mapped at: [0x000002b497000000-0x000002b497ba0000-0x000002b497ba0000), size 12189696, SharedBaseAddress: 0x000002b497000000, ArchiveRelocationMode: 1.
Compressed class space mapped at: 0x000002b498000000-0x000002b4d8000000, reserved size: 1073741824
Narrow klass base: 0x000002b497000000, Narrow klass shift: 0, Narrow klass range: 0x100000000

GC Precious Log:
 CardTable entry size: 512
 CPUs: 2 total, 2 available
 Memory: 3911M
 Large Page Support: Disabled
 NUMA Support: Disabled
 Compressed Oops: Enabled (32-bit)
 Alignments: Space 512K, Generation 512K, Heap 2M
 Heap Min Capacity: 100M
 Heap Initial Capacity: 100M
 Heap Max Capacity: 2G
 Pre-touch: Disabled
 Parallel Workers: 2

Heap:
 PSYoungGen      total 13312K, used 12107K [0x00000000d5580000, 0x00000000d6400000, 0x0000000100000000)
  eden space 11776K, 99% used [0x00000000d5580000,0x00000000d60ff660,0x00000000d6100000)
  from space 1536K, 21% used [0x00000000d6180000,0x00000000d61d36c0,0x00000000d6300000)
  to   space 1024K, 0% used [0x00000000d6300000,0x00000000d6300000,0x00000000d6400000)
 ParOldGen       total 103424K, used 103111K [0x0000000080000000, 0x0000000086500000, 0x00000000d5580000)
  object space 103424K, 99% used [0x0000000080000000,0x00000000864b1f20,0x0000000086500000)
 Metaspace       used 63488K, committed 65024K, reserved 1114112K
  class space    used 6737K, committed 7424K, reserved 1048576K

Card table byte_map: [0x000002b4fcea0000,0x000002b4fd2b0000] _byte_map_base: 0x000002b4fcaa0000

Marking Bits: (ParMarkBitMap*) 0x00007ffacf203450
 Begin Bits: [0x000002b492140000, 0x000002b494140000)
 End Bits:   [0x000002b494140000, 0x000002b496140000)

Polling page: 0x000002b4fb2f0000

Metaspace:

Usage:
  Non-class:     55.42 MB used.
      Class:      6.58 MB used.
       Both:     62.00 MB used.

Virtual space:
  Non-class space:       64.00 MB reserved,      56.25 MB ( 88%) committed,  1 nodes.
      Class space:        1.00 GB reserved,       7.25 MB ( <1%) committed,  1 nodes.
             Both:        1.06 GB reserved,      63.50 MB (  6%) committed. 

Chunk freelists:
   Non-Class:  7.62 MB
       Class:  8.69 MB
        Both:  16.31 MB

MaxMetaspaceSize: unlimited
CompressedClassSpaceSize: 1.00 GB
Initial GC threshold: 21.00 MB
Current GC threshold: 97.31 MB
CDS: on
 - commit_granule_bytes: 65536.
 - commit_granule_words: 8192.
 - virtual_space_node_default_size: 8388608.
 - enlarge_chunks_in_place: 1.
 - use_allocation_guard: 0.


Internal statistics:

num_allocs_failed_limit: 9.
num_arena_births: 1396.
num_arena_deaths: 118.
num_vsnodes_births: 2.
num_vsnodes_deaths: 0.
num_space_committed: 1016.
num_space_uncommitted: 0.
num_chunks_returned_to_freelist: 179.
num_chunks_taken_from_freelist: 4490.
num_chunk_merges: 83.
num_chunk_splits: 2724.
num_chunks_enlarged: 1505.
num_inconsistent_stats: 0.

CodeHeap 'non-profiled nmethods': size=120064Kb used=7369Kb max_used=7369Kb free=112694Kb
 bounds [0x000002b48ac00000, 0x000002b48b340000, 0x000002b492140000]
CodeHeap 'profiled nmethods': size=120000Kb used=23492Kb max_used=23492Kb free=96507Kb
 bounds [0x000002b483140000, 0x000002b484840000, 0x000002b48a670000]
CodeHeap 'non-nmethods': size=5696Kb used=1428Kb max_used=1517Kb free=4267Kb
 bounds [0x000002b48a670000, 0x000002b48a8e0000, 0x000002b48ac00000]
CodeCache: size=245760Kb, used=32289Kb, max_used=32378Kb, free=213468Kb
 total_blobs=11171, nmethods=10424, adapters=653, full_count=0
Compilation: enabled, stopped_count=0, restarted_count=0

Compilation events (20 events):
Event: 125.527 Thread 0x000002b4962bb8e0 11282       1       org.apache.maven.model.ModelBase::setReporting (6 bytes)
Event: 125.527 Thread 0x000002b4962bb8e0 nmethod 11282 0x000002b48b320a90 code [0x000002b48b320c20, 0x000002b48b320d00]
Event: 125.527 Thread 0x000002b4962bb8e0 11284       1       org.apache.maven.model.Model::setContributors (6 bytes)
Event: 125.527 Thread 0x000002b4962bb8e0 nmethod 11284 0x000002b48b320d90 code [0x000002b48b320f20, 0x000002b48b321008]
Event: 125.527 Thread 0x000002b4962bb8e0 11286       1       org.eclipse.aether.resolution.ArtifactResult::getRepository (5 bytes)
Event: 125.527 Thread 0x000002b4962bb8e0 nmethod 11286 0x000002b48b321090 code [0x000002b48b321220, 0x000002b48b3212e8]
Event: 125.547 Thread 0x000002b4962bb8e0 11288       3       org.lombokweb.asm.ClassReader::accept (1419 bytes)
Event: 125.570 Thread 0x000002b4962bb8e0 nmethod 11288 0x000002b484817690 code [0x000002b484818280, 0x000002b48481f3b0]
Event: 125.727 Thread 0x000002b4962bb8e0 11290       1       org.apache.maven.model.InputSource::setLocation (6 bytes)
Event: 125.728 Thread 0x000002b4962bb8e0 nmethod 11290 0x000002b48b321390 code [0x000002b48b321520, 0x000002b48b321600]
Event: 125.797 Thread 0x000002b4962bb8e0 11291       2       org.apache.maven.model.validation.DefaultModelValidator::validateStringNotEmpty (17 bytes)
Event: 125.797 Thread 0x000002b4962bb8e0 nmethod 11291 0x000002b484822a10 code [0x000002b484822bc0, 0x000002b484822d20]
Event: 125.844 Thread 0x000002b496246b50 nmethod 11212% 0x000002b48b321690 code [0x000002b48b321e80, 0x000002b48b32a548]
Event: 125.845 Thread 0x000002b496246b50 11240       4       org.lombokweb.asm.ClassReader::readMethod (1070 bytes)
Event: 125.894 Thread 0x000002b4962bb8e0 11292       3       org.eclipse.aether.RequestTrace::newChild (19 bytes)
Event: 125.894 Thread 0x000002b4962bb8e0 nmethod 11292 0x000002b484822e10 code [0x000002b484822fe0, 0x000002b484823478]
Event: 126.097 Thread 0x000002b4962bb8e0 11293       3       org.eclipse.sisu.wire.NamedIterableAdapter::iterator (12 bytes)
Event: 126.097 Thread 0x000002b4962bb8e0 nmethod 11293 0x000002b484823690 code [0x000002b484823860, 0x000002b484823b78]
Event: 126.227 Thread 0x000002b4962bb8e0 11294       3       ch.qos.logback.classic.Logger::filterAndLog_2 (75 bytes)
Event: 126.241 Thread 0x000002b4962bb8e0 nmethod 11294 0x000002b484823c90 code [0x000002b484823e80, 0x000002b4848244f0]

GC Heap History (20 events):
Event: 115.579 GC heap before
{Heap before GC invocations=239 (full 3):
 PSYoungGen      total 12288K, used 12035K [0x00000000d5580000, 0x00000000d6480000, 0x0000000100000000)
  eden space 11776K, 100% used [0x00000000d5580000,0x00000000d6100000,0x00000000d6100000)
  from space 512K, 50% used [0x00000000d6380000,0x00000000d63c0e10,0x00000000d6400000)
  to   space 512K, 0% used [0x00000000d6400000,0x00000000d6400000,0x00000000d6480000)
 ParOldGen       total 94208K, used 93831K [0x0000000080000000, 0x0000000085c00000, 0x00000000d5580000)
  object space 94208K, 99% used [0x0000000080000000,0x0000000085ba1de0,0x0000000085c00000)
 Metaspace       used 60557K, committed 62080K, reserved 1114112K
  class space    used 6489K, committed 7168K, reserved 1048576K
}
Event: 115.585 GC heap after
{Heap after GC invocations=239 (full 3):
 PSYoungGen      total 12288K, used 500K [0x00000000d5580000, 0x00000000d6480000, 0x0000000100000000)
  eden space 11776K, 0% used [0x00000000d5580000,0x00000000d5580000,0x00000000d6100000)
  from space 512K, 97% used [0x00000000d6400000,0x00000000d647d200,0x00000000d6480000)
  to   space 1536K, 0% used [0x00000000d6180000,0x00000000d6180000,0x00000000d6300000)
 ParOldGen       total 94720K, used 94375K [0x0000000080000000, 0x0000000085c80000, 0x00000000d5580000)
  object space 94720K, 99% used [0x0000000080000000,0x0000000085c29e60,0x0000000085c80000)
 Metaspace       used 60557K, committed 62080K, reserved 1114112K
  class space    used 6489K, committed 7168K, reserved 1048576K
}
Event: 116.287 GC heap before
{Heap before GC invocations=240 (full 3):
 PSYoungGen      total 12288K, used 12276K [0x00000000d5580000, 0x00000000d6480000, 0x0000000100000000)
  eden space 11776K, 100% used [0x00000000d5580000,0x00000000d6100000,0x00000000d6100000)
  from space 512K, 97% used [0x00000000d6400000,0x00000000d647d200,0x00000000d6480000)
  to   space 1536K, 0% used [0x00000000d6180000,0x00000000d6180000,0x00000000d6300000)
 ParOldGen       total 94720K, used 94375K [0x0000000080000000, 0x0000000085c80000, 0x00000000d5580000)
  object space 94720K, 99% used [0x0000000080000000,0x0000000085c29e60,0x0000000085c80000)
 Metaspace       used 60846K, committed 62400K, reserved 1114112K
  class space    used 6522K, committed 7232K, reserved 1048576K
}
Event: 116.311 GC heap after
{Heap after GC invocations=240 (full 3):
 PSYoungGen      total 13312K, used 1536K [0x00000000d5580000, 0x00000000d6700000, 0x0000000100000000)
  eden space 11776K, 0% used [0x00000000d5580000,0x00000000d5580000,0x00000000d6100000)
  from space 1536K, 100% used [0x00000000d6180000,0x00000000d6300000,0x00000000d6300000)
  to   space 3072K, 0% used [0x00000000d6400000,0x00000000d6400000,0x00000000d6700000)
 ParOldGen       total 95744K, used 95268K [0x0000000080000000, 0x0000000085d80000, 0x00000000d5580000)
  object space 95744K, 99% used [0x0000000080000000,0x0000000085d090e0,0x0000000085d80000)
 Metaspace       used 60846K, committed 62400K, reserved 1114112K
  class space    used 6522K, committed 7232K, reserved 1048576K
}
Event: 117.386 GC heap before
{Heap before GC invocations=241 (full 3):
 PSYoungGen      total 13312K, used 13312K [0x00000000d5580000, 0x00000000d6700000, 0x0000000100000000)
  eden space 11776K, 100% used [0x00000000d5580000,0x00000000d6100000,0x00000000d6100000)
  from space 1536K, 100% used [0x00000000d6180000,0x00000000d6300000,0x00000000d6300000)
  to   space 3072K, 0% used [0x00000000d6400000,0x00000000d6400000,0x00000000d6700000)
 ParOldGen       total 95744K, used 95268K [0x0000000080000000, 0x0000000085d80000, 0x00000000d5580000)
  object space 95744K, 99% used [0x0000000080000000,0x0000000085d090e0,0x0000000085d80000)
 Metaspace       used 61055K, committed 62592K, reserved 1114112K
  class space    used 6538K, committed 7232K, reserved 1048576K
}
Event: 117.491 GC heap after
{Heap after GC invocations=241 (full 3):
 PSYoungGen      total 13312K, used 1031K [0x00000000d5580000, 0x00000000d6580000, 0x0000000100000000)
  eden space 11776K, 0% used [0x00000000d5580000,0x00000000d5580000,0x00000000d6100000)
  from space 1536K, 67% used [0x00000000d6400000,0x00000000d6501db0,0x00000000d6580000)
  to   space 1536K, 0% used [0x00000000d6180000,0x00000000d6180000,0x00000000d6300000)
 ParOldGen       total 97280K, used 96812K [0x0000000080000000, 0x0000000085f00000, 0x00000000d5580000)
  object space 97280K, 99% used [0x0000000080000000,0x0000000085e8b0f0,0x0000000085f00000)
 Metaspace       used 61055K, committed 62592K, reserved 1114112K
  class space    used 6538K, committed 7232K, reserved 1048576K
}
Event: 119.746 GC heap before
{Heap before GC invocations=242 (full 3):
 PSYoungGen      total 13312K, used 12807K [0x00000000d5580000, 0x00000000d6580000, 0x0000000100000000)
  eden space 11776K, 100% used [0x00000000d5580000,0x00000000d6100000,0x00000000d6100000)
  from space 1536K, 67% used [0x00000000d6400000,0x00000000d6501db0,0x00000000d6580000)
  to   space 1536K, 0% used [0x00000000d6180000,0x00000000d6180000,0x00000000d6300000)
 ParOldGen       total 97280K, used 96812K [0x0000000080000000, 0x0000000085f00000, 0x00000000d5580000)
  object space 97280K, 99% used [0x0000000080000000,0x0000000085e8b0f0,0x0000000085f00000)
 Metaspace       used 61262K, committed 62784K, reserved 1114112K
  class space    used 6542K, committed 7232K, reserved 1048576K
}
Event: 119.755 GC heap after
{Heap after GC invocations=242 (full 3):
 PSYoungGen      total 13312K, used 1239K [0x00000000d5580000, 0x00000000d6480000, 0x0000000100000000)
  eden space 11776K, 0% used [0x00000000d5580000,0x00000000d5580000,0x00000000d6100000)
  from space 1536K, 80% used [0x00000000d6180000,0x00000000d62b5d78,0x00000000d6300000)
  to   space 1536K, 0% used [0x00000000d6300000,0x00000000d6300000,0x00000000d6480000)
 ParOldGen       total 97792K, used 97705K [0x0000000080000000, 0x0000000085f80000, 0x00000000d5580000)
  object space 97792K, 99% used [0x0000000080000000,0x0000000085f6a7d8,0x0000000085f80000)
 Metaspace       used 61262K, committed 62784K, reserved 1114112K
  class space    used 6542K, committed 7232K, reserved 1048576K
}
Event: 120.931 GC heap before
{Heap before GC invocations=243 (full 3):
 PSYoungGen      total 13312K, used 13015K [0x00000000d5580000, 0x00000000d6480000, 0x0000000100000000)
  eden space 11776K, 99% used [0x00000000d5580000,0x00000000d60ffff0,0x00000000d6100000)
  from space 1536K, 80% used [0x00000000d6180000,0x00000000d62b5d78,0x00000000d6300000)
  to   space 1536K, 0% used [0x00000000d6300000,0x00000000d6300000,0x00000000d6480000)
 ParOldGen       total 97792K, used 97705K [0x0000000080000000, 0x0000000085f80000, 0x00000000d5580000)
  object space 97792K, 99% used [0x0000000080000000,0x0000000085f6a7d8,0x0000000085f80000)
 Metaspace       used 61322K, committed 62848K, reserved 1114112K
  class space    used 6545K, committed 7232K, reserved 1048576K
}
Event: 120.947 GC heap after
{Heap after GC invocations=243 (full 3):
 PSYoungGen      total 13312K, used 1492K [0x00000000d5580000, 0x00000000d6500000, 0x0000000100000000)
  eden space 11776K, 0% used [0x00000000d5580000,0x00000000d5580000,0x00000000d6100000)
  from space 1536K, 97% used [0x00000000d6300000,0x00000000d6475220,0x00000000d6480000)
  to   space 2048K, 0% used [0x00000000d6100000,0x00000000d6100000,0x00000000d6300000)
 ParOldGen       total 99328K, used 98899K [0x0000000080000000, 0x0000000086100000, 0x00000000d5580000)
  object space 99328K, 99% used [0x0000000080000000,0x0000000086094d70,0x0000000086100000)
 Metaspace       used 61322K, committed 62848K, reserved 1114112K
  class space    used 6545K, committed 7232K, reserved 1048576K
}
Event: 121.705 GC heap before
{Heap before GC invocations=244 (full 3):
 PSYoungGen      total 13312K, used 13268K [0x00000000d5580000, 0x00000000d6500000, 0x0000000100000000)
  eden space 11776K, 100% used [0x00000000d5580000,0x00000000d6100000,0x00000000d6100000)
  from space 1536K, 97% used [0x00000000d6300000,0x00000000d6475220,0x00000000d6480000)
  to   space 2048K, 0% used [0x00000000d6100000,0x00000000d6100000,0x00000000d6300000)
 ParOldGen       total 99328K, used 98899K [0x0000000080000000, 0x0000000086100000, 0x00000000d5580000)
  object space 99328K, 99% used [0x0000000080000000,0x0000000086094d70,0x0000000086100000)
 Metaspace       used 61703K, committed 63232K, reserved 1114112K
  class space    used 6578K, committed 7296K, reserved 1048576K
}
Event: 121.715 GC heap after
{Heap after GC invocations=244 (full 3):
 PSYoungGen      total 13824K, used 2011K [0x00000000d5580000, 0x00000000d6600000, 0x0000000100000000)
  eden space 11776K, 0% used [0x00000000d5580000,0x00000000d5580000,0x00000000d6100000)
  from space 2048K, 98% used [0x00000000d6100000,0x00000000d62f6ef8,0x00000000d6300000)
  to   space 2560K, 0% used [0x00000000d6380000,0x00000000d6380000,0x00000000d6600000)
 ParOldGen       total 100352K, used 100337K [0x0000000080000000, 0x0000000086200000, 0x00000000d5580000)
  object space 100352K, 99% used [0x0000000080000000,0x00000000861fc7b0,0x0000000086200000)
 Metaspace       used 61703K, committed 63232K, reserved 1114112K
  class space    used 6578K, committed 7296K, reserved 1048576K
}
Event: 122.121 GC heap before
{Heap before GC invocations=245 (full 3):
 PSYoungGen      total 13824K, used 13787K [0x00000000d5580000, 0x00000000d6600000, 0x0000000100000000)
  eden space 11776K, 100% used [0x00000000d5580000,0x00000000d6100000,0x00000000d6100000)
  from space 2048K, 98% used [0x00000000d6100000,0x00000000d62f6ef8,0x00000000d6300000)
  to   space 2560K, 0% used [0x00000000d6380000,0x00000000d6380000,0x00000000d6600000)
 ParOldGen       total 100352K, used 100337K [0x0000000080000000, 0x0000000086200000, 0x00000000d5580000)
  object space 100352K, 99% used [0x0000000080000000,0x00000000861fc7b0,0x0000000086200000)
 Metaspace       used 61827K, committed 63360K, reserved 1114112K
  class space    used 6590K, committed 7296K, reserved 1048576K
}
Event: 122.127 GC heap after
{Heap after GC invocations=245 (full 3):
 PSYoungGen      total 13312K, used 1081K [0x00000000d5580000, 0x00000000d6500000, 0x0000000100000000)
  eden space 11776K, 0% used [0x00000000d5580000,0x00000000d5580000,0x00000000d6100000)
  from space 1536K, 70% used [0x00000000d6380000,0x00000000d648e6e0,0x00000000d6500000)
  to   space 1536K, 0% used [0x00000000d6200000,0x00000000d6200000,0x00000000d6380000)
 ParOldGen       total 101888K, used 101446K [0x0000000080000000, 0x0000000086380000, 0x00000000d5580000)
  object space 101888K, 99% used [0x0000000080000000,0x0000000086311988,0x0000000086380000)
 Metaspace       used 61827K, committed 63360K, reserved 1114112K
  class space    used 6590K, committed 7296K, reserved 1048576K
}
Event: 123.669 GC heap before
{Heap before GC invocations=246 (full 3):
 PSYoungGen      total 13312K, used 12857K [0x00000000d5580000, 0x00000000d6500000, 0x0000000100000000)
  eden space 11776K, 100% used [0x00000000d5580000,0x00000000d6100000,0x00000000d6100000)
  from space 1536K, 70% used [0x00000000d6380000,0x00000000d648e6e0,0x00000000d6500000)
  to   space 1536K, 0% used [0x00000000d6200000,0x00000000d6200000,0x00000000d6380000)
 ParOldGen       total 101888K, used 101446K [0x0000000080000000, 0x0000000086380000, 0x00000000d5580000)
  object space 101888K, 99% used [0x0000000080000000,0x0000000086311988,0x0000000086380000)
 Metaspace       used 62159K, committed 63680K, reserved 1114112K
  class space    used 6624K, committed 7296K, reserved 1048576K
}
Event: 123.676 GC heap after
{Heap after GC invocations=246 (full 3):
 PSYoungGen      total 13312K, used 1520K [0x00000000d5580000, 0x00000000d6600000, 0x0000000100000000)
  eden space 11776K, 0% used [0x00000000d5580000,0x00000000d5580000,0x00000000d6100000)
  from space 1536K, 98% used [0x00000000d6200000,0x00000000d637c048,0x00000000d6380000)
  to   space 2560K, 0% used [0x00000000d6380000,0x00000000d6380000,0x00000000d6600000)
 ParOldGen       total 101888K, used 101838K [0x0000000080000000, 0x0000000086380000, 0x00000000d5580000)
  object space 101888K, 99% used [0x0000000080000000,0x0000000086373a80,0x0000000086380000)
 Metaspace       used 62159K, committed 63680K, reserved 1114112K
  class space    used 6624K, committed 7296K, reserved 1048576K
}
Event: 124.797 GC heap before
{Heap before GC invocations=247 (full 3):
 PSYoungGen      total 13312K, used 13248K [0x00000000d5580000, 0x00000000d6600000, 0x0000000100000000)
  eden space 11776K, 99% used [0x00000000d5580000,0x00000000d60f4300,0x00000000d6100000)
  from space 1536K, 98% used [0x00000000d6200000,0x00000000d637c048,0x00000000d6380000)
  to   space 2560K, 0% used [0x00000000d6380000,0x00000000d6380000,0x00000000d6600000)
 ParOldGen       total 101888K, used 101838K [0x0000000080000000, 0x0000000086380000, 0x00000000d5580000)
  object space 101888K, 99% used [0x0000000080000000,0x0000000086373a80,0x0000000086380000)
 Metaspace       used 62350K, committed 63872K, reserved 1114112K
  class space    used 6629K, committed 7296K, reserved 1048576K
}
Event: 124.801 GC heap after
{Heap after GC invocations=247 (full 3):
 PSYoungGen      total 12800K, used 960K [0x00000000d5580000, 0x00000000d6480000, 0x0000000100000000)
  eden space 11776K, 0% used [0x00000000d5580000,0x00000000d5580000,0x00000000d6100000)
  from space 1024K, 93% used [0x00000000d6380000,0x00000000d6470360,0x00000000d6480000)
  to   space 1536K, 0% used [0x00000000d6180000,0x00000000d6180000,0x00000000d6300000)
 ParOldGen       total 102400K, used 102393K [0x0000000080000000, 0x0000000086400000, 0x00000000d5580000)
  object space 102400K, 99% used [0x0000000080000000,0x00000000863fe770,0x0000000086400000)
 Metaspace       used 62350K, committed 63872K, reserved 1114112K
  class space    used 6629K, committed 7296K, reserved 1048576K
}
Event: 125.508 GC heap before
{Heap before GC invocations=248 (full 3):
 PSYoungGen      total 12800K, used 12736K [0x00000000d5580000, 0x00000000d6480000, 0x0000000100000000)
  eden space 11776K, 100% used [0x00000000d5580000,0x00000000d6100000,0x00000000d6100000)
  from space 1024K, 93% used [0x00000000d6380000,0x00000000d6470360,0x00000000d6480000)
  to   space 1536K, 0% used [0x00000000d6180000,0x00000000d6180000,0x00000000d6300000)
 ParOldGen       total 102400K, used 102393K [0x0000000080000000, 0x0000000086400000, 0x00000000d5580000)
  object space 102400K, 99% used [0x0000000080000000,0x00000000863fe770,0x0000000086400000)
 Metaspace       used 62357K, committed 63936K, reserved 1114112K
  class space    used 6629K, committed 7296K, reserved 1048576K
}
Event: 125.512 GC heap after
{Heap after GC invocations=248 (full 3):
 PSYoungGen      total 13312K, used 333K [0x00000000d5580000, 0x00000000d6400000, 0x0000000100000000)
  eden space 11776K, 0% used [0x00000000d5580000,0x00000000d5580000,0x00000000d6100000)
  from space 1536K, 21% used [0x00000000d6180000,0x00000000d61d36c0,0x00000000d6300000)
  to   space 1024K, 0% used [0x00000000d6300000,0x00000000d6300000,0x00000000d6400000)
 ParOldGen       total 103424K, used 103111K [0x0000000080000000, 0x0000000086500000, 0x00000000d5580000)
  object space 103424K, 99% used [0x0000000080000000,0x00000000864b1f20,0x0000000086500000)
 Metaspace       used 62357K, committed 63936K, reserved 1114112K
  class space    used 6629K, committed 7296K, reserved 1048576K
}

Dll operation events (10 events):
Event: 0.353 Loaded shared library c:\Users\ajani\.vscode\extensions\redhat.java-1.54.0-win32-x64\jre\21.0.10-win32-x86_64\bin\java.dll
Event: 1.512 Loaded shared library c:\Users\ajani\.vscode\extensions\redhat.java-1.54.0-win32-x64\jre\21.0.10-win32-x86_64\bin\zip.dll
Event: 1.678 Loaded shared library C:\Users\ajani\.vscode\extensions\redhat.java-1.54.0-win32-x64\jre\21.0.10-win32-x86_64\bin\instrument.dll
Event: 1.703 Loaded shared library C:\Users\ajani\.vscode\extensions\redhat.java-1.54.0-win32-x64\jre\21.0.10-win32-x86_64\bin\net.dll
Event: 1.709 Loaded shared library C:\Users\ajani\.vscode\extensions\redhat.java-1.54.0-win32-x64\jre\21.0.10-win32-x86_64\bin\nio.dll
Event: 1.721 Loaded shared library C:\Users\ajani\.vscode\extensions\redhat.java-1.54.0-win32-x64\jre\21.0.10-win32-x86_64\bin\zip.dll
Event: 1.778 Loaded shared library C:\Users\ajani\.vscode\extensions\redhat.java-1.54.0-win32-x64\jre\21.0.10-win32-x86_64\bin\jimage.dll
Event: 2.159 Loaded shared library c:\Users\ajani\.vscode\extensions\redhat.java-1.54.0-win32-x64\jre\21.0.10-win32-x86_64\bin\verify.dll
Event: 13.407 Loaded shared library C:\Users\ajani\AppData\Roaming\Code\User\globalStorage\redhat.java\1.54.0\config_win\org.eclipse.equinox.launcher\org.eclipse.equinox.launcher.win32.win32.x86_64_1.3.0.v20260203-2149\eclipse_11919.dll
Event: 41.781 Loaded shared library C:\Users\ajani\AppData\Local\Temp\jna-92836115\jna2946043151620094321.dll

Deoptimization events (20 events):
Event: 122.385 Thread 0x000002b4dd729fd0 Uncommon trap: trap_request=0xffffffde fr.pc=0x000002b48adcfdd4 relative=0x0000000000006a74
Event: 122.386 Thread 0x000002b4dd729fd0 Uncommon trap: reason=class_check action=maybe_recompile pc=0x000002b48adcfdd4 method=lombok.patcher.PatchScript$MethodPatcher.visitMethod(ILjava/lang/String;Ljava/lang/String;Ljava/lang/String;[Ljava/lang/String;)Lorg/lombokweb/asm/MethodVisitor; @ 101 c
Event: 122.387 Thread 0x000002b4dd729fd0 DEOPT PACKING pc=0x000002b48adcfdd4 sp=0x000000dc882fc0b0
Event: 122.387 Thread 0x000002b4dd729fd0 DEOPT UNPACKING pc=0x000002b48a6c3a9c sp=0x000000dc882fc018 mode 2
Event: 122.412 Thread 0x000002b4dd729fd0 DEOPT PACKING pc=0x000002b483a42d79 sp=0x000000dc882fc140
Event: 122.412 Thread 0x000002b4dd729fd0 DEOPT UNPACKING pc=0x000002b48a6c4223 sp=0x000000dc882fb6e8 mode 0
Event: 123.516 Thread 0x000002b4dce61e00 DEOPT PACKING pc=0x000002b484631522 sp=0x000000dc85afd990
Event: 123.516 Thread 0x000002b4dce61e00 DEOPT UNPACKING pc=0x000002b48a6c4223 sp=0x000000dc85afcdb8 mode 0
Event: 123.661 Thread 0x000002b4dce61e00 DEOPT PACKING pc=0x000002b4845fd6da sp=0x000000dc85afd900
Event: 123.661 Thread 0x000002b4dce61e00 DEOPT UNPACKING pc=0x000002b48a6c4223 sp=0x000000dc85afcd78 mode 0
Event: 124.219 Thread 0x000002b4dc383360 DEOPT PACKING pc=0x000002b4844d0304 sp=0x000000dc879fcc80
Event: 124.219 Thread 0x000002b4dc383360 DEOPT UNPACKING pc=0x000002b48a6c4223 sp=0x000000dc879fc1d8 mode 0
Event: 126.247 Thread 0x000002b4dc385ac0 Uncommon trap: trap_request=0xffffffc6 fr.pc=0x000002b48b14cbf8 relative=0x00000000000003d8
Event: 126.247 Thread 0x000002b4dc385ac0 Uncommon trap: reason=bimorphic_or_optimized_type_check action=maybe_recompile pc=0x000002b48b14cbf8 method=java.util.stream.AbstractPipeline.evaluate(Ljava/util/Spliterator;ZLjava/util/function/IntFunction;)Ljava/util/stream/Node; @ 38 c2
Event: 126.247 Thread 0x000002b4dc385ac0 DEOPT PACKING pc=0x000002b48b14cbf8 sp=0x000000dc874fa340
Event: 126.247 Thread 0x000002b4dc385ac0 DEOPT UNPACKING pc=0x000002b48a6c3a9c sp=0x000000dc874fa290 mode 2
Event: 126.248 Thread 0x000002b4dc385ac0 Uncommon trap: trap_request=0xffffffc6 fr.pc=0x000002b48b14cbf8 relative=0x00000000000003d8
Event: 126.248 Thread 0x000002b4dc385ac0 Uncommon trap: reason=bimorphic_or_optimized_type_check action=maybe_recompile pc=0x000002b48b14cbf8 method=java.util.stream.AbstractPipeline.evaluate(Ljava/util/Spliterator;ZLjava/util/function/IntFunction;)Ljava/util/stream/Node; @ 38 c2
Event: 126.248 Thread 0x000002b4dc385ac0 DEOPT PACKING pc=0x000002b48b14cbf8 sp=0x000000dc874fa340
Event: 126.248 Thread 0x000002b4dc385ac0 DEOPT UNPACKING pc=0x000002b48a6c3a9c sp=0x000000dc874fa290 mode 2

Classes loaded (20 events):
Event: 79.904 Loading class javax/xml/transform/TransformerConfigurationException
Event: 79.904 Loading class javax/xml/transform/TransformerConfigurationException done
Event: 81.768 Loading class java/lang/UnsupportedClassVersionError
Event: 81.768 Loading class java/lang/UnsupportedClassVersionError done
Event: 89.845 Loading class java/util/Hashtable$KeySet
Event: 89.845 Loading class java/util/Hashtable$KeySet done
Event: 116.194 Loading class java/util/stream/ReduceOps$4
Event: 116.194 Loading class java/util/stream/ReduceOps$4 done
Event: 116.195 Loading class java/util/stream/ReduceOps$4ReducingSink
Event: 116.195 Loading class java/util/stream/ReduceOps$4ReducingSink done
Event: 126.244 Loading class java/util/stream/ReferencePipeline$4
Event: 126.244 Loading class java/util/stream/ReferencePipeline$4 done
Event: 126.245 Loading class java/util/stream/Nodes$IntFixedNodeBuilder
Event: 126.246 Loading class java/util/stream/Node$Builder$OfInt
Event: 126.246 Loading class java/util/stream/Node$Builder$OfInt done
Event: 126.246 Loading class java/util/stream/Nodes$IntArrayNode
Event: 126.247 Loading class java/util/stream/Nodes$IntArrayNode done
Event: 126.247 Loading class java/util/stream/Nodes$IntFixedNodeBuilder done
Event: 126.247 Loading class java/util/stream/ReferencePipeline$4$1
Event: 126.247 Loading class java/util/stream/ReferencePipeline$4$1 done

Classes unloaded (20 events):
Event: 86.947 Thread 0x000002b4fd5bc6c0 Unloading class 0x000002b498665c00 'java/lang/invoke/LambdaForm$MH+0x000002b498665c00'
Event: 86.947 Thread 0x000002b4fd5bc6c0 Unloading class 0x000002b498665800 'java/lang/invoke/LambdaForm$MH+0x000002b498665800'
Event: 86.947 Thread 0x000002b4fd5bc6c0 Unloading class 0x000002b498665400 'java/lang/invoke/LambdaForm$MH+0x000002b498665400'
Event: 86.947 Thread 0x000002b4fd5bc6c0 Unloading class 0x000002b498665000 'java/lang/invoke/LambdaForm$MH+0x000002b498665000'
Event: 86.947 Thread 0x000002b4fd5bc6c0 Unloading class 0x000002b498664800 'java/lang/invoke/LambdaForm$MH+0x000002b498664800'
Event: 86.947 Thread 0x000002b4fd5bc6c0 Unloading class 0x000002b498664000 'java/lang/invoke/LambdaForm$MH+0x000002b498664000'
Event: 86.947 Thread 0x000002b4fd5bc6c0 Unloading class 0x000002b498663c00 'java/lang/invoke/LambdaForm$MH+0x000002b498663c00'
Event: 86.947 Thread 0x000002b4fd5bc6c0 Unloading class 0x000002b498663800 'java/lang/invoke/LambdaForm$MH+0x000002b498663800'
Event: 86.947 Thread 0x000002b4fd5bc6c0 Unloading class 0x000002b498663400 'java/lang/invoke/LambdaForm$MH+0x000002b498663400'
Event: 86.947 Thread 0x000002b4fd5bc6c0 Unloading class 0x000002b498663000 'java/lang/invoke/LambdaForm$MH+0x000002b498663000'
Event: 86.947 Thread 0x000002b4fd5bc6c0 Unloading class 0x000002b498662c00 'java/lang/invoke/LambdaForm$MH+0x000002b498662c00'
Event: 86.947 Thread 0x000002b4fd5bc6c0 Unloading class 0x000002b498662800 'java/lang/invoke/LambdaForm$MH+0x000002b498662800'
Event: 86.947 Thread 0x000002b4fd5bc6c0 Unloading class 0x000002b498662400 'java/lang/invoke/LambdaForm$MH+0x000002b498662400'
Event: 86.947 Thread 0x000002b4fd5bc6c0 Unloading class 0x000002b498662000 'java/lang/invoke/LambdaForm$MH+0x000002b498662000'
Event: 86.947 Thread 0x000002b4fd5bc6c0 Unloading class 0x000002b498661c00 'java/lang/invoke/LambdaForm$MH+0x000002b498661c00'
Event: 86.947 Thread 0x000002b4fd5bc6c0 Unloading class 0x000002b498661800 'java/lang/invoke/LambdaForm$MH+0x000002b498661800'
Event: 86.947 Thread 0x000002b4fd5bc6c0 Unloading class 0x000002b498661400 'java/lang/invoke/LambdaForm$MH+0x000002b498661400'
Event: 86.947 Thread 0x000002b4fd5bc6c0 Unloading class 0x000002b498661000 'java/lang/invoke/LambdaForm$MH+0x000002b498661000'
Event: 86.947 Thread 0x000002b4fd5bc6c0 Unloading class 0x000002b498660c00 'java/lang/invoke/LambdaForm$MH+0x000002b498660c00'
Event: 86.947 Thread 0x000002b4fd5bc6c0 Unloading class 0x000002b498660400 'java/lang/invoke/LambdaForm$MH+0x000002b498660400'

Classes redefined (0 events):
No events

Internal exceptions (20 events):
Event: 89.846 Thread 0x000002b4dc383360 Exception <a 'java/io/FileNotFoundException'{0x00000000d5756b58}> (0x00000000d5756b58) 
thrown [s\src\hotspot\share\prims\jni.cpp, line 520]
Event: 89.846 Thread 0x000002b4dc383360 Exception <a 'java/io/FileNotFoundException'{0x00000000d5757dd0}> (0x00000000d5757dd0) 
thrown [s\src\hotspot\share\prims\jni.cpp, line 520]
Event: 89.846 Thread 0x000002b4dc383360 Exception <a 'java/io/FileNotFoundException'{0x00000000d5758fc0}> (0x00000000d5758fc0) 
thrown [s\src\hotspot\share\prims\jni.cpp, line 520]
Event: 94.930 Thread 0x000002b4dce60a50 Exception <a 'sun/nio/fs/WindowsException'{0x00000000d60a57a0}> (0x00000000d60a57a0) 
thrown [s\src\hotspot\share\prims\jni.cpp, line 520]
Event: 94.930 Thread 0x000002b4dce60a50 Exception <a 'sun/nio/fs/WindowsException'{0x00000000d60a5df0}> (0x00000000d60a5df0) 
thrown [s\src\hotspot\share\prims\jni.cpp, line 520]
Event: 95.270 Thread 0x000002b4dce60a50 Exception <a 'sun/nio/fs/WindowsException'{0x00000000d55b7ae0}> (0x00000000d55b7ae0) 
thrown [s\src\hotspot\share\prims\jni.cpp, line 520]
Event: 95.453 Thread 0x000002b4dce60a50 Exception <a 'sun/nio/fs/WindowsException'{0x00000000d55b8110}> (0x00000000d55b8110) 
thrown [s\src\hotspot\share\prims\jni.cpp, line 520]
Event: 96.318 Thread 0x000002b4dc383360 Exception <a 'sun/nio/fs/WindowsException'{0x00000000d5eb9248}> (0x00000000d5eb9248) 
thrown [s\src\hotspot\share\prims\jni.cpp, line 520]
Event: 96.318 Thread 0x000002b4dc383360 Exception <a 'sun/nio/fs/WindowsException'{0x00000000d5eb9ab8}> (0x00000000d5eb9ab8) 
thrown [s\src\hotspot\share\prims\jni.cpp, line 520]
Event: 96.367 Thread 0x000002b4dc383360 Exception <a 'sun/nio/fs/WindowsException'{0x00000000d5ebaae8}> (0x00000000d5ebaae8) 
thrown [s\src\hotspot\share\prims\jni.cpp, line 520]
Event: 96.367 Thread 0x000002b4dc383360 Exception <a 'sun/nio/fs/WindowsException'{0x00000000d5ebb3a0}> (0x00000000d5ebb3a0) 
thrown [s\src\hotspot\share\prims\jni.cpp, line 520]
Event: 96.480 Thread 0x000002b4dc383360 Exception <a 'java/io/FileNotFoundException'{0x00000000d5efb4b0}> (0x00000000d5efb4b0) 
thrown [s\src\hotspot\share\prims\jni.cpp, line 520]
Event: 96.480 Thread 0x000002b4dc383360 Exception <a 'java/io/FileNotFoundException'{0x00000000d5efc4b0}> (0x00000000d5efc4b0) 
thrown [s\src\hotspot\share\prims\jni.cpp, line 520]
Event: 96.497 Thread 0x000002b4dc383360 Exception <a 'sun/nio/fs/WindowsException'{0x00000000d5f41968}> (0x00000000d5f41968) 
thrown [s\src\hotspot\share\prims\jni.cpp, line 520]
Event: 96.498 Thread 0x000002b4dc383360 Exception <a 'sun/nio/fs/WindowsException'{0x00000000d5f421e0}> (0x00000000d5f421e0) 
thrown [s\src\hotspot\share\prims\jni.cpp, line 520]
Event: 105.068 Thread 0x000002b4dc383360 Exception <a 'java/lang/NoSuchMethodError'{0x00000000d5f13fa0}: 'void java.lang.invoke.DirectMethodHandle$Holder.invokeStatic(java.lang.Object, java.lang.Object, java.lang.Object, int)'> (0x00000000d5f13fa0) 
thrown [s\src\hotspot\share\interpreter\linkResolver.cpp, line 773]
Event: 106.195 Thread 0x000002b4dd72e170 Exception <a 'java/lang/IncompatibleClassChangeError'{0x00000000d5c52d08}: Found class java.lang.Object, but interface was expected> (0x00000000d5c52d08) 
thrown [s\src\hotspot\share\interpreter\linkResolver.cpp, line 840]
Event: 106.828 Thread 0x000002b4dc383360 Exception <a 'java/lang/NoSuchMethodError'{0x00000000d5fac0d0}: 'void java.lang.invoke.DirectMethodHandle$Holder.invokeVirtual(java.lang.Object, java.lang.Object, int)'> (0x00000000d5fac0d0) 
thrown [s\src\hotspot\share\interpreter\linkResolver.cpp, line 773]
Event: 110.190 Thread 0x000002b4dce5f6a0 Implicit null exception at 0x000002b48b0c4734 to 0x000002b48b0c4cd0
Event: 116.201 Thread 0x000002b4dc385ac0 Exception <a 'java/lang/NoSuchMethodError'{0x00000000d5fcdc00}: 'int java.lang.invoke.DirectMethodHandle$Holder.invokeSpecialIFC(java.lang.Object, java.lang.Object, java.lang.Object)'> (0x00000000d5fcdc00) 
thrown [s\src\hotspot\share\interpreter\linkResolver.cpp, line 773]

ZGC Phase Switch (0 events):
No events

VM Operations (20 events):
Event: 121.020 Executing non-safepoint VM operation: RendezvousGCThreads
Event: 121.020 Executing non-safepoint VM operation: RendezvousGCThreads done
Event: 121.029 Executing non-safepoint VM operation: HandshakeAllThreads (Deoptimize)
Event: 121.371 Executing non-safepoint VM operation: HandshakeAllThreads (Deoptimize) done
Event: 121.637 Executing safepoint VM operation: ParallelGCFailedAllocation (Allocation Failure)
Event: 121.715 Executing safepoint VM operation: ParallelGCFailedAllocation (Allocation Failure) done
Event: 122.098 Executing safepoint VM operation: ParallelGCFailedAllocation (Allocation Failure)
Event: 122.127 Executing safepoint VM operation: ParallelGCFailedAllocation (Allocation Failure) done
Event: 123.145 Executing safepoint VM operation: Cleanup
Event: 123.414 Executing safepoint VM operation: Cleanup done
Event: 123.669 Executing safepoint VM operation: ParallelGCFailedAllocation (Allocation Failure)
Event: 123.676 Executing safepoint VM operation: ParallelGCFailedAllocation (Allocation Failure) done
Event: 124.680 Executing safepoint VM operation: Cleanup
Event: 124.706 Executing safepoint VM operation: Cleanup done
Event: 124.797 Executing safepoint VM operation: ParallelGCFailedAllocation (Allocation Failure)
Event: 124.801 Executing safepoint VM operation: ParallelGCFailedAllocation (Allocation Failure) done
Event: 125.452 Executing safepoint VM operation: ParallelGCFailedAllocation (Allocation Failure)
Event: 125.512 Executing safepoint VM operation: ParallelGCFailedAllocation (Allocation Failure) done
Event: 126.166 Executing non-safepoint VM operation: HandshakeAllThreads (Deoptimize)
Event: 126.227 Executing non-safepoint VM operation: HandshakeAllThreads (Deoptimize) done

Memory protections (0 events):
No events

Nmethod flushes (20 events):
Event: 86.988 Thread 0x000002b4fd5bc6c0 flushing  nmethod 0x000002b483b31110
Event: 86.988 Thread 0x000002b4fd5bc6c0 flushing  nmethod 0x000002b483b3e590
Event: 86.988 Thread 0x000002b4fd5bc6c0 flushing  nmethod 0x000002b483b45f90
Event: 86.988 Thread 0x000002b4fd5bc6c0 flushing  nmethod 0x000002b483b46d90
Event: 86.988 Thread 0x000002b4fd5bc6c0 flushing  nmethod 0x000002b483b47210
Event: 86.988 Thread 0x000002b4fd5bc6c0 flushing  nmethod 0x000002b483b49490
Event: 86.988 Thread 0x000002b4fd5bc6c0 flushing  nmethod 0x000002b483b4c010
Event: 86.988 Thread 0x000002b4fd5bc6c0 flushing  nmethod 0x000002b483b51d90
Event: 86.988 Thread 0x000002b4fd5bc6c0 flushing  nmethod 0x000002b483b86210
Event: 86.988 Thread 0x000002b4fd5bc6c0 flushing  nmethod 0x000002b483ba2510
Event: 86.988 Thread 0x000002b4fd5bc6c0 flushing  nmethod 0x000002b483ba2b10
Event: 86.988 Thread 0x000002b4fd5bc6c0 flushing  nmethod 0x000002b483ba3390
Event: 86.988 Thread 0x000002b4fd5bc6c0 flushing  nmethod 0x000002b483ba5a10
Event: 86.988 Thread 0x000002b4fd5bc6c0 flushing  nmethod 0x000002b483ba6710
Event: 86.988 Thread 0x000002b4fd5bc6c0 flushing  nmethod 0x000002b483ba9b90
Event: 86.988 Thread 0x000002b4fd5bc6c0 flushing  nmethod 0x000002b483bbb410
Event: 86.988 Thread 0x000002b4fd5bc6c0 flushing  nmethod 0x000002b483bbb910
Event: 86.988 Thread 0x000002b4fd5bc6c0 flushing  nmethod 0x000002b483bbbe90
Event: 86.988 Thread 0x000002b4fd5bc6c0 flushing  nmethod 0x000002b483bd6690
Event: 86.988 Thread 0x000002b4fd5bc6c0 flushing  nmethod 0x000002b483be2e90

Events (20 events):
Event: 92.777 Thread 0x000002b4dd728c20 Thread added: 0x000002b4dce64bf0
Event: 92.777 Thread 0x000002b4dd728c20 Thread added: 0x000002b4dce65910
Event: 92.778 Thread 0x000002b4dd728c20 Thread added: 0x000002b4dce66cc0
Event: 92.778 Thread 0x000002b4dd728c20 Thread added: 0x000002b4dd729940
Event: 93.589 Thread 0x000002b4dce631b0 Thread exited: 0x000002b4dce631b0
Event: 94.951 Thread 0x000002b4dc386150 Thread added: 0x000002b4dd7292b0
Event: 96.249 Thread 0x000002b4dce5fd30 Thread exited: 0x000002b4dce5fd30
Event: 96.288 Thread 0x000002b4dd729940 Thread exited: 0x000002b4dd729940
Event: 96.292 Thread 0x000002b4dce66cc0 Thread exited: 0x000002b4dce66cc0
Event: 96.294 Thread 0x000002b4dce65910 Thread exited: 0x000002b4dce65910
Event: 96.720 Thread 0x000002b4dd728c20 Thread added: 0x000002b4dd729940
Event: 96.720 Thread 0x000002b4dd728c20 Thread added: 0x000002b4dd72a660
Event: 100.802 Thread 0x000002b4dd72a660 Thread exited: 0x000002b4dd72a660
Event: 109.175 Thread 0x000002b4dce63ed0 Thread exited: 0x000002b4dce63ed0
Event: 112.596 Thread 0x000002b4dce5f6a0 Thread exited: 0x000002b4dce5f6a0
Event: 112.725 Thread 0x000002b4dd728c20 Thread added: 0x000002b4dd729fd0
Event: 119.709 Thread 0x000002b4dd72e800 Thread exited: 0x000002b4dd72e800
Event: 119.734 Thread 0x000002b4dd72ba10 Thread exited: 0x000002b4dd72ba10
Event: 119.738 Thread 0x000002b4dd72e170 Thread exited: 0x000002b4dd72e170
Event: 119.829 Thread 0x000002b4dd72dae0 Thread exited: 0x000002b4dd72dae0


Dynamic libraries:
0x00007ff737eb0000 - 0x00007ff737ebe000 	c:\Users\ajani\.vscode\extensions\redhat.java-1.54.0-win32-x64\jre\21.0.10-win32-x86_64\bin\java.exe
0x00007ffb3f020000 - 0x00007ffb3f287000 	C:\WINDOWS\SYSTEM32\ntdll.dll
0x00007ffb3d7c0000 - 0x00007ffb3d889000 	C:\WINDOWS\System32\KERNEL32.DLL
0x00007ffb3c370000 - 0x00007ffb3c75f000 	C:\WINDOWS\System32\KERNELBASE.dll
0x00007ffb3c220000 - 0x00007ffb3c36b000 	C:\WINDOWS\System32\ucrtbase.dll
0x00007ffb2f640000 - 0x00007ffb2f658000 	c:\Users\ajani\.vscode\extensions\redhat.java-1.54.0-win32-x64\jre\21.0.10-win32-x86_64\bin\jli.dll
0x00007ffb3e9e0000 - 0x00007ffb3eba5000 	C:\WINDOWS\System32\USER32.dll
0x00007ffb3c770000 - 0x00007ffb3c797000 	C:\WINDOWS\System32\win32u.dll
0x00007ffb3d750000 - 0x00007ffb3d77b000 	C:\WINDOWS\System32\GDI32.dll
0x00007ffb3c9d0000 - 0x00007ffb3cafc000 	C:\WINDOWS\System32\gdi32full.dll
0x00007ffb3cb90000 - 0x00007ffb3cc33000 	C:\WINDOWS\System32\msvcp_win.dll
0x00007ffb2f4f0000 - 0x00007ffb2f50e000 	c:\Users\ajani\.vscode\extensions\redhat.java-1.54.0-win32-x64\jre\21.0.10-win32-x86_64\bin\VCRUNTIME140.dll
0x00007ffb24060000 - 0x00007ffb242f3000 	C:\WINDOWS\WinSxS\amd64_microsoft.windows.common-controls_6595b64144ccf1df_6.0.26100.7309_none_3e05feeae336a044\COMCTL32.dll
0x00007ffb3e060000 - 0x00007ffb3e109000 	C:\WINDOWS\System32\msvcrt.dll
0x00007ffb3d780000 - 0x00007ffb3d7b1000 	C:\WINDOWS\System32\IMM32.DLL
0x00007ffb2f3a0000 - 0x00007ffb2f3ac000 	c:\Users\ajani\.vscode\extensions\redhat.java-1.54.0-win32-x64\jre\21.0.10-win32-x86_64\bin\vcruntime140_1.dll
0x00007ffaf8dd0000 - 0x00007ffaf8e5d000 	c:\Users\ajani\.vscode\extensions\redhat.java-1.54.0-win32-x64\jre\21.0.10-win32-x86_64\bin\msvcp140.dll
0x00007fface540000 - 0x00007ffacf2e1000 	c:\Users\ajani\.vscode\extensions\redhat.java-1.54.0-win32-x64\jre\21.0.10-win32-x86_64\bin\server\jvm.dll
0x00007ffb3db10000 - 0x00007ffb3dbc4000 	C:\WINDOWS\System32\ADVAPI32.dll
0x00007ffb3ef30000 - 0x00007ffb3efd6000 	C:\WINDOWS\System32\sechost.dll
0x00007ffb3e8c0000 - 0x00007ffb3e9d8000 	C:\WINDOWS\System32\RPCRT4.dll
0x00007ffb3ec50000 - 0x00007ffb3ecc4000 	C:\WINDOWS\System32\WS2_32.dll
0x00007ffb3bfd0000 - 0x00007ffb3c02e000 	C:\WINDOWS\SYSTEM32\POWRPROF.dll
0x00007ffb06da0000 - 0x00007ffb06dd5000 	C:\WINDOWS\SYSTEM32\WINMM.dll
0x00007ffb2e8e0000 - 0x00007ffb2e8eb000 	C:\WINDOWS\SYSTEM32\VERSION.dll
0x00007ffb3bfb0000 - 0x00007ffb3bfc4000 	C:\WINDOWS\SYSTEM32\UMPDC.dll
0x00007ffb3af20000 - 0x00007ffb3af3b000 	C:\WINDOWS\SYSTEM32\kernel.appcore.dll
0x00007ffb2ea70000 - 0x00007ffb2ea7a000 	c:\Users\ajani\.vscode\extensions\redhat.java-1.54.0-win32-x64\jre\21.0.10-win32-x86_64\bin\jimage.dll
0x00007ffb39a70000 - 0x00007ffb39cb2000 	C:\WINDOWS\SYSTEM32\DBGHELP.DLL
0x00007ffb3cf10000 - 0x00007ffb3d296000 	C:\WINDOWS\System32\combase.dll
0x00007ffb3ee50000 - 0x00007ffb3ef26000 	C:\WINDOWS\System32\OLEAUT32.dll
0x00007ffb2f790000 - 0x00007ffb2f7cc000 	C:\WINDOWS\SYSTEM32\dbgcore.DLL
0x00007ffb3c170000 - 0x00007ffb3c215000 	C:\WINDOWS\System32\bcryptPrimitives.dll
0x00007ffb2fa20000 - 0x00007ffb2fa2f000 	c:\Users\ajani\.vscode\extensions\redhat.java-1.54.0-win32-x64\jre\21.0.10-win32-x86_64\bin\instrument.dll
0x00007ffb1eb30000 - 0x00007ffb1eb50000 	c:\Users\ajani\.vscode\extensions\redhat.java-1.54.0-win32-x64\jre\21.0.10-win32-x86_64\bin\java.dll
0x00007ffb3e110000 - 0x00007ffb3e863000 	C:\WINDOWS\System32\SHELL32.dll
0x00007ffb3c860000 - 0x00007ffb3c9ca000 	C:\WINDOWS\System32\wintypes.dll
0x00007ffb39db0000 - 0x00007ffb3a60e000 	C:\WINDOWS\SYSTEM32\windows.storage.dll
0x00007ffb3ecf0000 - 0x00007ffb3ede5000 	C:\WINDOWS\System32\SHCORE.dll
0x00007ffb3d6e0000 - 0x00007ffb3d746000 	C:\WINDOWS\System32\shlwapi.dll
0x00007ffb3c060000 - 0x00007ffb3c089000 	C:\WINDOWS\SYSTEM32\profapi.dll
0x00007ffb1eb10000 - 0x00007ffb1eb28000 	c:\Users\ajani\.vscode\extensions\redhat.java-1.54.0-win32-x64\jre\21.0.10-win32-x86_64\bin\zip.dll
0x00007ffb26e60000 - 0x00007ffb26e70000 	C:\Users\ajani\.vscode\extensions\redhat.java-1.54.0-win32-x64\jre\21.0.10-win32-x86_64\bin\net.dll
0x00007ffb2d410000 - 0x00007ffb2d538000 	C:\WINDOWS\SYSTEM32\WINHTTP.dll
0x00007ffb3b490000 - 0x00007ffb3b4fb000 	C:\WINDOWS\system32\mswsock.dll
0x00007ffb17c80000 - 0x00007ffb17c96000 	C:\Users\ajani\.vscode\extensions\redhat.java-1.54.0-win32-x64\jre\21.0.10-win32-x86_64\bin\nio.dll
0x00007ffb2f670000 - 0x00007ffb2f680000 	c:\Users\ajani\.vscode\extensions\redhat.java-1.54.0-win32-x64\jre\21.0.10-win32-x86_64\bin\verify.dll
0x00007ffb2f5a0000 - 0x00007ffb2f5e5000 	C:\Users\ajani\AppData\Roaming\Code\User\globalStorage\redhat.java\1.54.0\config_win\org.eclipse.equinox.launcher\org.eclipse.equinox.launcher.win32.win32.x86_64_1.3.0.v20260203-2149\eclipse_11919.dll
0x00007ffb3d350000 - 0x00007ffb3d4e7000 	C:\WINDOWS\System32\ole32.dll
0x00007ffb3b750000 - 0x00007ffb3b76b000 	C:\WINDOWS\SYSTEM32\CRYPTSP.dll
0x00007ffb3ae80000 - 0x00007ffb3aeba000 	C:\WINDOWS\system32\rsaenh.dll
0x00007ffb3b540000 - 0x00007ffb3b56b000 	C:\WINDOWS\SYSTEM32\USERENV.dll
0x00007ffb3c090000 - 0x00007ffb3c0ba000 	C:\WINDOWS\SYSTEM32\bcrypt.dll
0x00007ffb3b770000 - 0x00007ffb3b77c000 	C:\WINDOWS\SYSTEM32\CRYPTBASE.dll
0x00007ffb3a9e0000 - 0x00007ffb3aa14000 	C:\WINDOWS\SYSTEM32\IPHLPAPI.DLL
0x00007ffb3db00000 - 0x00007ffb3db0a000 	C:\WINDOWS\System32\NSI.dll
0x00007ffb2f550000 - 0x00007ffb2f599000 	C:\Users\ajani\AppData\Local\Temp\jna-92836115\jna2946043151620094321.dll
0x00007ffb3d6d0000 - 0x00007ffb3d6d8000 	C:\WINDOWS\System32\PSAPI.DLL
0x00007ffb2d3e0000 - 0x00007ffb2d3fe000 	C:\WINDOWS\SYSTEM32\dhcpcsvc6.DLL
0x00007ffb2d3b0000 - 0x00007ffb2d3d3000 	C:\WINDOWS\SYSTEM32\dhcpcsvc.DLL

JVMTI agents:
c:\Users\ajani\.vscode\extensions\redhat.java-1.54.0-win32-x64\lombok\lombok-1.18.39-4050.jar path:c:\Users\ajani\.vscode\extensions\redhat.java-1.54.0-win32-x64\jre\21.0.10-win32-x86_64\bin\instrument.dll, loaded, initialized, instrumentlib options:none

dbghelp: loaded successfully - version: 4.0.5 - missing functions: none
symbol engine: initialized successfully - sym options: 0x614 - pdb path: .;c:\Users\ajani\.vscode\extensions\redhat.java-1.54.0-win32-x64\jre\21.0.10-win32-x86_64\bin;C:\WINDOWS\SYSTEM32;C:\WINDOWS\WinSxS\amd64_microsoft.windows.common-controls_6595b64144ccf1df_6.0.26100.7309_none_3e05feeae336a044;c:\Users\ajani\.vscode\extensions\redhat.java-1.54.0-win32-x64\jre\21.0.10-win32-x86_64\bin\server;C:\Users\ajani\AppData\Roaming\Code\User\globalStorage\redhat.java\1.54.0\config_win\org.eclipse.equinox.launcher\org.eclipse.equinox.launcher.win32.win32.x86_64_1.3.0.v20260203-2149;C:\Users\ajani\AppData\Local\Temp\jna-92836115

VM Arguments:
jvm_args: --add-modules=ALL-SYSTEM --add-opens=java.base/java.util=ALL-UNNAMED --add-opens=java.base/java.lang=ALL-UNNAMED --add-opens=java.base/sun.nio.fs=ALL-UNNAMED -Declipse.application=org.eclipse.jdt.ls.core.id1 -Dosgi.bundles.defaultStartLevel=4 -Declipse.product=org.eclipse.jdt.ls.core.product -Djava.import.generatesMetadataFilesAtProjectRoot=false -DDetectVMInstallationsJob.disabled=true -Dfile.encoding=utf8 -XX:+UseParallelGC -XX:GCTimeRatio=4 -XX:AdaptiveSizePolicyWeight=90 -Dsun.zip.disableMemoryMapping=true -Xmx2G -Xms100m -Xlog:disable -javaagent:c:\Users\ajani\.vscode\extensions\redhat.java-1.54.0-win32-x64\lombok\lombok-1.18.39-4050.jar -XX:+HeapDumpOnOutOfMemoryError -XX:HeapDumpPath=c:\Users\ajani\AppData\Roaming\Code\User\workspaceStorage\a114b080c051d0f1d1a0b43b3d7ccec4\redhat.java -Daether.dependencyCollector.impl=bf 
java_command: c:\Users\ajani\.vscode\extensions\redhat.java-1.54.0-win32-x64\server\plugins\org.eclipse.equinox.launcher_1.7.100.v20251111-0406.jar -configuration c:\Users\ajani\AppData\Roaming\Code\User\globalStorage\redhat.java\1.54.0\config_win -data c:\Users\ajani\AppData\Roaming\Code\User\workspaceStorage\a114b080c051d0f1d1a0b43b3d7ccec4\redhat.java\jdt_ws --pipe=\\.\pipe\lsp-1b26bce9024674228bfe436e608504e6-sock
java_class_path (initial): c:\Users\ajani\.vscode\extensions\redhat.java-1.54.0-win32-x64\server\plugins\org.eclipse.equinox.launcher_1.7.100.v20251111-0406.jar
Launcher Type: SUN_STANDARD

[Global flags]
    uintx AdaptiveSizePolicyWeight                 = 90                                        {product} {command line}
     intx CICompilerCount                          = 2                                         {product} {ergonomic}
    uintx GCTimeRatio                              = 4                                         {product} {command line}
     bool HeapDumpOnOutOfMemoryError               = true                                   {manageable} {command line}
    ccstr HeapDumpPath                             = c:\Users\ajani\AppData\Roaming\Code\User\workspaceStorage\a114b080c051d0f1d1a0b43b3d7ccec4\redhat.java         {manageable} {command line}
   size_t InitialHeapSize                          = 104857600                                 {product} {command line}
   size_t MaxHeapSize                              = 2147483648                                {product} {command line}
   size_t MaxNewSize                               = 715653120                                 {product} {ergonomic}
   size_t MinHeapDeltaBytes                        = 524288                                    {product} {ergonomic}
   size_t MinHeapSize                              = 104857600                                 {product} {command line}
   size_t NewSize                                  = 34603008                                  {product} {ergonomic}
    uintx NonNMethodCodeHeapSize                   = 5826188                                {pd product} {ergonomic}
    uintx NonProfiledCodeHeapSize                  = 122916026                              {pd product} {ergonomic}
   size_t OldSize                                  = 70254592                                  {product} {ergonomic}
    uintx ProfiledCodeHeapSize                     = 122916026                              {pd product} {ergonomic}
    uintx ReservedCodeCacheSize                    = 251658240                              {pd product} {ergonomic}
     bool SegmentedCodeCache                       = true                                      {product} {ergonomic}
   size_t SoftMaxHeapSize                          = 2147483648                             {manageable} {ergonomic}
     bool UseCompressedOops                        = true                           {product lp64_product} {ergonomic}
     bool UseLargePagesIndividualAllocation        = false                                  {pd product} {ergonomic}
     bool UseParallelGC                            = true                                      {product} {command line}

Logging:
Log output configuration:
 #0: stdout all=off uptime,level,tags foldmultilines=false
 #1: stderr all=off uptime,level,tags foldmultilines=false

Release file:
JAVA_VERSION="21.0.10" 
MODULES="java.base java.compiler java.datatransfer java.xml java.prefs java.desktop java.instrument java.logging java.management java.security.sasl java.naming java.rmi java.management.rmi java.net.http java.scripting java.security.jgss java.transaction.xa java.sql java.sql.rowset java.xml.crypto java.se java.smartcardio jdk.accessibility jdk.internal.jvmstat jdk.attach jdk.charsets jdk.internal.opt jdk.zipfs jdk.compiler jdk.crypto.ec jdk.crypto.cryptoki jdk.crypto.mscapi jdk.dynalink jdk.internal.ed jdk.editpad jdk.hotspot.agent jdk.httpserver jdk.internal.le jdk.internal.vm.ci jdk.internal.vm.compiler jdk.internal.vm.compiler.management jdk.jartool jdk.javadoc jdk.jcmd jdk.management jdk.management.agent jdk.jconsole jdk.jdeps jdk.jdwp.agent jdk.jdi jdk.jfr jdk.jshell jdk.jsobject jdk.jstatd jdk.localedata jdk.management.jfr jdk.naming.dns jdk.naming.rmi jdk.net jdk.nio.mapmode jdk.random jdk.sctp jdk.security.auth jdk.security.jgss jdk.unsupported jdk.unsupported.desktop jdk.xml.dom" 

Environment Variables:
JAVA_HOME=C:\Program Files\jdk-21.0.11
PATH=C:\WINDOWS\system32;C:\WINDOWS;C:\WINDOWS\System32\Wbem;C:\WINDOWS\System32\WindowsPowerShell\v1.0\;C:\WINDOWS\System32\OpenSSH\;C:\Program Files\nodejs\;C:\Program Files\Git\cmd;C:\Program Files\apache-maven-3.9.16-bin\apache-maven-3.9.16\bin;C:\Program Files\jdk-21.0.11\bin;C:\Program Files\PostgreSQL\18\bin;C:\Users\ajani\AppData\Local\Microsoft\WindowsApps;C:\Users\ajani\AppData\Local\Programs\Microsoft VS Code\bin;C:\Users\ajani\AppData\Roaming\npm
USERNAME=ajani
OS=Windows_NT
PROCESSOR_IDENTIFIER=Intel64 Family 6 Model 122 Stepping 1, GenuineIntel
TMP=C:\Users\ajani\AppData\Local\Temp
TEMP=C:\Users\ajani\AppData\Local\Temp




Periodic native trim disabled

---------------  S Y S T E M  ---------------

OS:
 Windows 11 , 64 bit Build 26100 (10.0.26100.7623)
OS uptime: 0 days 13:09 hours

CPU: total 2 (initial active 2) (2 cores per cpu, 1 threads per core) family 6 model 122 stepping 1 microcode 0x34, cx8, cmov, fxsr, mmx, 3dnowpref, sse, sse2, sse3, ssse3, sse4.1, sse4.2, popcnt, tsc, tscinvbit, aes, erms, clmul, sha, clflush, clflushopt, rdtscp, rdpid
Processor Information for the first 2 processors :
  Max Mhz: 1101, Current Mhz: 1101, Mhz Limit: 1101

Memory: 4k page, system-wide physical 3911M (461M free)
TotalPageFile size 11255M (AvailPageFile size 4M)
current process WorkingSet (physical memory assigned to process): 325M, peak: 361M
current process commit charge ("private bytes"): 382M, peak: 414M

vm_info: OpenJDK 64-Bit Server VM (21.0.10+7-LTS) for windows-amd64 JRE (21.0.10+7-LTS), built on 2026-01-20T00:00:00Z by "admin" with MS VC++ 17.12 (VS2022)

END.
