#
# There is insufficient memory for the Java Runtime Environment to continue.
# Native memory allocation (malloc) failed to allocate 482080 bytes. Error detail: Chunk::new
# Possible reasons:
#   The system is out of physical RAM or swap space
#   This process is running with CompressedOops enabled, and the Java Heap may be blocking the growth of the native heap
# Possible solutions:
#   Reduce memory load on the system
#   Increase physical memory or swap space
#   Check if swap backing store is full
#   Decrease Java heap size (-Xmx/-Xms)
#   Decrease number of Java threads
#   Decrease Java thread stack sizes (-Xss)
#   Set larger code cache with -XX:ReservedCodeCacheSize=
#   JVM is running with Unscaled Compressed Oops mode in which the Java heap is
#     placed in the first 4GB address space. The Java Heap base address is the
#     maximum limit for the native heap growth. Please use -XX:HeapBaseMinAddress
#     to set the Java Heap base and to place the Java Heap above 4GB virtual address.
# This output file may be truncated or incomplete.
#
#  Out of Memory Error (arena.cpp:168), pid=10964, tid=17896
#
# JRE version: OpenJDK Runtime Environment Temurin-21.0.10+7 (21.0.10+7) (build 21.0.10+7-LTS)
# Java VM: OpenJDK 64-Bit Server VM Temurin-21.0.10+7 (21.0.10+7-LTS, mixed mode, sharing, tiered, compressed oops, compressed class ptrs, parallel gc, windows-amd64)
# No core dump will be written. Minidumps are not enabled by default on client versions of Windows
#

---------------  S U M M A R Y ------------

Command Line: --add-modules=ALL-SYSTEM --add-opens=java.base/java.util=ALL-UNNAMED --add-opens=java.base/java.lang=ALL-UNNAMED --add-opens=java.base/sun.nio.fs=ALL-UNNAMED -Declipse.application=org.eclipse.jdt.ls.core.id1 -Dosgi.bundles.defaultStartLevel=4 -Declipse.product=org.eclipse.jdt.ls.core.product -Djava.import.generatesMetadataFilesAtProjectRoot=false -DDetectVMInstallationsJob.disabled=true -Dfile.encoding=utf8 -XX:+UseParallelGC -XX:GCTimeRatio=4 -XX:AdaptiveSizePolicyWeight=90 -Dsun.zip.disableMemoryMapping=true -Xmx2G -Xms100m -Xlog:disable -javaagent:c:\Users\ajani\.vscode\extensions\redhat.java-1.54.0-win32-x64\lombok\lombok-1.18.39-4050.jar c:\Users\ajani\.vscode\extensions\redhat.java-1.54.0-win32-x64\server\plugins\org.eclipse.equinox.launcher_1.7.100.v20251111-0406.jar -configuration c:\Users\ajani\AppData\Roaming\Code\User\globalStorage\redhat.java\1.54.0\config_ss_win -data c:\Users\ajani\AppData\Roaming\Code\User\workspaceStorage\a114b080c051d0f1d1a0b43b3d7ccec4\redhat.java\ss_ws --pipe=\\.\pipe\lsp-eb91a00cae8ad0506973526774f1cb74-sock

Host: Intel(R) Celeron(R) N4000 CPU @ 1.10GHz, 2 cores, 3G,  Windows 11 , 64 bit Build 26100 (10.0.26100.7623)
Time: Sat Jun  6 11:59:31 2026 W. Central Africa Standard Time elapsed time: 8.176504 seconds (0d 0h 0m 8s)

---------------  T H R E A D  ---------------

Current thread (0x00000269c27d2f20):  JavaThread "C2 CompilerThread0" daemon [_thread_in_native, id=17896, stack(0x000000c517600000,0x000000c517700000) (1024K)]


Current CompileTask:
C2:8176 1047   !   4       java.util.jar.Attributes::read (494 bytes)

Stack: [0x000000c517600000,0x000000c517700000]
Native frames: (J=compiled Java code, j=interpreted, Vv=VM code, C=native code)
V  [jvm.dll+0x6d7a39]
V  [jvm.dll+0x8b4b26]
V  [jvm.dll+0x8b70de]
V  [jvm.dll+0x8b77c3]
V  [jvm.dll+0x284346]
V  [jvm.dll+0xc66ed]
V  [jvm.dll+0xc6c31]
V  [jvm.dll+0x3bec3b]
V  [jvm.dll+0x38b162]
V  [jvm.dll+0x38a5aa]
V  [jvm.dll+0x24c560]
V  [jvm.dll+0x24bb40]
V  [jvm.dll+0x1cb34e]
V  [jvm.dll+0x25b85d]
V  [jvm.dll+0x259dea]
V  [jvm.dll+0x3f857e]
V  [jvm.dll+0x85f59d]
V  [jvm.dll+0x6d626d]
C  [ucrtbase.dll+0x37b0]
C  [KERNEL32.DLL+0x2e8d7]
C  [ntdll.dll+0x8c53c]


---------------  P R O C E S S  ---------------

Threads class SMR info:
_java_thread_list=0x00000269d9a7b890, length=11, elements={
0x00000269c2919c40, 0x00000269c27c5af0, 0x00000269c27c9310, 0x00000269c27cd910,
0x00000269c27d0620, 0x00000269c27ce890, 0x00000269c27cf2f0, 0x00000269c27d2f20,
0x00000269c27fe370, 0x00000269d9996820, 0x00000269d9a75b90
}

Java Threads: ( => current thread )
  0x00000269c2919c40 JavaThread "main"                              [_thread_in_vm, id=8460, stack(0x000000c516c00000,0x000000c516d00000) (1024K)]
  0x00000269c27c5af0 JavaThread "Reference Handler"          daemon [_thread_blocked, id=11636, stack(0x000000c517000000,0x000000c517100000) (1024K)]
  0x00000269c27c9310 JavaThread "Finalizer"                  daemon [_thread_blocked, id=11576, stack(0x000000c517100000,0x000000c517200000) (1024K)]
  0x00000269c27cd910 JavaThread "Signal Dispatcher"          daemon [_thread_blocked, id=1984, stack(0x000000c517200000,0x000000c517300000) (1024K)]
  0x00000269c27d0620 JavaThread "Attach Listener"            daemon [_thread_blocked, id=9856, stack(0x000000c517300000,0x000000c517400000) (1024K)]
  0x00000269c27ce890 JavaThread "Service Thread"             daemon [_thread_blocked, id=10908, stack(0x000000c517400000,0x000000c517500000) (1024K)]
  0x00000269c27cf2f0 JavaThread "Monitor Deflation Thread"   daemon [_thread_blocked, id=18092, stack(0x000000c517500000,0x000000c517600000) (1024K)]
=>0x00000269c27d2f20 JavaThread "C2 CompilerThread0"         daemon [_thread_in_native, id=17896, stack(0x000000c517600000,0x000000c517700000) (1024K)]
  0x00000269c27fe370 JavaThread "C1 CompilerThread0"         daemon [_thread_blocked, id=11348, stack(0x000000c517700000,0x000000c517800000) (1024K)]
  0x00000269d9996820 JavaThread "Common-Cleaner"             daemon [_thread_blocked, id=1988, stack(0x000000c517800000,0x000000c517900000) (1024K)]
  0x00000269d9a75b90 JavaThread "Notification Thread"        daemon [_thread_blocked, id=2908, stack(0x000000c517900000,0x000000c517a00000) (1024K)]
Total: 11

Other Threads:
  0x00000269c29dbb60 VMThread "VM Thread"                           [id=10364, stack(0x000000c516f00000,0x000000c517000000) (1024K)]
  0x00000269c27acb00 WatcherThread "VM Periodic Task Thread"        [id=17656, stack(0x000000c516e00000,0x000000c516f00000) (1024K)]
  0x00000269c2937680 WorkerThread "GC Thread#0"                     [id=5368, stack(0x000000c516d00000,0x000000c516e00000) (1024K)]
Total: 3

Threads with active compile tasks:
C2 CompilerThread0  8262 1047   !   4       java.util.jar.Attributes::read (494 bytes)
Total: 1

VM state: not at safepoint (normal execution)

VM Mutex/Monitor currently owned by a thread:  ([mutex/lock_event])
[0x00007ffaeed9c4e0] Metaspace_lock - owner thread: 0x00000269c2919c40

Heap address: 0x0000000080000000, size: 2048 MB, Compressed Oops mode: 32-bit

CDS archive(s) mapped at: [0x00000269da000000-0x00000269daba0000-0x00000269daba0000), size 12189696, SharedBaseAddress: 0x00000269da000000, ArchiveRelocationMode: 1.
Compressed class space mapped at: 0x00000269db000000-0x0000026a1b000000, reserved size: 1073741824
Narrow klass base: 0x00000269da000000, Narrow klass shift: 0, Narrow klass range: 0x100000000

GC Precious Log:
 CardTable entry size: 512
 CPUs: 2 total, 2 available
 Memory: 3911M
 Large Page Support: Disabled
 NUMA Support: Disabled
 Compressed Oops: Enabled (32-bit)
 Alignments: Space 512K, Generation 512K, Heap 2M
 Heap Min Capacity: 100M
 Heap Initial Capacity: 100M
 Heap Max Capacity: 2G
 Pre-touch: Disabled
 Parallel Workers: 2

Heap:
 PSYoungGen      total 29696K, used 25339K [0x00000000d5580000, 0x00000000d7680000, 0x0000000100000000)
  eden space 25600K, 98% used [0x00000000d5580000,0x00000000d6e3efa0,0x00000000d6e80000)
  from space 4096K, 0% used [0x00000000d7280000,0x00000000d7280000,0x00000000d7680000)
  to   space 4096K, 0% used [0x00000000d6e80000,0x00000000d6e80000,0x00000000d7280000)
 ParOldGen       total 68608K, used 0K [0x0000000080000000, 0x0000000084300000, 0x00000000d5580000)
  object space 68608K, 0% used [0x0000000080000000,0x0000000080000000,0x0000000084300000)
 Metaspace       used 4303K, committed 4544K, reserved 1114112K
  class space    used 470K, committed 576K, reserved 1048576K

Card table byte_map: [0x00000269c22c0000,0x00000269c26d0000] _byte_map_base: 0x00000269c1ec0000

Marking Bits: (ParMarkBitMap*) 0x00007ffaeeda3450
 Begin Bits: [0x00000269d4dd0000, 0x00000269d6dd0000)
 End Bits:   [0x00000269d6dd0000, 0x00000269d8dd0000)

Polling page: 0x00000269c0720000

Metaspace:

Usage:
  Non-class:      3.74 MB used.
      Class:    470.34 KB used.
       Both:      4.20 MB used.

Virtual space:
  Non-class space:       64.00 MB reserved,       3.88 MB (  6%) committed,  1 nodes.
      Class space:        1.00 GB reserved,     576.00 KB ( <1%) committed,  1 nodes.
             Both:        1.06 GB reserved,       4.44 MB ( <1%) committed. 

Chunk freelists:
   Non-Class:  11.17 MB
       Class:  15.44 MB
        Both:  26.61 MB

MaxMetaspaceSize: unlimited
CompressedClassSpaceSize: 1.00 GB
Initial GC threshold: 21.00 MB
Current GC threshold: 21.00 MB
CDS: on
 - commit_granule_bytes: 65536.
 - commit_granule_words: 8192.
 - virtual_space_node_default_size: 8388608.
 - enlarge_chunks_in_place: 1.
 - use_allocation_guard: 0.


Internal statistics:

num_allocs_failed_limit: 0.
num_arena_births: 184.
num_arena_deaths: 0.
num_vsnodes_births: 2.
num_vsnodes_deaths: 0.
num_space_committed: 71.
num_space_uncommitted: 0.
num_chunks_returned_to_freelist: 0.
num_chunks_taken_from_freelist: 249.
num_chunk_merges: 0.
num_chunk_splits: 159.
num_chunks_enlarged: 90.
num_inconsistent_stats: 0.

CodeHeap 'non-profiled nmethods': size=120064Kb used=407Kb max_used=407Kb free=119656Kb
 bounds [0x00000269cd5e0000, 0x00000269cd850000, 0x00000269d4b20000]
CodeHeap 'profiled nmethods': size=120000Kb used=1753Kb max_used=1753Kb free=118246Kb
 bounds [0x00000269c5b20000, 0x00000269c5d90000, 0x00000269cd050000]
CodeHeap 'non-nmethods': size=5696Kb used=1188Kb max_used=1204Kb free=4507Kb
 bounds [0x00000269cd050000, 0x00000269cd2c0000, 0x00000269cd5e0000]
CodeCache: size=245760Kb, used=3348Kb, max_used=3364Kb, free=242409Kb
 total_blobs=1531, nmethods=1081, adapters=358, full_count=0
Compilation: enabled, stopped_count=0, restarted_count=0

Compilation events (20 events):
Event: 8.081 Thread 0x00000269c27fe370 1075       3       jdk.internal.util.ArraysSupport::mismatch (73 bytes)
Event: 8.081 Thread 0x00000269c27fe370 nmethod 1075 0x00000269c5ccfc90 code [0x00000269c5ccfe80, 0x00000269c5cd0270]
Event: 8.083 Thread 0x00000269c27fe370 1076       3       java.lang.invoke.DirectMethodHandle::allocateInstance (16 bytes)
Event: 8.083 Thread 0x00000269c27fe370 nmethod 1076 0x00000269c5cd0490 code [0x00000269c5cd0640, 0x00000269c5cd0868]
Event: 8.083 Thread 0x00000269c27fe370 1077       3       java.lang.invoke.DirectMethodHandle::constructorMethod (10 bytes)
Event: 8.084 Thread 0x00000269c27fe370 nmethod 1077 0x00000269c5cd0990 code [0x00000269c5cd0b40, 0x00000269c5cd0d28]
Event: 8.087 Thread 0x00000269c27fe370 1078       3       java.util.regex.ASCII::toLower (16 bytes)
Event: 8.088 Thread 0x00000269c27fe370 nmethod 1078 0x00000269c5cd0e10 code [0x00000269c5cd0fc0, 0x00000269c5cd11b0]
Event: 8.088 Thread 0x00000269c27fe370 1079       3       java.util.regex.ASCII::isUpper (18 bytes)
Event: 8.088 Thread 0x00000269c27fe370 nmethod 1079 0x00000269c5cd1290 code [0x00000269c5cd1420, 0x00000269c5cd1570]
Event: 8.093 Thread 0x00000269c27fe370 1080       3       java.util.ArrayList::<init> (61 bytes)
Event: 8.094 Thread 0x00000269c27fe370 nmethod 1080 0x00000269c5cd1610 code [0x00000269c5cd1860, 0x00000269c5cd20a8]
Event: 8.095 Thread 0x00000269c27fe370 1081       3       org.eclipse.osgi.internal.util.Tokenizer::skipWhiteSpace (58 bytes)
Event: 8.095 Thread 0x00000269c27fe370 nmethod 1081 0x00000269c5cd2390 code [0x00000269c5cd2540, 0x00000269c5cd27f0]
Event: 8.096 Thread 0x00000269c27fe370 1082       1       java.util.concurrent.locks.AbstractOwnableSynchronizer::setExclusiveOwnerThread (6 bytes)
Event: 8.096 Thread 0x00000269c27fe370 nmethod 1082 0x00000269cd645890 code [0x00000269cd645a20, 0x00000269cd645b00]
Event: 8.096 Thread 0x00000269c27fe370 1083       3       java.util.AbstractCollection::addAll (42 bytes)
Event: 8.096 Thread 0x00000269c27fe370 nmethod 1083 0x00000269c5cd2910 code [0x00000269c5cd2b00, 0x00000269c5cd3020]
Event: 8.098 Thread 0x00000269c27fe370 1084       3       java.lang.StringLatin1::inflate (34 bytes)
Event: 8.098 Thread 0x00000269c27fe370 nmethod 1084 0x00000269c5cd3190 code [0x00000269c5cd3340, 0x00000269c5cd3540]

GC Heap History (0 events):
No events

Dll operation events (8 events):
Event: 0.034 Loaded shared library c:\Users\ajani\.vscode\extensions\redhat.java-1.54.0-win32-x64\jre\21.0.10-win32-x86_64\bin\java.dll
Event: 0.723 Loaded shared library c:\Users\ajani\.vscode\extensions\redhat.java-1.54.0-win32-x64\jre\21.0.10-win32-x86_64\bin\zip.dll
Event: 1.337 Loaded shared library C:\Users\ajani\.vscode\extensions\redhat.java-1.54.0-win32-x64\jre\21.0.10-win32-x86_64\bin\instrument.dll
Event: 1.358 Loaded shared library C:\Users\ajani\.vscode\extensions\redhat.java-1.54.0-win32-x64\jre\21.0.10-win32-x86_64\bin\net.dll
Event: 1.385 Loaded shared library C:\Users\ajani\.vscode\extensions\redhat.java-1.54.0-win32-x64\jre\21.0.10-win32-x86_64\bin\nio.dll
Event: 1.435 Loaded shared library C:\Users\ajani\.vscode\extensions\redhat.java-1.54.0-win32-x64\jre\21.0.10-win32-x86_64\bin\zip.dll
Event: 1.984 Loaded shared library C:\Users\ajani\.vscode\extensions\redhat.java-1.54.0-win32-x64\jre\21.0.10-win32-x86_64\bin\jimage.dll
Event: 3.729 Loaded shared library c:\Users\ajani\.vscode\extensions\redhat.java-1.54.0-win32-x64\jre\21.0.10-win32-x86_64\bin\verify.dll

Deoptimization events (20 events):
Event: 8.048 Thread 0x00000269c2919c40 DEOPT PACKING pc=0x00000269c5c962b1 sp=0x000000c516cfe330
Event: 8.048 Thread 0x00000269c2919c40 DEOPT UNPACKING pc=0x00000269cd0a4223 sp=0x000000c516cfd7a8 mode 0
Event: 8.048 Thread 0x00000269c2919c40 DEOPT PACKING pc=0x00000269c5c962b1 sp=0x000000c516cfe330
Event: 8.048 Thread 0x00000269c2919c40 DEOPT UNPACKING pc=0x00000269cd0a4223 sp=0x000000c516cfd7a8 mode 0
Event: 8.048 Thread 0x00000269c2919c40 DEOPT PACKING pc=0x00000269c5c962b1 sp=0x000000c516cfe330
Event: 8.048 Thread 0x00000269c2919c40 DEOPT UNPACKING pc=0x00000269cd0a4223 sp=0x000000c516cfd7a8 mode 0
Event: 8.048 Thread 0x00000269c2919c40 DEOPT PACKING pc=0x00000269c5c962b1 sp=0x000000c516cfe330
Event: 8.048 Thread 0x00000269c2919c40 DEOPT UNPACKING pc=0x00000269cd0a4223 sp=0x000000c516cfd7a8 mode 0
Event: 8.049 Thread 0x00000269c2919c40 DEOPT PACKING pc=0x00000269c5c962b1 sp=0x000000c516cfe330
Event: 8.049 Thread 0x00000269c2919c40 DEOPT UNPACKING pc=0x00000269cd0a4223 sp=0x000000c516cfd7a8 mode 0
Event: 8.049 Thread 0x00000269c2919c40 DEOPT PACKING pc=0x00000269c5c962b1 sp=0x000000c516cfe330
Event: 8.049 Thread 0x00000269c2919c40 DEOPT UNPACKING pc=0x00000269cd0a4223 sp=0x000000c516cfd7a8 mode 0
Event: 8.049 Thread 0x00000269c2919c40 DEOPT PACKING pc=0x00000269c5c962b1 sp=0x000000c516cfe330
Event: 8.049 Thread 0x00000269c2919c40 DEOPT UNPACKING pc=0x00000269cd0a4223 sp=0x000000c516cfd7a8 mode 0
Event: 8.049 Thread 0x00000269c2919c40 DEOPT PACKING pc=0x00000269c5c962b1 sp=0x000000c516cfe330
Event: 8.050 Thread 0x00000269c2919c40 DEOPT UNPACKING pc=0x00000269cd0a4223 sp=0x000000c516cfd7a8 mode 0
Event: 8.050 Thread 0x00000269c2919c40 DEOPT PACKING pc=0x00000269c5c962b1 sp=0x000000c516cfe330
Event: 8.050 Thread 0x00000269c2919c40 DEOPT UNPACKING pc=0x00000269cd0a4223 sp=0x000000c516cfd7a8 mode 0
Event: 8.051 Thread 0x00000269c2919c40 DEOPT PACKING pc=0x00000269c5c962b1 sp=0x000000c516cfe330
Event: 8.051 Thread 0x00000269c2919c40 DEOPT UNPACKING pc=0x00000269cd0a4223 sp=0x000000c516cfd7a8 mode 0

Classes loaded (20 events):
Event: 8.056 Loading class jdk/internal/logger/LazyLoggers$LazyLoggerAccessor
Event: 8.056 Loading class jdk/internal/logger/LazyLoggers$LoggerAccessor
Event: 8.056 Loading class jdk/internal/logger/LazyLoggers$LoggerAccessor done
Event: 8.056 Loading class jdk/internal/logger/LazyLoggers$LazyLoggerAccessor done
Event: 8.057 Loading class jdk/internal/logger/SurrogateLogger
Event: 8.057 Loading class jdk/internal/logger/SimpleConsoleLogger
Event: 8.057 Loading class sun/util/logging/PlatformLogger$ConfigurableBridge$LoggerConfiguration
Event: 8.057 Loading class sun/util/logging/PlatformLogger$ConfigurableBridge$LoggerConfiguration done
Event: 8.057 Loading class jdk/internal/logger/SimpleConsoleLogger done
Event: 8.057 Loading class jdk/internal/logger/SurrogateLogger done
Event: 8.058 Loading class sun/util/logging/PlatformLogger
Event: 8.058 Loading class sun/util/logging/PlatformLogger done
Event: 8.058 Loading class sun/util/logging/PlatformLogger$Level
Event: 8.059 Loading class sun/util/logging/PlatformLogger$Level done
Event: 8.084 Loading class java/io/BufferedReader
Event: 8.084 Loading class java/io/BufferedReader done
Event: 8.085 Loading class sun/nio/cs/StreamDecoder
Event: 8.085 Loading class sun/nio/cs/StreamDecoder done
Event: 8.085 Loading class sun/nio/cs/UTF_8$Decoder
Event: 8.085 Loading class sun/nio/cs/UTF_8$Decoder done

Classes unloaded (0 events):
No events

Classes redefined (0 events):
No events

Internal exceptions (20 events):
Event: 3.129 Thread 0x00000269c2919c40 Exception <a 'java/lang/NoSuchMethodError'{0x00000000d59f8a10}: 'int java.lang.invoke.DirectMethodHandle$Holder.invokeSpecial(java.lang.Object, java.lang.Object, java.lang.Object)'> (0x00000000d59f8a10) 
thrown [s\src\hotspot\share\interpreter\linkResolver.cpp, line 773]
Event: 3.230 Thread 0x00000269c2919c40 Exception <a 'java/lang/NoSuchMethodError'{0x00000000d5a046d0}: 'java.lang.Object java.lang.invoke.DirectMethodHandle$Holder.invokeStatic(java.lang.Object, java.lang.Object, int)'> (0x00000000d5a046d0) 
thrown [s\src\hotspot\share\interpreter\linkResolver.cpp, line 773]
Event: 3.259 Thread 0x00000269c2919c40 Exception <a 'java/lang/NoSuchMethodError'{0x00000000d5a09020}: 'void java.lang.invoke.DirectMethodHandle$Holder.invokeStatic(java.lang.Object, java.lang.Object, int, java.lang.Object)'> (0x00000000d5a09020) 
thrown [s\src\hotspot\share\interpreter\linkResolver.cpp, line 773]
Event: 3.268 Thread 0x00000269c2919c40 Exception <a 'java/lang/NoSuchMethodError'{0x00000000d5a0cbb0}: 'void java.lang.invoke.DirectMethodHandle$Holder.invokeSpecial(java.lang.Object, java.lang.Object, java.lang.Object, int, java.lang.Object)'> (0x00000000d5a0cbb0) 
thrown [s\src\hotspot\share\interpreter\linkResolver.cpp, line 773]
Event: 3.331 Thread 0x00000269c2919c40 Exception <a 'java/lang/NoSuchMethodError'{0x00000000d5a10020}: 'void java.lang.invoke.DelegatingMethodHandle$Holder.delegate(java.lang.Object, java.lang.Object, int, java.lang.Object)'> (0x00000000d5a10020) 
thrown [s\src\hotspot\share\interpreter\linkResolver.cpp, line 773]
Event: 3.861 Thread 0x00000269c2919c40 Exception <a 'java/lang/NoSuchMethodError'{0x00000000d5bd0380}: 'void java.lang.invoke.DelegatingMethodHandle$Holder.reinvoke_L(java.lang.Object, java.lang.Object, java.lang.Object, int)'> (0x00000000d5bd0380) 
thrown [s\src\hotspot\share\interpreter\linkResolver.cpp, line 773]
Event: 6.361 Thread 0x00000269c2919c40 Exception <a 'java/lang/NoSuchMethodError'{0x00000000d605c4b8}: 'void java.lang.invoke.DirectMethodHandle$Holder.invokeVirtual(java.lang.Object, java.lang.Object)'> (0x00000000d605c4b8) 
thrown [s\src\hotspot\share\interpreter\linkResolver.cpp, line 773]
Event: 7.047 Thread 0x00000269c2919c40 Exception <a 'java/lang/NoSuchMethodError'{0x00000000d6430330}: 'void java.lang.invoke.DirectMethodHandle$Holder.invokeStatic(java.lang.Object, java.lang.Object)'> (0x00000000d6430330) 
thrown [s\src\hotspot\share\interpreter\linkResolver.cpp, line 773]
Event: 7.366 Thread 0x00000269c2919c40 Exception <a 'java/lang/ClassNotFoundException'{0x00000000d6455d28}: sun/net/www/protocol/c/Handler> (0x00000000d6455d28) 
thrown [s\src\hotspot\share\classfile\systemDictionary.cpp, line 312]
Event: 7.441 Thread 0x00000269c2919c40 Exception <a 'java/io/FileNotFoundException'{0x00000000d64b2de0}> (0x00000000d64b2de0) 
thrown [s\src\hotspot\share\prims\jni.cpp, line 520]
Event: 7.442 Thread 0x00000269c2919c40 Exception <a 'java/io/FileNotFoundException'{0x00000000d64b4108}> (0x00000000d64b4108) 
thrown [s\src\hotspot\share\prims\jni.cpp, line 520]
Event: 7.442 Thread 0x00000269c2919c40 Exception <a 'java/io/FileNotFoundException'{0x00000000d64b4d80}> (0x00000000d64b4d80) 
thrown [s\src\hotspot\share\prims\jni.cpp, line 520]
Event: 7.443 Thread 0x00000269c2919c40 Exception <a 'java/io/FileNotFoundException'{0x00000000d64b58c0}> (0x00000000d64b58c0) 
thrown [s\src\hotspot\share\prims\jni.cpp, line 520]
Event: 7.464 Thread 0x00000269c2919c40 Implicit null exception at 0x00000269cd611324 to 0x00000269cd61180c
Event: 7.529 Thread 0x00000269c2919c40 Exception <a 'java/io/FileNotFoundException'{0x00000000d64edd10}> (0x00000000d64edd10) 
thrown [s\src\hotspot\share\prims\jni.cpp, line 520]
Event: 7.553 Thread 0x00000269c2919c40 Exception <a 'java/lang/NoSuchMethodError'{0x00000000d6527168}: 'java.lang.Object java.lang.invoke.DirectMethodHandle$Holder.invokeInterface(java.lang.Object, java.lang.Object)'> (0x00000000d6527168) 
thrown [s\src\hotspot\share\interpreter\linkResolver.cpp, line 773]
Event: 7.560 Thread 0x00000269c2919c40 Exception <a 'java/lang/NoSuchMethodError'{0x00000000d653a960}: 'java.lang.Object java.lang.invoke.Invokers$Holder.invokeExact_MT(java.lang.Object, java.lang.Object, java.lang.Object, java.lang.Object, java.lang.Object, java.lang.Object)'> (0x00000000d653a960) 
thrown [s\src\hotspot\share\interpreter\linkResolver.cpp, line 773]
Event: 7.570 Thread 0x00000269c2919c40 Exception <a 'java/lang/NoSuchMethodError'{0x00000000d6551a38}: 'int java.lang.invoke.DirectMethodHandle$Holder.invokeStatic(java.lang.Object, java.lang.Object, java.lang.Object, java.lang.Object, java.lang.Object)'> (0x00000000d6551a38) 
thrown [s\src\hotspot\share\interpreter\linkResolver.cpp, line 773]
Event: 7.609 Thread 0x00000269c2919c40 Exception <a 'java/lang/NoSuchMethodError'{0x00000000d65e51b0}: 'java.lang.Object java.lang.invoke.DirectMethodHandle$Holder.invokeInterface(java.lang.Object, java.lang.Object, int)'> (0x00000000d65e51b0) 
thrown [s\src\hotspot\share\interpreter\linkResolver.cpp, line 773]
Event: 7.849 Thread 0x00000269c2919c40 Exception <a 'java/lang/NoSuchMethodError'{0x00000000d6a4c8d0}: 'java.lang.ClassLoader java.lang.ClassLoader.getPlatformClassLoader(java.lang.Class)'> (0x00000000d6a4c8d0) 
thrown [s\src\hotspot\share\interpreter\linkResolver.cpp, line 773]

ZGC Phase Switch (0 events):
No events

VM Operations (20 events):
Event: 0.611 Executing non-safepoint VM operation: HandshakeAllThreads (Deoptimize)
Event: 0.611 Executing non-safepoint VM operation: HandshakeAllThreads (Deoptimize) done
Event: 1.621 Executing safepoint VM operation: Cleanup
Event: 1.637 Executing safepoint VM operation: Cleanup done
Event: 2.449 Executing non-safepoint VM operation: HandshakeAllThreads (Deoptimize)
Event: 2.449 Executing non-safepoint VM operation: HandshakeAllThreads (Deoptimize) done
Event: 3.456 Executing safepoint VM operation: Cleanup
Event: 3.483 Executing safepoint VM operation: Cleanup done
Event: 4.490 Executing safepoint VM operation: Cleanup
Event: 4.776 Executing safepoint VM operation: Cleanup done
Event: 5.782 Executing safepoint VM operation: Cleanup
Event: 5.802 Executing safepoint VM operation: Cleanup done
Event: 6.817 Executing safepoint VM operation: Cleanup
Event: 6.817 Executing safepoint VM operation: Cleanup done
Event: 6.851 Executing non-safepoint VM operation: HandshakeAllThreads (Deoptimize)
Event: 6.851 Executing non-safepoint VM operation: HandshakeAllThreads (Deoptimize) done
Event: 7.038 Executing non-safepoint VM operation: HandshakeAllThreads (Deoptimize)
Event: 7.038 Executing non-safepoint VM operation: HandshakeAllThreads (Deoptimize) done
Event: 8.043 Executing safepoint VM operation: Cleanup
Event: 8.043 Executing safepoint VM operation: Cleanup done

Memory protections (0 events):
No events

Nmethod flushes (0 events):
No events

Events (11 events):
Event: 0.067 Thread 0x00000269c2919c40 Thread added: 0x00000269c2919c40
Event: 0.101 Thread 0x00000269c2919c40 Thread added: 0x00000269c27c5af0
Event: 0.102 Thread 0x00000269c2919c40 Thread added: 0x00000269c27c9310
Event: 0.102 Thread 0x00000269c2919c40 Thread added: 0x00000269c27cd910
Event: 0.102 Thread 0x00000269c2919c40 Thread added: 0x00000269c27d0620
Event: 0.102 Thread 0x00000269c2919c40 Thread added: 0x00000269c27ce890
Event: 0.103 Thread 0x00000269c2919c40 Thread added: 0x00000269c27cf2f0
Event: 0.103 Thread 0x00000269c2919c40 Thread added: 0x00000269c27d2f20
Event: 0.104 Thread 0x00000269c2919c40 Thread added: 0x00000269c27fe370
Event: 1.348 Thread 0x00000269c2919c40 Thread added: 0x00000269d9996820
Event: 5.106 Thread 0x00000269c2919c40 Thread added: 0x00000269d9a75b90


Dynamic libraries:
0x00007ff695190000 - 0x00007ff69519e000 	c:\Users\ajani\.vscode\extensions\redhat.java-1.54.0-win32-x64\jre\21.0.10-win32-x86_64\bin\java.exe
0x00007ffb3f020000 - 0x00007ffb3f287000 	C:\WINDOWS\SYSTEM32\ntdll.dll
0x00007ffb3d7c0000 - 0x00007ffb3d889000 	C:\WINDOWS\System32\KERNEL32.DLL
0x00007ffb3c370000 - 0x00007ffb3c75f000 	C:\WINDOWS\System32\KERNELBASE.dll
0x00007ffb3c220000 - 0x00007ffb3c36b000 	C:\WINDOWS\System32\ucrtbase.dll
0x00007ffb2f560000 - 0x00007ffb2f578000 	c:\Users\ajani\.vscode\extensions\redhat.java-1.54.0-win32-x64\jre\21.0.10-win32-x86_64\bin\jli.dll
0x00007ffb3e9e0000 - 0x00007ffb3eba5000 	C:\WINDOWS\System32\USER32.dll
0x00007ffb3c770000 - 0x00007ffb3c797000 	C:\WINDOWS\System32\win32u.dll
0x00007ffb3d750000 - 0x00007ffb3d77b000 	C:\WINDOWS\System32\GDI32.dll
0x00007ffb3c9d0000 - 0x00007ffb3cafc000 	C:\WINDOWS\System32\gdi32full.dll
0x00007ffb3cb90000 - 0x00007ffb3cc33000 	C:\WINDOWS\System32\msvcp_win.dll
0x00007ffb2e370000 - 0x00007ffb2e38e000 	c:\Users\ajani\.vscode\extensions\redhat.java-1.54.0-win32-x64\jre\21.0.10-win32-x86_64\bin\VCRUNTIME140.dll
0x00007ffb22000000 - 0x00007ffb22293000 	C:\WINDOWS\WinSxS\amd64_microsoft.windows.common-controls_6595b64144ccf1df_6.0.26100.7309_none_3e05feeae336a044\COMCTL32.dll
0x00007ffb3e060000 - 0x00007ffb3e109000 	C:\WINDOWS\System32\msvcrt.dll
0x00007ffb3d780000 - 0x00007ffb3d7b1000 	C:\WINDOWS\System32\IMM32.DLL
0x00007ffb2f6f0000 - 0x00007ffb2f6fc000 	c:\Users\ajani\.vscode\extensions\redhat.java-1.54.0-win32-x64\jre\21.0.10-win32-x86_64\bin\vcruntime140_1.dll
0x00007ffb2c580000 - 0x00007ffb2c60d000 	c:\Users\ajani\.vscode\extensions\redhat.java-1.54.0-win32-x64\jre\21.0.10-win32-x86_64\bin\msvcp140.dll
0x00007ffaee0e0000 - 0x00007ffaeee81000 	c:\Users\ajani\.vscode\extensions\redhat.java-1.54.0-win32-x64\jre\21.0.10-win32-x86_64\bin\server\jvm.dll
0x00007ffb3db10000 - 0x00007ffb3dbc4000 	C:\WINDOWS\System32\ADVAPI32.dll
0x00007ffb3ef30000 - 0x00007ffb3efd6000 	C:\WINDOWS\System32\sechost.dll
0x00007ffb3e8c0000 - 0x00007ffb3e9d8000 	C:\WINDOWS\System32\RPCRT4.dll
0x00007ffb3ec50000 - 0x00007ffb3ecc4000 	C:\WINDOWS\System32\WS2_32.dll
0x00007ffb3bfd0000 - 0x00007ffb3c02e000 	C:\WINDOWS\SYSTEM32\POWRPROF.dll
0x00007ffb14830000 - 0x00007ffb14865000 	C:\WINDOWS\SYSTEM32\WINMM.dll
0x00007ffb2e8e0000 - 0x00007ffb2e8eb000 	C:\WINDOWS\SYSTEM32\VERSION.dll
0x00007ffb3bfb0000 - 0x00007ffb3bfc4000 	C:\WINDOWS\SYSTEM32\UMPDC.dll
0x00007ffb3af20000 - 0x00007ffb3af3b000 	C:\WINDOWS\SYSTEM32\kernel.appcore.dll
0x00007ffb2fa40000 - 0x00007ffb2fa4a000 	c:\Users\ajani\.vscode\extensions\redhat.java-1.54.0-win32-x64\jre\21.0.10-win32-x86_64\bin\jimage.dll
0x00007ffb39a70000 - 0x00007ffb39cb2000 	C:\WINDOWS\SYSTEM32\DBGHELP.DLL
0x00007ffb3cf10000 - 0x00007ffb3d296000 	C:\WINDOWS\System32\combase.dll
0x00007ffb3ee50000 - 0x00007ffb3ef26000 	C:\WINDOWS\System32\OLEAUT32.dll
0x00007ffb06740000 - 0x00007ffb0677c000 	C:\WINDOWS\SYSTEM32\dbgcore.DLL
0x00007ffb3c170000 - 0x00007ffb3c215000 	C:\WINDOWS\System32\bcryptPrimitives.dll
0x00007ffb2f550000 - 0x00007ffb2f55f000 	c:\Users\ajani\.vscode\extensions\redhat.java-1.54.0-win32-x64\jre\21.0.10-win32-x86_64\bin\instrument.dll
0x00007ffb2d110000 - 0x00007ffb2d130000 	c:\Users\ajani\.vscode\extensions\redhat.java-1.54.0-win32-x64\jre\21.0.10-win32-x86_64\bin\java.dll
0x00007ffb3e110000 - 0x00007ffb3e863000 	C:\WINDOWS\System32\SHELL32.dll
0x00007ffb3c860000 - 0x00007ffb3c9ca000 	C:\WINDOWS\System32\wintypes.dll
0x00007ffb39db0000 - 0x00007ffb3a60e000 	C:\WINDOWS\SYSTEM32\windows.storage.dll
0x00007ffb3ecf0000 - 0x00007ffb3ede5000 	C:\WINDOWS\System32\SHCORE.dll
0x00007ffb3d6e0000 - 0x00007ffb3d746000 	C:\WINDOWS\System32\shlwapi.dll
0x00007ffb3c060000 - 0x00007ffb3c089000 	C:\WINDOWS\SYSTEM32\profapi.dll
0x00007ffb2c6d0000 - 0x00007ffb2c6e8000 	c:\Users\ajani\.vscode\extensions\redhat.java-1.54.0-win32-x64\jre\21.0.10-win32-x86_64\bin\zip.dll
0x00007ffb2ebf0000 - 0x00007ffb2ec00000 	C:\Users\ajani\.vscode\extensions\redhat.java-1.54.0-win32-x64\jre\21.0.10-win32-x86_64\bin\net.dll
0x00007ffb2d410000 - 0x00007ffb2d538000 	C:\WINDOWS\SYSTEM32\WINHTTP.dll
0x00007ffb3b490000 - 0x00007ffb3b4fb000 	C:\WINDOWS\system32\mswsock.dll
0x00007ffb2c6b0000 - 0x00007ffb2c6c6000 	C:\Users\ajani\.vscode\extensions\redhat.java-1.54.0-win32-x64\jre\21.0.10-win32-x86_64\bin\nio.dll
0x00007ffb2c6a0000 - 0x00007ffb2c6b0000 	c:\Users\ajani\.vscode\extensions\redhat.java-1.54.0-win32-x64\jre\21.0.10-win32-x86_64\bin\verify.dll

JVMTI agents:
c:\Users\ajani\.vscode\extensions\redhat.java-1.54.0-win32-x64\lombok\lombok-1.18.39-4050.jar path:c:\Users\ajani\.vscode\extensions\redhat.java-1.54.0-win32-x64\jre\21.0.10-win32-x86_64\bin\instrument.dll, loaded, initialized, instrumentlib options:none

dbghelp: loaded successfully - version: 4.0.5 - missing functions: none
symbol engine: initialized successfully - sym options: 0x614 - pdb path: .;c:\Users\ajani\.vscode\extensions\redhat.java-1.54.0-win32-x64\jre\21.0.10-win32-x86_64\bin;C:\WINDOWS\SYSTEM32;C:\WINDOWS\WinSxS\amd64_microsoft.windows.common-controls_6595b64144ccf1df_6.0.26100.7309_none_3e05feeae336a044;c:\Users\ajani\.vscode\extensions\redhat.java-1.54.0-win32-x64\jre\21.0.10-win32-x86_64\bin\server

VM Arguments:
jvm_args: --add-modules=ALL-SYSTEM --add-opens=java.base/java.util=ALL-UNNAMED --add-opens=java.base/java.lang=ALL-UNNAMED --add-opens=java.base/sun.nio.fs=ALL-UNNAMED -Declipse.application=org.eclipse.jdt.ls.core.id1 -Dosgi.bundles.defaultStartLevel=4 -Declipse.product=org.eclipse.jdt.ls.core.product -Djava.import.generatesMetadataFilesAtProjectRoot=false -DDetectVMInstallationsJob.disabled=true -Dfile.encoding=utf8 -XX:+UseParallelGC -XX:GCTimeRatio=4 -XX:AdaptiveSizePolicyWeight=90 -Dsun.zip.disableMemoryMapping=true -Xmx2G -Xms100m -Xlog:disable -javaagent:c:\Users\ajani\.vscode\extensions\redhat.java-1.54.0-win32-x64\lombok\lombok-1.18.39-4050.jar 
java_command: c:\Users\ajani\.vscode\extensions\redhat.java-1.54.0-win32-x64\server\plugins\org.eclipse.equinox.launcher_1.7.100.v20251111-0406.jar -configuration c:\Users\ajani\AppData\Roaming\Code\User\globalStorage\redhat.java\1.54.0\config_ss_win -data c:\Users\ajani\AppData\Roaming\Code\User\workspaceStorage\a114b080c051d0f1d1a0b43b3d7ccec4\redhat.java\ss_ws --pipe=\\.\pipe\lsp-eb91a00cae8ad0506973526774f1cb74-sock
java_class_path (initial): c:\Users\ajani\.vscode\extensions\redhat.java-1.54.0-win32-x64\server\plugins\org.eclipse.equinox.launcher_1.7.100.v20251111-0406.jar
Launcher Type: SUN_STANDARD

[Global flags]
    uintx AdaptiveSizePolicyWeight                 = 90                                        {product} {command line}
     intx CICompilerCount                          = 2                                         {product} {ergonomic}
    uintx GCTimeRatio                              = 4                                         {product} {command line}
   size_t InitialHeapSize                          = 104857600                                 {product} {command line}
   size_t MaxHeapSize                              = 2147483648                                {product} {command line}
   size_t MaxNewSize                               = 715653120                                 {product} {ergonomic}
   size_t MinHeapDeltaBytes                        = 524288                                    {product} {ergonomic}
   size_t MinHeapSize                              = 104857600                                 {product} {command line}
   size_t NewSize                                  = 34603008                                  {product} {ergonomic}
    uintx NonNMethodCodeHeapSize                   = 5826188                                {pd product} {ergonomic}
    uintx NonProfiledCodeHeapSize                  = 122916026                              {pd product} {ergonomic}
   size_t OldSize                                  = 70254592                                  {product} {ergonomic}
    uintx ProfiledCodeHeapSize                     = 122916026                              {pd product} {ergonomic}
    uintx ReservedCodeCacheSize                    = 251658240                              {pd product} {ergonomic}
     bool SegmentedCodeCache                       = true                                      {product} {ergonomic}
   size_t SoftMaxHeapSize                          = 2147483648                             {manageable} {ergonomic}
     bool UseCompressedOops                        = true                           {product lp64_product} {ergonomic}
     bool UseLargePagesIndividualAllocation        = false                                  {pd product} {ergonomic}
     bool UseParallelGC                            = true                                      {product} {command line}

Logging:
Log output configuration:
 #0: stdout all=off uptime,level,tags foldmultilines=false
 #1: stderr all=off uptime,level,tags foldmultilines=false

Release file:
JAVA_VERSION="21.0.10" 
MODULES="java.base java.compiler java.datatransfer java.xml java.prefs java.desktop java.instrument java.logging java.management java.security.sasl java.naming java.rmi java.management.rmi java.net.http java.scripting java.security.jgss java.transaction.xa java.sql java.sql.rowset java.xml.crypto java.se java.smartcardio jdk.accessibility jdk.internal.jvmstat jdk.attach jdk.charsets jdk.internal.opt jdk.zipfs jdk.compiler jdk.crypto.ec jdk.crypto.cryptoki jdk.crypto.mscapi jdk.dynalink jdk.internal.ed jdk.editpad jdk.hotspot.agent jdk.httpserver jdk.internal.le jdk.internal.vm.ci jdk.internal.vm.compiler jdk.internal.vm.compiler.management jdk.jartool jdk.javadoc jdk.jcmd jdk.management jdk.management.agent jdk.jconsole jdk.jdeps jdk.jdwp.agent jdk.jdi jdk.jfr jdk.jshell jdk.jsobject jdk.jstatd jdk.localedata jdk.management.jfr jdk.naming.dns jdk.naming.rmi jdk.net jdk.nio.mapmode jdk.random jdk.sctp jdk.security.auth jdk.security.jgss jdk.unsupported jdk.unsupported.desktop jdk.xml.dom" 

Environment Variables:
JAVA_HOME=C:\Program Files\jdk-21.0.11
PATH=C:\WINDOWS\system32;C:\WINDOWS;C:\WINDOWS\System32\Wbem;C:\WINDOWS\System32\WindowsPowerShell\v1.0\;C:\WINDOWS\System32\OpenSSH\;C:\Program Files\nodejs\;C:\Program Files\Git\cmd;C:\Program Files\apache-maven-3.9.16-bin\apache-maven-3.9.16\bin;C:\Program Files\jdk-21.0.11\bin;C:\Program Files\PostgreSQL\18\bin;C:\Users\ajani\AppData\Local\Microsoft\WindowsApps;C:\Users\ajani\AppData\Local\Programs\Microsoft VS Code\bin;C:\Users\ajani\AppData\Roaming\npm
USERNAME=ajani
OS=Windows_NT
PROCESSOR_IDENTIFIER=Intel64 Family 6 Model 122 Stepping 1, GenuineIntel
TMP=C:\Users\ajani\AppData\Local\Temp
TEMP=C:\Users\ajani\AppData\Local\Temp




Periodic native trim disabled

---------------  S Y S T E M  ---------------

OS:
 Windows 11 , 64 bit Build 26100 (10.0.26100.7623)
OS uptime: 1 days 11:08 hours

CPU: total 2 (initial active 2) (2 cores per cpu, 1 threads per core) family 6 model 122 stepping 1 microcode 0x34, cx8, cmov, fxsr, mmx, 3dnowpref, sse, sse2, sse3, ssse3, sse4.1, sse4.2, popcnt, tsc, tscinvbit, aes, erms, clmul, sha, clflush, clflushopt, rdtscp, rdpid
Processor Information for the first 2 processors :
  Max Mhz: 1101, Current Mhz: 1101, Mhz Limit: 1101

Memory: 4k page, system-wide physical 3911M (864M free)
TotalPageFile size 11255M (AvailPageFile size 0M)
current process WorkingSet (physical memory assigned to process): 72M, peak: 72M
current process commit charge ("private bytes"): 212M, peak: 212M

vm_info: OpenJDK 64-Bit Server VM (21.0.10+7-LTS) for windows-amd64 JRE (21.0.10+7-LTS), built on 2026-01-20T00:00:00Z by "admin" with MS VC++ 17.12 (VS2022)

END.
